<?xml version="1.0" encoding="ISO-8859-1" ?>
<link_info>
   <banner>MSP430 Linker PC v21.6.0.LTS</banner>
   <copyright>Copyright (c) 2003-2018 Texas Instruments Incorporated</copyright>
   <link_time>0x6390d4f3</link_time>
   <link_errors>0x0</link_errors>
   <output_file>uss.out</output_file>
   <entry_point>
      <name>_c_int00_noargs_mpu</name>
      <address>0x928a</address>
   </entry_point>
   <input_file_list>
      <input_file id="fl-2">
         <path>.\</path>
         <kind>object</kind>
         <file>i2c.obj</file>
         <name>i2c.obj</name>
      </input_file>
      <input_file id="fl-3">
         <path>.\</path>
         <kind>object</kind>
         <file>main.obj</file>
         <name>main.obj</name>
      </input_file>
      <input_file id="fl-4">
         <path>.\</path>
         <kind>object</kind>
         <file>temp.obj</file>
         <name>temp.obj</name>
      </input_file>
      <input_file id="fl-a">
         <kind>object</kind>
         <file>&lt;internal&gt;</file>
         <name>&lt;internal&gt;</name>
      </input_file>
      <input_file id="fl-25">
         <path>C:\ti\ccs1210\ccs\tools\compiler\ti-cgt-msp430_21.6.0.LTS\lib\</path>
         <kind>archive</kind>
         <file>rts430x_lc_sd_eabi.lib</file>
         <name>copy_decompress_lzss.c.obj</name>
      </input_file>
      <input_file id="fl-26">
         <path>C:\ti\ccs1210\ccs\tools\compiler\ti-cgt-msp430_21.6.0.LTS\lib\</path>
         <kind>archive</kind>
         <file>rts430x_lc_sd_eabi.lib</file>
         <name>copy_decompress_none.c.obj</name>
      </input_file>
      <input_file id="fl-27">
         <path>C:\ti\ccs1210\ccs\tools\compiler\ti-cgt-msp430_21.6.0.LTS\lib\</path>
         <kind>archive</kind>
         <file>rts430x_lc_sd_eabi.lib</file>
         <name>int20.asm.obj</name>
      </input_file>
      <input_file id="fl-28">
         <path>C:\ti\ccs1210\ccs\tools\compiler\ti-cgt-msp430_21.6.0.LTS\lib\</path>
         <kind>archive</kind>
         <file>rts430x_lc_sd_eabi.lib</file>
         <name>isr_trap.asm.obj</name>
      </input_file>
      <input_file id="fl-29">
         <path>C:\ti\ccs1210\ccs\tools\compiler\ti-cgt-msp430_21.6.0.LTS\lib\</path>
         <kind>archive</kind>
         <file>rts430x_lc_sd_eabi.lib</file>
         <name>int21.asm.obj</name>
      </input_file>
      <input_file id="fl-2a">
         <path>C:\ti\ccs1210\ccs\tools\compiler\ti-cgt-msp430_21.6.0.LTS\lib\</path>
         <kind>archive</kind>
         <file>rts430x_lc_sd_eabi.lib</file>
         <name>int22.asm.obj</name>
      </input_file>
      <input_file id="fl-2b">
         <path>C:\ti\ccs1210\ccs\tools\compiler\ti-cgt-msp430_21.6.0.LTS\lib\</path>
         <kind>archive</kind>
         <file>rts430x_lc_sd_eabi.lib</file>
         <name>int23.asm.obj</name>
      </input_file>
      <input_file id="fl-2c">
         <path>C:\ti\ccs1210\ccs\tools\compiler\ti-cgt-msp430_21.6.0.LTS\lib\</path>
         <kind>archive</kind>
         <file>rts430x_lc_sd_eabi.lib</file>
         <name>int24.asm.obj</name>
      </input_file>
      <input_file id="fl-2d">
         <path>C:\ti\ccs1210\ccs\tools\compiler\ti-cgt-msp430_21.6.0.LTS\lib\</path>
         <kind>archive</kind>
         <file>rts430x_lc_sd_eabi.lib</file>
         <name>int25.asm.obj</name>
      </input_file>
      <input_file id="fl-2e">
         <path>C:\ti\ccs1210\ccs\tools\compiler\ti-cgt-msp430_21.6.0.LTS\lib\</path>
         <kind>archive</kind>
         <file>rts430x_lc_sd_eabi.lib</file>
         <name>int26.asm.obj</name>
      </input_file>
      <input_file id="fl-2f">
         <path>C:\ti\ccs1210\ccs\tools\compiler\ti-cgt-msp430_21.6.0.LTS\lib\</path>
         <kind>archive</kind>
         <file>rts430x_lc_sd_eabi.lib</file>
         <name>int27.asm.obj</name>
      </input_file>
      <input_file id="fl-30">
         <path>C:\ti\ccs1210\ccs\tools\compiler\ti-cgt-msp430_21.6.0.LTS\lib\</path>
         <kind>archive</kind>
         <file>rts430x_lc_sd_eabi.lib</file>
         <name>int29.asm.obj</name>
      </input_file>
      <input_file id="fl-31">
         <path>C:\ti\ccs1210\ccs\tools\compiler\ti-cgt-msp430_21.6.0.LTS\lib\</path>
         <kind>archive</kind>
         <file>rts430x_lc_sd_eabi.lib</file>
         <name>int30.asm.obj</name>
      </input_file>
      <input_file id="fl-32">
         <path>C:\ti\ccs1210\ccs\tools\compiler\ti-cgt-msp430_21.6.0.LTS\lib\</path>
         <kind>archive</kind>
         <file>rts430x_lc_sd_eabi.lib</file>
         <name>int31.asm.obj</name>
      </input_file>
      <input_file id="fl-33">
         <path>C:\ti\ccs1210\ccs\tools\compiler\ti-cgt-msp430_21.6.0.LTS\lib\</path>
         <kind>archive</kind>
         <file>rts430x_lc_sd_eabi.lib</file>
         <name>int32.asm.obj</name>
      </input_file>
      <input_file id="fl-34">
         <path>C:\ti\ccs1210\ccs\tools\compiler\ti-cgt-msp430_21.6.0.LTS\lib\</path>
         <kind>archive</kind>
         <file>rts430x_lc_sd_eabi.lib</file>
         <name>int33.asm.obj</name>
      </input_file>
      <input_file id="fl-35">
         <path>C:\ti\ccs1210\ccs\tools\compiler\ti-cgt-msp430_21.6.0.LTS\lib\</path>
         <kind>archive</kind>
         <file>rts430x_lc_sd_eabi.lib</file>
         <name>int34.asm.obj</name>
      </input_file>
      <input_file id="fl-36">
         <path>C:\ti\ccs1210\ccs\tools\compiler\ti-cgt-msp430_21.6.0.LTS\lib\</path>
         <kind>archive</kind>
         <file>rts430x_lc_sd_eabi.lib</file>
         <name>int35.asm.obj</name>
      </input_file>
      <input_file id="fl-37">
         <path>C:\ti\ccs1210\ccs\tools\compiler\ti-cgt-msp430_21.6.0.LTS\lib\</path>
         <kind>archive</kind>
         <file>rts430x_lc_sd_eabi.lib</file>
         <name>int36.asm.obj</name>
      </input_file>
      <input_file id="fl-38">
         <path>C:\ti\ccs1210\ccs\tools\compiler\ti-cgt-msp430_21.6.0.LTS\lib\</path>
         <kind>archive</kind>
         <file>rts430x_lc_sd_eabi.lib</file>
         <name>int37.asm.obj</name>
      </input_file>
      <input_file id="fl-39">
         <path>C:\ti\ccs1210\ccs\tools\compiler\ti-cgt-msp430_21.6.0.LTS\lib\</path>
         <kind>archive</kind>
         <file>rts430x_lc_sd_eabi.lib</file>
         <name>int38.asm.obj</name>
      </input_file>
      <input_file id="fl-3a">
         <path>C:\ti\ccs1210\ccs\tools\compiler\ti-cgt-msp430_21.6.0.LTS\lib\</path>
         <kind>archive</kind>
         <file>rts430x_lc_sd_eabi.lib</file>
         <name>int39.asm.obj</name>
      </input_file>
      <input_file id="fl-3b">
         <path>C:\ti\ccs1210\ccs\tools\compiler\ti-cgt-msp430_21.6.0.LTS\lib\</path>
         <kind>archive</kind>
         <file>rts430x_lc_sd_eabi.lib</file>
         <name>int40.asm.obj</name>
      </input_file>
      <input_file id="fl-3c">
         <path>C:\ti\ccs1210\ccs\tools\compiler\ti-cgt-msp430_21.6.0.LTS\lib\</path>
         <kind>archive</kind>
         <file>rts430x_lc_sd_eabi.lib</file>
         <name>int41.asm.obj</name>
      </input_file>
      <input_file id="fl-3d">
         <path>C:\ti\ccs1210\ccs\tools\compiler\ti-cgt-msp430_21.6.0.LTS\lib\</path>
         <kind>archive</kind>
         <file>rts430x_lc_sd_eabi.lib</file>
         <name>int42.asm.obj</name>
      </input_file>
      <input_file id="fl-3e">
         <path>C:\ti\ccs1210\ccs\tools\compiler\ti-cgt-msp430_21.6.0.LTS\lib\</path>
         <kind>archive</kind>
         <file>rts430x_lc_sd_eabi.lib</file>
         <name>int43.asm.obj</name>
      </input_file>
      <input_file id="fl-3f">
         <path>C:\ti\ccs1210\ccs\tools\compiler\ti-cgt-msp430_21.6.0.LTS\lib\</path>
         <kind>archive</kind>
         <file>rts430x_lc_sd_eabi.lib</file>
         <name>int44.asm.obj</name>
      </input_file>
      <input_file id="fl-40">
         <path>C:\ti\ccs1210\ccs\tools\compiler\ti-cgt-msp430_21.6.0.LTS\lib\</path>
         <kind>archive</kind>
         <file>rts430x_lc_sd_eabi.lib</file>
         <name>int45.asm.obj</name>
      </input_file>
      <input_file id="fl-41">
         <path>C:\ti\ccs1210\ccs\tools\compiler\ti-cgt-msp430_21.6.0.LTS\lib\</path>
         <kind>archive</kind>
         <file>rts430x_lc_sd_eabi.lib</file>
         <name>copy_zero_init.c.obj</name>
      </input_file>
      <input_file id="fl-42">
         <path>C:\ti\ccs1210\ccs\tools\compiler\ti-cgt-msp430_21.6.0.LTS\lib\</path>
         <kind>archive</kind>
         <file>rts430x_lc_sd_eabi.lib</file>
         <name>cpy_util.asm.obj</name>
      </input_file>
      <input_file id="fl-43">
         <path>C:\ti\ccs1210\ccs\tools\compiler\ti-cgt-msp430_21.6.0.LTS\lib\</path>
         <kind>archive</kind>
         <file>rts430x_lc_sd_eabi.lib</file>
         <name>fs_add.asm.obj</name>
      </input_file>
      <input_file id="fl-44">
         <path>C:\ti\ccs1210\ccs\tools\compiler\ti-cgt-msp430_21.6.0.LTS\lib\</path>
         <kind>archive</kind>
         <file>rts430x_lc_sd_eabi.lib</file>
         <name>cvtdf.c.obj</name>
      </input_file>
      <input_file id="fl-45">
         <path>C:\ti\ccs1210\ccs\tools\compiler\ti-cgt-msp430_21.6.0.LTS\lib\</path>
         <kind>archive</kind>
         <file>rts430x_lc_sd_eabi.lib</file>
         <name>cvtfd.c.obj</name>
      </input_file>
      <input_file id="fl-46">
         <path>C:\ti\ccs1210\ccs\tools\compiler\ti-cgt-msp430_21.6.0.LTS\lib\</path>
         <kind>archive</kind>
         <file>rts430x_lc_sd_eabi.lib</file>
         <name>fs_div.asm.obj</name>
      </input_file>
      <input_file id="fl-47">
         <path>C:\ti\ccs1210\ccs\tools\compiler\ti-cgt-msp430_21.6.0.LTS\lib\</path>
         <kind>archive</kind>
         <file>rts430x_lc_sd_eabi.lib</file>
         <name>fs_ultof.asm.obj</name>
      </input_file>
      <input_file id="fl-48">
         <path>C:\ti\ccs1210\ccs\tools\compiler\ti-cgt-msp430_21.6.0.LTS\lib\</path>
         <kind>archive</kind>
         <file>rts430x_lc_sd_eabi.lib</file>
         <name>fltulld.c.obj</name>
      </input_file>
      <input_file id="fl-49">
         <path>C:\ti\ccs1210\ccs\tools\compiler\ti-cgt-msp430_21.6.0.LTS\lib\</path>
         <kind>archive</kind>
         <file>rts430x_lc_sd_eabi.lib</file>
         <name>mpyd.c.obj</name>
      </input_file>
      <input_file id="fl-4a">
         <path>C:\ti\ccs1210\ccs\tools\compiler\ti-cgt-msp430_21.6.0.LTS\lib\</path>
         <kind>archive</kind>
         <file>rts430x_lc_sd_eabi.lib</file>
         <name>frcmpyd.c.obj</name>
      </input_file>
      <input_file id="fl-4b">
         <path>C:\ti\ccs1210\ccs\tools\compiler\ti-cgt-msp430_21.6.0.LTS\lib\</path>
         <kind>archive</kind>
         <file>rts430x_lc_sd_eabi.lib</file>
         <name>fs_mpy.asm.obj</name>
      </input_file>
      <input_file id="fl-4c">
         <path>C:\ti\ccs1210\ccs\tools\compiler\ti-cgt-msp430_21.6.0.LTS\lib\</path>
         <kind>archive</kind>
         <file>rts430x_lc_sd_eabi.lib</file>
         <name>mult16_f5hw.asm.obj</name>
      </input_file>
      <input_file id="fl-4d">
         <path>C:\ti\ccs1210\ccs\tools\compiler\ti-cgt-msp430_21.6.0.LTS\lib\</path>
         <kind>archive</kind>
         <file>rts430x_lc_sd_eabi.lib</file>
         <name>mult32_f5hw.asm.obj</name>
      </input_file>
      <input_file id="fl-4e">
         <path>C:\ti\ccs1210\ccs\tools\compiler\ti-cgt-msp430_21.6.0.LTS\lib\</path>
         <kind>archive</kind>
         <file>rts430x_lc_sd_eabi.lib</file>
         <name>mult64.asm.obj</name>
      </input_file>
      <input_file id="fl-4f">
         <path>C:\ti\ccs1210\ccs\tools\compiler\ti-cgt-msp430_21.6.0.LTS\lib\</path>
         <kind>archive</kind>
         <file>rts430x_lc_sd_eabi.lib</file>
         <name>mult32.asm.obj</name>
      </input_file>
      <input_file id="fl-50">
         <path>C:\ti\ccs1210\ccs\tools\compiler\ti-cgt-msp430_21.6.0.LTS\lib\</path>
         <kind>archive</kind>
         <file>rts430x_lc_sd_eabi.lib</file>
         <name>mult64_f5hw.asm.obj</name>
      </input_file>
      <input_file id="fl-51">
         <path>C:\ti\ccs1210\ccs\tools\compiler\ti-cgt-msp430_21.6.0.LTS\lib\</path>
         <kind>archive</kind>
         <file>rts430x_lc_sd_eabi.lib</file>
         <name>mult1632_f5hw.asm.obj</name>
      </input_file>
      <input_file id="fl-52">
         <path>C:\ti\ccs1210\ccs\tools\compiler\ti-cgt-msp430_21.6.0.LTS\lib\</path>
         <kind>archive</kind>
         <file>rts430x_lc_sd_eabi.lib</file>
         <name>mult3264_f5hw.asm.obj</name>
      </input_file>
      <input_file id="fl-53">
         <path>C:\ti\ccs1210\ccs\tools\compiler\ti-cgt-msp430_21.6.0.LTS\lib\</path>
         <kind>archive</kind>
         <file>rts430x_lc_sd_eabi.lib</file>
         <name>mult1632.asm.obj</name>
      </input_file>
      <input_file id="fl-54">
         <path>C:\ti\ccs1210\ccs\tools\compiler\ti-cgt-msp430_21.6.0.LTS\lib\</path>
         <kind>archive</kind>
         <file>rts430x_lc_sd_eabi.lib</file>
         <name>mult3264.asm.obj</name>
      </input_file>
      <input_file id="fl-55">
         <path>C:\ti\ccs1210\ccs\tools\compiler\ti-cgt-msp430_21.6.0.LTS\lib\</path>
         <kind>archive</kind>
         <file>rts430x_lc_sd_eabi.lib</file>
         <name>negd.c.obj</name>
      </input_file>
      <input_file id="fl-56">
         <path>C:\ti\ccs1210\ccs\tools\compiler\ti-cgt-msp430_21.6.0.LTS\lib\</path>
         <kind>archive</kind>
         <file>rts430x_lc_sd_eabi.lib</file>
         <name>fs_neg.asm.obj</name>
      </input_file>
      <input_file id="fl-57">
         <path>C:\ti\ccs1210\ccs\tools\compiler\ti-cgt-msp430_21.6.0.LTS\lib\</path>
         <kind>archive</kind>
         <file>rts430x_lc_sd_eabi.lib</file>
         <name>lsl32.asm.obj</name>
      </input_file>
      <input_file id="fl-58">
         <path>C:\ti\ccs1210\ccs\tools\compiler\ti-cgt-msp430_21.6.0.LTS\lib\</path>
         <kind>archive</kind>
         <file>rts430x_lc_sd_eabi.lib</file>
         <name>lsl64.c.obj</name>
      </input_file>
      <input_file id="fl-59">
         <path>C:\ti\ccs1210\ccs\tools\compiler\ti-cgt-msp430_21.6.0.LTS\lib\</path>
         <kind>archive</kind>
         <file>rts430x_lc_sd_eabi.lib</file>
         <name>asr32.asm.obj</name>
      </input_file>
      <input_file id="fl-5a">
         <path>C:\ti\ccs1210\ccs\tools\compiler\ti-cgt-msp430_21.6.0.LTS\lib\</path>
         <kind>archive</kind>
         <file>rts430x_lc_sd_eabi.lib</file>
         <name>lsr64.c.obj</name>
      </input_file>
      <input_file id="fl-5b">
         <path>C:\ti\ccs1210\ccs\tools\compiler\ti-cgt-msp430_21.6.0.LTS\lib\</path>
         <kind>archive</kind>
         <file>rts430x_lc_sd_eabi.lib</file>
         <name>boot.c.obj</name>
      </input_file>
      <input_file id="fl-5c">
         <path>C:\ti\ccs1210\ccs\ccs_base\msp430\lib\FR2xx\</path>
         <kind>archive</kind>
         <file>FRWP_INIT_LIB_CCS_msp430_large_code_small_data.lib</file>
         <name>frwp_init.obj</name>
      </input_file>
      <input_file id="fl-5d">
         <path>C:\ti\ccs1210\ccs\tools\compiler\ti-cgt-msp430_21.6.0.LTS\lib\</path>
         <kind>archive</kind>
         <file>rts430x_lc_sd_eabi.lib</file>
         <name>args_main.c.obj</name>
      </input_file>
      <input_file id="fl-5e">
         <path>C:\ti\ccs1210\ccs\tools\compiler\ti-cgt-msp430_21.6.0.LTS\lib\</path>
         <kind>archive</kind>
         <file>rts430x_lc_sd_eabi.lib</file>
         <name>autoinit.c.obj</name>
      </input_file>
      <input_file id="fl-5f">
         <path>C:\ti\ccs1210\ccs\tools\compiler\ti-cgt-msp430_21.6.0.LTS\lib\</path>
         <kind>archive</kind>
         <file>rts430x_lc_sd_eabi.lib</file>
         <name>startup.c.obj</name>
      </input_file>
      <input_file id="fl-60">
         <path>C:\ti\ccs1210\ccs\tools\compiler\ti-cgt-msp430_21.6.0.LTS\lib\</path>
         <kind>archive</kind>
         <file>rts430x_lc_sd_eabi.lib</file>
         <name>pre_init.c.obj</name>
      </input_file>
      <input_file id="fl-61">
         <path>C:\ti\ccs1210\ccs\tools\compiler\ti-cgt-msp430_21.6.0.LTS\lib\</path>
         <kind>archive</kind>
         <file>rts430x_lc_sd_eabi.lib</file>
         <name>cpy_tbl.c.obj</name>
      </input_file>
      <input_file id="fl-62">
         <path>C:\ti\ccs1210\ccs\tools\compiler\ti-cgt-msp430_21.6.0.LTS\lib\</path>
         <kind>archive</kind>
         <file>rts430x_lc_sd_eabi.lib</file>
         <name>mult16.asm.obj</name>
      </input_file>
      <input_file id="fl-63">
         <path>C:\ti\ccs1210\ccs\tools\compiler\ti-cgt-msp430_21.6.0.LTS\lib\</path>
         <kind>archive</kind>
         <file>rts430x_lc_sd_eabi.lib</file>
         <name>exit.c.obj</name>
      </input_file>
      <input_file id="fl-64">
         <path>C:\ti\ccs1210\ccs\tools\compiler\ti-cgt-msp430_21.6.0.LTS\lib\</path>
         <kind>archive</kind>
         <file>rts430x_lc_sd_eabi.lib</file>
         <name>exit_gvars.c.obj</name>
      </input_file>
      <input_file id="fl-65">
         <path>C:\ti\ccs1210\ccs\tools\compiler\ti-cgt-msp430_21.6.0.LTS\lib\</path>
         <kind>archive</kind>
         <file>rts430x_lc_sd_eabi.lib</file>
         <name>_lock.c.obj</name>
      </input_file>
      <input_file id="fl-66">
         <path>C:\ti\ccs1210\ccs\tools\compiler\ti-cgt-msp430_21.6.0.LTS\lib\</path>
         <kind>archive</kind>
         <file>rts430x_lc_sd_eabi.lib</file>
         <name>memcpy.c.obj</name>
      </input_file>
   </input_file_list>
   <object_component_list>
      <object_component id="oc-674">
         <name>.cinit..data.load</name>
         <load_address>0x8000</load_address>
         <run_address>0x8000</run_address>
         <size>0x2c</size>
      </object_component>
      <object_component id="oc-671">
         <name>__TI_handler_table</name>
         <load_address>0x802c</load_address>
         <run_address>0x802c</run_address>
         <size>0xc</size>
      </object_component>
      <object_component id="oc-673">
         <name>.cinit..bss.load</name>
         <load_address>0x8038</load_address>
         <run_address>0x8038</run_address>
         <size>0x6</size>
      </object_component>
      <object_component id="oc-672">
         <name>__TI_cinit_table</name>
         <load_address>0x803e</load_address>
         <run_address>0x803e</run_address>
         <size>0x10</size>
      </object_component>
      <object_component id="oc-611">
         <name>.binit</name>
         <load_address>0x804e</load_address>
         <run_address>0x804e</run_address>
         <size>0x0</size>
      </object_component>
      <object_component id="oc-566">
         <name>.text:__mspabi_mpyd</name>
         <load_address>0x804e</load_address>
         <run_address>0x804e</run_address>
         <size>0x298</size>
         <input_file_ref idref="fl-49"/>
      </object_component>
      <object_component id="oc-50a">
         <name>.text:calculate_temperature</name>
         <load_address>0x82e6</load_address>
         <run_address>0x82e6</run_address>
         <size>0x296</size>
         <input_file_ref idref="fl-4"/>
      </object_component>
      <object_component id="oc-5ce">
         <name>.text:__TI_frcmpyd</name>
         <load_address>0x857c</load_address>
         <run_address>0x857c</run_address>
         <size>0x164</size>
         <input_file_ref idref="fl-4a"/>
      </object_component>
      <object_component id="oc-57d">
         <name>.text</name>
         <load_address>0x86e0</load_address>
         <run_address>0x86e0</run_address>
         <size>0x132</size>
         <input_file_ref idref="fl-43"/>
      </object_component>
      <object_component id="oc-54b">
         <name>.text:__mspabi_fltulld</name>
         <load_address>0x8812</load_address>
         <run_address>0x8812</run_address>
         <size>0x106</size>
         <input_file_ref idref="fl-48"/>
      </object_component>
      <object_component id="oc-68">
         <name>.text:decompress:lzss:__TI_decompress_lzss</name>
         <load_address>0x8918</load_address>
         <run_address>0x8918</run_address>
         <size>0xee</size>
         <input_file_ref idref="fl-25"/>
      </object_component>
      <object_component id="oc-556">
         <name>.text</name>
         <load_address>0x8a06</load_address>
         <run_address>0x8a06</run_address>
         <size>0xb8</size>
         <input_file_ref idref="fl-4b"/>
      </object_component>
      <object_component id="oc-572">
         <name>.text:__mspabi_cvtdf</name>
         <load_address>0x8abe</load_address>
         <run_address>0x8abe</run_address>
         <size>0xb2</size>
         <input_file_ref idref="fl-44"/>
      </object_component>
      <object_component id="oc-55b">
         <name>.text</name>
         <load_address>0x8b70</load_address>
         <run_address>0x8b70</run_address>
         <size>0x90</size>
         <input_file_ref idref="fl-46"/>
      </object_component>
      <object_component id="oc-4fd">
         <name>.text:set_coefficients</name>
         <load_address>0x8c00</load_address>
         <run_address>0x8c00</run_address>
         <size>0x90</size>
         <input_file_ref idref="fl-4"/>
      </object_component>
      <object_component id="oc-49e">
         <name>.text:init_temp</name>
         <load_address>0x8c90</load_address>
         <run_address>0x8c90</run_address>
         <size>0x8a</size>
         <input_file_ref idref="fl-4"/>
      </object_component>
      <object_component id="oc-464">
         <name>.text:main</name>
         <load_address>0x8d1a</load_address>
         <run_address>0x8d1a</run_address>
         <size>0x72</size>
         <input_file_ref idref="fl-3"/>
      </object_component>
      <object_component id="oc-4d0">
         <name>.text:__TI_auto_init_nobinit_nopinit_hold_wdt:__TI_auto_init_nobinit_nopinit_hold_wdt</name>
         <load_address>0x8d8c</load_address>
         <run_address>0x8d8c</run_address>
         <size>0x6a</size>
         <input_file_ref idref="fl-5e"/>
      </object_component>
      <object_component id="oc-560">
         <name>.text:__mspabi_cvtfd</name>
         <load_address>0x8df6</load_address>
         <run_address>0x8df6</run_address>
         <size>0x64</size>
         <input_file_ref idref="fl-45"/>
      </object_component>
      <object_component id="oc-497">
         <name>.text:init_i2c</name>
         <load_address>0x8e5a</load_address>
         <run_address>0x8e5a</run_address>
         <size>0x62</size>
         <input_file_ref idref="fl-2"/>
      </object_component>
      <object_component id="oc-5fd">
         <name>.text:__mpyll</name>
         <load_address>0x8ebc</load_address>
         <run_address>0x8ebc</run_address>
         <size>0x5c</size>
         <input_file_ref idref="fl-50"/>
      </object_component>
      <object_component id="oc-3e4">
         <name>.text:__memcpy_far</name>
         <load_address>0x8f18</load_address>
         <run_address>0x8f18</run_address>
         <size>0x40</size>
         <input_file_ref idref="fl-42"/>
      </object_component>
      <object_component id="oc-3fb">
         <name>.text:decompress:ZI:__TI_zero_init_nomemset:__TI_zero_init_nomemset</name>
         <load_address>0x8f58</load_address>
         <run_address>0x8f58</run_address>
         <size>0x3e</size>
         <input_file_ref idref="fl-41"/>
      </object_component>
      <object_component id="oc-5c3">
         <name>.text:l_asr_const</name>
         <load_address>0x8f96</load_address>
         <run_address>0x8f96</run_address>
         <size>0x3e</size>
         <input_file_ref idref="fl-59"/>
      </object_component>
      <object_component id="oc-5dc">
         <name>.text:l_lsl_const</name>
         <load_address>0x8fd4</load_address>
         <run_address>0x8fd4</run_address>
         <size>0x3e</size>
         <input_file_ref idref="fl-57"/>
      </object_component>
      <object_component id="oc-476">
         <name>.text:__mpu_init</name>
         <load_address>0x9012</load_address>
         <run_address>0x9012</run_address>
         <size>0x3c</size>
         <input_file_ref idref="fl-5c"/>
      </object_component>
      <object_component id="oc-6e">
         <name>.text:decompress:none:__TI_decompress_none</name>
         <load_address>0x904e</load_address>
         <run_address>0x904e</run_address>
         <size>0x3c</size>
         <input_file_ref idref="fl-26"/>
      </object_component>
      <object_component id="oc-44b">
         <name>.text:__mspabi_sllll</name>
         <load_address>0x908a</load_address>
         <run_address>0x908a</run_address>
         <size>0x3a</size>
         <input_file_ref idref="fl-58"/>
      </object_component>
      <object_component id="oc-5b8">
         <name>.text:__mspabi_srlll</name>
         <load_address>0x90c4</load_address>
         <run_address>0x90c4</run_address>
         <size>0x3a</size>
         <input_file_ref idref="fl-5a"/>
      </object_component>
      <object_component id="oc-551">
         <name>.text</name>
         <load_address>0x90fe</load_address>
         <run_address>0x90fe</run_address>
         <size>0x32</size>
         <input_file_ref idref="fl-47"/>
      </object_component>
      <object_component id="oc-504">
         <name>.text:read_adc_temperature</name>
         <load_address>0x9130</load_address>
         <run_address>0x9130</run_address>
         <size>0x30</size>
         <input_file_ref idref="fl-4"/>
      </object_component>
      <object_component id="oc-602">
         <name>.text:__mpyull</name>
         <load_address>0x9160</load_address>
         <run_address>0x9160</run_address>
         <size>0x2c</size>
         <input_file_ref idref="fl-52"/>
      </object_component>
      <object_component id="oc-56c">
         <name>.text:__mspabi_negd</name>
         <load_address>0x918c</load_address>
         <run_address>0x918c</run_address>
         <size>0x2a</size>
         <input_file_ref idref="fl-55"/>
      </object_component>
      <object_component id="oc-4f1">
         <name>.text:i2c_write</name>
         <load_address>0x91b6</load_address>
         <run_address>0x91b6</run_address>
         <size>0x22</size>
         <input_file_ref idref="fl-2"/>
      </object_component>
      <object_component id="oc-4f7">
         <name>.text:i2c_read</name>
         <load_address>0x91d8</load_address>
         <run_address>0x91d8</run_address>
         <size>0x1c</size>
         <input_file_ref idref="fl-2"/>
      </object_component>
      <object_component id="oc-4a4">
         <name>.text:get_temperature</name>
         <load_address>0x91f4</load_address>
         <run_address>0x91f4</run_address>
         <size>0xa</size>
         <input_file_ref idref="fl-4"/>
      </object_component>
      <object_component id="oc-578">
         <name>.text</name>
         <load_address>0x91fe</load_address>
         <run_address>0x91fe</run_address>
         <size>0xa</size>
         <input_file_ref idref="fl-56"/>
      </object_component>
      <object_component id="oc-4ac">
         <name>.text:abort</name>
         <load_address>0x9208</load_address>
         <run_address>0x9208</run_address>
         <size>0x6</size>
         <input_file_ref idref="fl-63"/>
      </object_component>
      <object_component id="oc-45e">
         <name>.text:_system_pre_init</name>
         <load_address>0x920e</load_address>
         <run_address>0x920e</run_address>
         <size>0x4</size>
         <input_file_ref idref="fl-60"/>
      </object_component>
      <object_component id="oc-523">
         <name>.text:_system_post_cinit</name>
         <load_address>0x9212</load_address>
         <run_address>0x9212</run_address>
         <size>0x2</size>
         <input_file_ref idref="fl-5f"/>
      </object_component>
      <object_component id="oc-3f5">
         <name>.text:_isr:EUSCI_B1_I2C_ISR</name>
         <load_address>0x9214</load_address>
         <run_address>0x9214</run_address>
         <size>0x76</size>
         <input_file_ref idref="fl-2"/>
      </object_component>
      <object_component id="oc-425">
         <name>.text:_isr:_c_int00_noargs_mpu</name>
         <load_address>0x928a</load_address>
         <run_address>0x928a</run_address>
         <size>0x20</size>
         <input_file_ref idref="fl-5b"/>
      </object_component>
      <object_component id="oc-3f0">
         <name>.text:_isr:__TI_ISR_TRAP</name>
         <load_address>0x92aa</load_address>
         <run_address>0x92aa</run_address>
         <size>0x8</size>
         <input_file_ref idref="fl-28"/>
      </object_component>
      <object_component id="oc-44a">
         <name>.common:data_in</name>
         <uninitialized>true</uninitialized>
         <run_address>0x202e</run_address>
         <size>0x8</size>
      </object_component>
      <object_component id="oc-442">
         <name>.common:data_out</name>
         <uninitialized>true</uninitialized>
         <run_address>0x2036</run_address>
         <size>0x4</size>
      </object_component>
      <object_component id="oc-49d">
         <name>.common:index</name>
         <uninitialized>true</uninitialized>
         <run_address>0x203a</run_address>
         <size>0x4</size>
      </object_component>
      <object_component id="oc-449">
         <name>.data</name>
         <load_address>0x202c</load_address>
         <run_address>0x202c</run_address>
         <size>0x1</size>
         <input_file_ref idref="fl-2"/>
      </object_component>
      <object_component id="oc-4aa">
         <name>.data</name>
         <load_address>0x2024</load_address>
         <run_address>0x2024</run_address>
         <size>0x8</size>
         <input_file_ref idref="fl-3"/>
      </object_component>
      <object_component id="oc-546">
         <name>.data</name>
         <load_address>0x2000</load_address>
         <run_address>0x2000</run_address>
         <size>0x24</size>
         <input_file_ref idref="fl-4"/>
      </object_component>
      <object_component id="oc-3d5">
         <name>.stack</name>
         <uninitialized>true</uninitialized>
         <run_address>0x3760</run_address>
         <size>0x2</size>
         <input_file_ref idref="fl-5b"/>
      </object_component>
      <object_component id="oc-675">
         <name>.stack</name>
         <uninitialized>true</uninitialized>
         <run_address>0x3760</run_address>
         <size>0x0</size>
      </object_component>
      <object_component id="oc-74">
         <name>.int20</name>
         <load_address>0xffca</load_address>
         <run_address>0xffca</run_address>
         <size>0x2</size>
         <input_file_ref idref="fl-27"/>
      </object_component>
      <object_component id="oc-75">
         <name>.int21</name>
         <load_address>0xffcc</load_address>
         <run_address>0xffcc</run_address>
         <size>0x2</size>
         <input_file_ref idref="fl-29"/>
      </object_component>
      <object_component id="oc-76">
         <name>.int22</name>
         <load_address>0xffce</load_address>
         <run_address>0xffce</run_address>
         <size>0x2</size>
         <input_file_ref idref="fl-2a"/>
      </object_component>
      <object_component id="oc-77">
         <name>.int23</name>
         <load_address>0xffd0</load_address>
         <run_address>0xffd0</run_address>
         <size>0x2</size>
         <input_file_ref idref="fl-2b"/>
      </object_component>
      <object_component id="oc-78">
         <name>.int24</name>
         <load_address>0xffd2</load_address>
         <run_address>0xffd2</run_address>
         <size>0x2</size>
         <input_file_ref idref="fl-2c"/>
      </object_component>
      <object_component id="oc-79">
         <name>.int25</name>
         <load_address>0xffd4</load_address>
         <run_address>0xffd4</run_address>
         <size>0x2</size>
         <input_file_ref idref="fl-2d"/>
      </object_component>
      <object_component id="oc-7a">
         <name>.int26</name>
         <load_address>0xffd6</load_address>
         <run_address>0xffd6</run_address>
         <size>0x2</size>
         <input_file_ref idref="fl-2e"/>
      </object_component>
      <object_component id="oc-7b">
         <name>.int27</name>
         <load_address>0xffd8</load_address>
         <run_address>0xffd8</run_address>
         <size>0x2</size>
         <input_file_ref idref="fl-2f"/>
      </object_component>
      <object_component id="oc-7c">
         <name>.int28</name>
         <load_address>0xffda</load_address>
         <run_address>0xffda</run_address>
         <size>0x2</size>
         <input_file_ref idref="fl-2"/>
      </object_component>
      <object_component id="oc-7d">
         <name>.int29</name>
         <load_address>0xffdc</load_address>
         <run_address>0xffdc</run_address>
         <size>0x2</size>
         <input_file_ref idref="fl-30"/>
      </object_component>
      <object_component id="oc-7e">
         <name>.int30</name>
         <load_address>0xffde</load_address>
         <run_address>0xffde</run_address>
         <size>0x2</size>
         <input_file_ref idref="fl-31"/>
      </object_component>
      <object_component id="oc-7f">
         <name>.int31</name>
         <load_address>0xffe0</load_address>
         <run_address>0xffe0</run_address>
         <size>0x2</size>
         <input_file_ref idref="fl-32"/>
      </object_component>
      <object_component id="oc-80">
         <name>.int32</name>
         <load_address>0xffe2</load_address>
         <run_address>0xffe2</run_address>
         <size>0x2</size>
         <input_file_ref idref="fl-33"/>
      </object_component>
      <object_component id="oc-81">
         <name>.int33</name>
         <load_address>0xffe4</load_address>
         <run_address>0xffe4</run_address>
         <size>0x2</size>
         <input_file_ref idref="fl-34"/>
      </object_component>
      <object_component id="oc-82">
         <name>.int34</name>
         <load_address>0xffe6</load_address>
         <run_address>0xffe6</run_address>
         <size>0x2</size>
         <input_file_ref idref="fl-35"/>
      </object_component>
      <object_component id="oc-83">
         <name>.int35</name>
         <load_address>0xffe8</load_address>
         <run_address>0xffe8</run_address>
         <size>0x2</size>
         <input_file_ref idref="fl-36"/>
      </object_component>
      <object_component id="oc-84">
         <name>.int36</name>
         <load_address>0xffea</load_address>
         <run_address>0xffea</run_address>
         <size>0x2</size>
         <input_file_ref idref="fl-37"/>
      </object_component>
      <object_component id="oc-85">
         <name>.int37</name>
         <load_address>0xffec</load_address>
         <run_address>0xffec</run_address>
         <size>0x2</size>
         <input_file_ref idref="fl-38"/>
      </object_component>
      <object_component id="oc-86">
         <name>.int38</name>
         <load_address>0xffee</load_address>
         <run_address>0xffee</run_address>
         <size>0x2</size>
         <input_file_ref idref="fl-39"/>
      </object_component>
      <object_component id="oc-87">
         <name>.int39</name>
         <load_address>0xfff0</load_address>
         <run_address>0xfff0</run_address>
         <size>0x2</size>
         <input_file_ref idref="fl-3a"/>
      </object_component>
      <object_component id="oc-88">
         <name>.int40</name>
         <load_address>0xfff2</load_address>
         <run_address>0xfff2</run_address>
         <size>0x2</size>
         <input_file_ref idref="fl-3b"/>
      </object_component>
      <object_component id="oc-89">
         <name>.int41</name>
         <load_address>0xfff4</load_address>
         <run_address>0xfff4</run_address>
         <size>0x2</size>
         <input_file_ref idref="fl-3c"/>
      </object_component>
      <object_component id="oc-8a">
         <name>.int42</name>
         <load_address>0xfff6</load_address>
         <run_address>0xfff6</run_address>
         <size>0x2</size>
         <input_file_ref idref="fl-3d"/>
      </object_component>
      <object_component id="oc-8b">
         <name>.int43</name>
         <load_address>0xfff8</load_address>
         <run_address>0xfff8</run_address>
         <size>0x2</size>
         <input_file_ref idref="fl-3e"/>
      </object_component>
      <object_component id="oc-8c">
         <name>.int44</name>
         <load_address>0xfffa</load_address>
         <run_address>0xfffa</run_address>
         <size>0x2</size>
         <input_file_ref idref="fl-3f"/>
      </object_component>
      <object_component id="oc-8d">
         <name>.int45</name>
         <load_address>0xfffc</load_address>
         <run_address>0xfffc</run_address>
         <size>0x2</size>
         <input_file_ref idref="fl-40"/>
      </object_component>
      <object_component id="oc-3d8">
         <name>.reset</name>
         <load_address>0xfffe</load_address>
         <run_address>0xfffe</run_address>
         <size>0x2</size>
         <input_file_ref idref="fl-5b"/>
      </object_component>
      <object_component id="oc-443">
         <name>.debug_info</name>
         <load_address>0x0</load_address>
         <run_address>0x0</run_address>
         <size>0x337</size>
         <input_file_ref idref="fl-2"/>
      </object_component>
      <object_component id="oc-49a">
         <name>.debug_info</name>
         <load_address>0x337</load_address>
         <run_address>0x337</run_address>
         <size>0xed</size>
         <input_file_ref idref="fl-2"/>
      </object_component>
      <object_component id="oc-4f3">
         <name>.debug_info</name>
         <load_address>0x424</load_address>
         <run_address>0x424</run_address>
         <size>0x10d</size>
         <input_file_ref idref="fl-2"/>
      </object_component>
      <object_component id="oc-4fa">
         <name>.debug_info</name>
         <load_address>0x531</load_address>
         <run_address>0x531</run_address>
         <size>0x133</size>
         <input_file_ref idref="fl-2"/>
      </object_component>
      <object_component id="oc-3f7">
         <name>.debug_info</name>
         <load_address>0x664</load_address>
         <run_address>0x664</run_address>
         <size>0x132</size>
         <input_file_ref idref="fl-2"/>
      </object_component>
      <object_component id="oc-487">
         <name>.debug_info</name>
         <load_address>0x796</load_address>
         <run_address>0x796</run_address>
         <size>0x26b</size>
         <input_file_ref idref="fl-2"/>
      </object_component>
      <object_component id="oc-3df">
         <name>.debug_info</name>
         <load_address>0xa01</load_address>
         <run_address>0xa01</run_address>
         <size>0x84</size>
         <input_file_ref idref="fl-2"/>
      </object_component>
      <object_component id="oc-491">
         <name>.debug_info</name>
         <load_address>0xa85</load_address>
         <run_address>0xa85</run_address>
         <size>0x282</size>
         <input_file_ref idref="fl-2"/>
      </object_component>
      <object_component id="oc-452">
         <name>.debug_info</name>
         <load_address>0xd07</load_address>
         <run_address>0xd07</run_address>
         <size>0xbb</size>
         <input_file_ref idref="fl-2"/>
      </object_component>
      <object_component id="oc-445">
         <name>.debug_info</name>
         <load_address>0xdc2</load_address>
         <run_address>0xdc2</run_address>
         <size>0x215</size>
         <input_file_ref idref="fl-3"/>
      </object_component>
      <object_component id="oc-466">
         <name>.debug_info</name>
         <load_address>0xfd7</load_address>
         <run_address>0xfd7</run_address>
         <size>0x140</size>
         <input_file_ref idref="fl-3"/>
      </object_component>
      <object_component id="oc-447">
         <name>.debug_info</name>
         <load_address>0x1117</load_address>
         <run_address>0x1117</run_address>
         <size>0x1c3</size>
         <input_file_ref idref="fl-4"/>
      </object_component>
      <object_component id="oc-547">
         <name>.debug_info</name>
         <load_address>0x12da</load_address>
         <run_address>0x12da</run_address>
         <size>0x109</size>
         <input_file_ref idref="fl-4"/>
      </object_component>
      <object_component id="oc-4ff">
         <name>.debug_info</name>
         <load_address>0x13e3</load_address>
         <run_address>0x13e3</run_address>
         <size>0x13d</size>
         <input_file_ref idref="fl-4"/>
      </object_component>
      <object_component id="oc-49f">
         <name>.debug_info</name>
         <load_address>0x1520</load_address>
         <run_address>0x1520</run_address>
         <size>0x228</size>
         <input_file_ref idref="fl-4"/>
      </object_component>
      <object_component id="oc-506">
         <name>.debug_info</name>
         <load_address>0x1748</load_address>
         <run_address>0x1748</run_address>
         <size>0x14e</size>
         <input_file_ref idref="fl-4"/>
      </object_component>
      <object_component id="oc-50b">
         <name>.debug_info</name>
         <load_address>0x1896</load_address>
         <run_address>0x1896</run_address>
         <size>0x4dd</size>
         <input_file_ref idref="fl-4"/>
      </object_component>
      <object_component id="oc-4a6">
         <name>.debug_info</name>
         <load_address>0x1d73</load_address>
         <run_address>0x1d73</run_address>
         <size>0x139</size>
         <input_file_ref idref="fl-4"/>
      </object_component>
      <object_component id="oc-6b">
         <name>.debug_info</name>
         <load_address>0x1eac</load_address>
         <run_address>0x1eac</run_address>
         <size>0x2b8</size>
         <input_file_ref idref="fl-25"/>
      </object_component>
      <object_component id="oc-480">
         <name>.debug_info</name>
         <load_address>0x2164</load_address>
         <run_address>0x2164</run_address>
         <size>0x46</size>
         <input_file_ref idref="fl-25"/>
      </object_component>
      <object_component id="oc-439">
         <name>.debug_info</name>
         <load_address>0x21aa</load_address>
         <run_address>0x21aa</run_address>
         <size>0x39</size>
         <input_file_ref idref="fl-25"/>
      </object_component>
      <object_component id="oc-3da">
         <name>.debug_info</name>
         <load_address>0x21e3</load_address>
         <run_address>0x21e3</run_address>
         <size>0x60</size>
         <input_file_ref idref="fl-25"/>
      </object_component>
      <object_component id="oc-3ef">
         <name>.debug_info</name>
         <load_address>0x2243</load_address>
         <run_address>0x2243</run_address>
         <size>0x1da</size>
         <input_file_ref idref="fl-26"/>
      </object_component>
      <object_component id="oc-6f">
         <name>.debug_info</name>
         <load_address>0x241d</load_address>
         <run_address>0x241d</run_address>
         <size>0x1f2</size>
         <input_file_ref idref="fl-26"/>
      </object_component>
      <object_component id="oc-3ea">
         <name>.debug_info</name>
         <load_address>0x260f</load_address>
         <run_address>0x260f</run_address>
         <size>0x46</size>
         <input_file_ref idref="fl-26"/>
      </object_component>
      <object_component id="oc-3f3">
         <name>.debug_info</name>
         <load_address>0x2655</load_address>
         <run_address>0x2655</run_address>
         <size>0x10f</size>
         <input_file_ref idref="fl-28"/>
      </object_component>
      <object_component id="oc-3fe">
         <name>.debug_info</name>
         <load_address>0x2764</load_address>
         <run_address>0x2764</run_address>
         <size>0x1d3</size>
         <input_file_ref idref="fl-41"/>
      </object_component>
      <object_component id="oc-458">
         <name>.debug_info</name>
         <load_address>0x2937</load_address>
         <run_address>0x2937</run_address>
         <size>0x46</size>
         <input_file_ref idref="fl-41"/>
      </object_component>
      <object_component id="oc-3e7">
         <name>.debug_info</name>
         <load_address>0x297d</load_address>
         <run_address>0x297d</run_address>
         <size>0x121</size>
         <input_file_ref idref="fl-42"/>
      </object_component>
      <object_component id="oc-580">
         <name>.debug_info</name>
         <load_address>0x2a9e</load_address>
         <run_address>0x2a9e</run_address>
         <size>0x121</size>
         <input_file_ref idref="fl-43"/>
      </object_component>
      <object_component id="oc-5e2">
         <name>.debug_info</name>
         <load_address>0x2bbf</load_address>
         <run_address>0x2bbf</run_address>
         <size>0x160</size>
         <input_file_ref idref="fl-44"/>
      </object_component>
      <object_component id="oc-573">
         <name>.debug_info</name>
         <load_address>0x2d1f</load_address>
         <run_address>0x2d1f</run_address>
         <size>0x1db</size>
         <input_file_ref idref="fl-44"/>
      </object_component>
      <object_component id="oc-5c9">
         <name>.debug_info</name>
         <load_address>0x2efa</load_address>
         <run_address>0x2efa</run_address>
         <size>0xdb</size>
         <input_file_ref idref="fl-44"/>
      </object_component>
      <object_component id="oc-561">
         <name>.debug_info</name>
         <load_address>0x2fd5</load_address>
         <run_address>0x2fd5</run_address>
         <size>0x19c</size>
         <input_file_ref idref="fl-45"/>
      </object_component>
      <object_component id="oc-55d">
         <name>.debug_info</name>
         <load_address>0x3171</load_address>
         <run_address>0x3171</run_address>
         <size>0x121</size>
         <input_file_ref idref="fl-46"/>
      </object_component>
      <object_component id="oc-553">
         <name>.debug_info</name>
         <load_address>0x3292</load_address>
         <run_address>0x3292</run_address>
         <size>0x127</size>
         <input_file_ref idref="fl-47"/>
      </object_component>
      <object_component id="oc-5bf">
         <name>.debug_info</name>
         <load_address>0x33b9</load_address>
         <run_address>0x33b9</run_address>
         <size>0x167</size>
         <input_file_ref idref="fl-48"/>
      </object_component>
      <object_component id="oc-54d">
         <name>.debug_info</name>
         <load_address>0x3520</load_address>
         <run_address>0x3520</run_address>
         <size>0x1d4</size>
         <input_file_ref idref="fl-48"/>
      </object_component>
      <object_component id="oc-5d6">
         <name>.debug_info</name>
         <load_address>0x36f4</load_address>
         <run_address>0x36f4</run_address>
         <size>0x94</size>
         <input_file_ref idref="fl-48"/>
      </object_component>
      <object_component id="oc-5d5">
         <name>.debug_info</name>
         <load_address>0x3788</load_address>
         <run_address>0x3788</run_address>
         <size>0x192</size>
         <input_file_ref idref="fl-49"/>
      </object_component>
      <object_component id="oc-567">
         <name>.debug_info</name>
         <load_address>0x391a</load_address>
         <run_address>0x391a</run_address>
         <size>0x295</size>
         <input_file_ref idref="fl-49"/>
      </object_component>
      <object_component id="oc-5d2">
         <name>.debug_info</name>
         <load_address>0x3baf</load_address>
         <run_address>0x3baf</run_address>
         <size>0x244</size>
         <input_file_ref idref="fl-4a"/>
      </object_component>
      <object_component id="oc-559">
         <name>.debug_info</name>
         <load_address>0x3df3</load_address>
         <run_address>0x3df3</run_address>
         <size>0x121</size>
         <input_file_ref idref="fl-4b"/>
      </object_component>
      <object_component id="oc-600">
         <name>.debug_info</name>
         <load_address>0x3f14</load_address>
         <run_address>0x3f14</run_address>
         <size>0x132</size>
         <input_file_ref idref="fl-50"/>
      </object_component>
      <object_component id="oc-603">
         <name>.debug_info</name>
         <load_address>0x4046</load_address>
         <run_address>0x4046</run_address>
         <size>0x136</size>
         <input_file_ref idref="fl-52"/>
      </object_component>
      <object_component id="oc-56f">
         <name>.debug_info</name>
         <load_address>0x417c</load_address>
         <run_address>0x417c</run_address>
         <size>0x163</size>
         <input_file_ref idref="fl-55"/>
      </object_component>
      <object_component id="oc-57a">
         <name>.debug_info</name>
         <load_address>0x42df</load_address>
         <run_address>0x42df</run_address>
         <size>0x121</size>
         <input_file_ref idref="fl-56"/>
      </object_component>
      <object_component id="oc-5df">
         <name>.debug_info</name>
         <load_address>0x4400</load_address>
         <run_address>0x4400</run_address>
         <size>0x126</size>
         <input_file_ref idref="fl-57"/>
      </object_component>
      <object_component id="oc-44c">
         <name>.debug_info</name>
         <load_address>0x4526</load_address>
         <run_address>0x4526</run_address>
         <size>0x188</size>
         <input_file_ref idref="fl-58"/>
      </object_component>
      <object_component id="oc-5c5">
         <name>.debug_info</name>
         <load_address>0x46ae</load_address>
         <run_address>0x46ae</run_address>
         <size>0x126</size>
         <input_file_ref idref="fl-59"/>
      </object_component>
      <object_component id="oc-5b9">
         <name>.debug_info</name>
         <load_address>0x47d4</load_address>
         <run_address>0x47d4</run_address>
         <size>0x188</size>
         <input_file_ref idref="fl-5a"/>
      </object_component>
      <object_component id="oc-3d6">
         <name>.debug_info</name>
         <load_address>0x495c</load_address>
         <run_address>0x495c</run_address>
         <size>0x100</size>
         <input_file_ref idref="fl-5b"/>
      </object_component>
      <object_component id="oc-429">
         <name>.debug_info</name>
         <load_address>0x4a5c</load_address>
         <run_address>0x4a5c</run_address>
         <size>0x193</size>
         <input_file_ref idref="fl-5b"/>
      </object_component>
      <object_component id="oc-477">
         <name>.debug_info</name>
         <load_address>0x4bef</load_address>
         <run_address>0x4bef</run_address>
         <size>0x1ae</size>
         <input_file_ref idref="fl-5c"/>
      </object_component>
      <object_component id="oc-4eb">
         <name>.debug_info</name>
         <load_address>0x4d9d</load_address>
         <run_address>0x4d9d</run_address>
         <size>0x18b</size>
         <input_file_ref idref="fl-5c"/>
      </object_component>
      <object_component id="oc-52a">
         <name>.debug_info</name>
         <load_address>0x4f28</load_address>
         <run_address>0x4f28</run_address>
         <size>0x409</size>
         <input_file_ref idref="fl-5e"/>
      </object_component>
      <object_component id="oc-4d2">
         <name>.debug_info</name>
         <load_address>0x5331</load_address>
         <run_address>0x5331</run_address>
         <size>0x216</size>
         <input_file_ref idref="fl-5e"/>
      </object_component>
      <object_component id="oc-59a">
         <name>.debug_info</name>
         <load_address>0x5547</load_address>
         <run_address>0x5547</run_address>
         <size>0x39</size>
         <input_file_ref idref="fl-5e"/>
      </object_component>
      <object_component id="oc-5b1">
         <name>.debug_info</name>
         <load_address>0x5580</load_address>
         <run_address>0x5580</run_address>
         <size>0x2c</size>
         <input_file_ref idref="fl-5e"/>
      </object_component>
      <object_component id="oc-535">
         <name>.debug_info</name>
         <load_address>0x55ac</load_address>
         <run_address>0x55ac</run_address>
         <size>0x2c</size>
         <input_file_ref idref="fl-5e"/>
      </object_component>
      <object_component id="oc-59f">
         <name>.debug_info</name>
         <load_address>0x55d8</load_address>
         <run_address>0x55d8</run_address>
         <size>0xcd</size>
         <input_file_ref idref="fl-5e"/>
      </object_component>
      <object_component id="oc-524">
         <name>.debug_info</name>
         <load_address>0x56a5</load_address>
         <run_address>0x56a5</run_address>
         <size>0x150</size>
         <input_file_ref idref="fl-5f"/>
      </object_component>
      <object_component id="oc-461">
         <name>.debug_info</name>
         <load_address>0x57f5</load_address>
         <run_address>0x57f5</run_address>
         <size>0x153</size>
         <input_file_ref idref="fl-60"/>
      </object_component>
      <object_component id="oc-4ad">
         <name>.debug_info</name>
         <load_address>0x5948</load_address>
         <run_address>0x5948</run_address>
         <size>0x122</size>
         <input_file_ref idref="fl-63"/>
      </object_component>
      <object_component id="oc-676">
         <name>.debug_info</name>
         <load_address>0x5a6a</load_address>
         <run_address>0x5a6a</run_address>
         <size>0x95</size>
      </object_component>
      <object_component id="oc-486">
         <name>.debug_line</name>
         <load_address>0x0</load_address>
         <run_address>0x0</run_address>
         <size>0x68</size>
         <input_file_ref idref="fl-2"/>
      </object_component>
      <object_component id="oc-498">
         <name>.debug_line</name>
         <load_address>0x68</load_address>
         <run_address>0x68</run_address>
         <size>0x51</size>
         <input_file_ref idref="fl-2"/>
      </object_component>
      <object_component id="oc-4f6">
         <name>.debug_line</name>
         <load_address>0xb9</load_address>
         <run_address>0xb9</run_address>
         <size>0x48</size>
         <input_file_ref idref="fl-2"/>
      </object_component>
      <object_component id="oc-4f8">
         <name>.debug_line</name>
         <load_address>0x101</load_address>
         <run_address>0x101</run_address>
         <size>0x47</size>
         <input_file_ref idref="fl-2"/>
      </object_component>
      <object_component id="oc-3f6">
         <name>.debug_line</name>
         <load_address>0x148</load_address>
         <run_address>0x148</run_address>
         <size>0x4e</size>
         <input_file_ref idref="fl-2"/>
      </object_component>
      <object_component id="oc-48a">
         <name>.debug_line</name>
         <load_address>0x196</load_address>
         <run_address>0x196</run_address>
         <size>0x72</size>
         <input_file_ref idref="fl-2"/>
      </object_component>
      <object_component id="oc-3e2">
         <name>.debug_line</name>
         <load_address>0x208</load_address>
         <run_address>0x208</run_address>
         <size>0x20</size>
         <input_file_ref idref="fl-2"/>
      </object_component>
      <object_component id="oc-494">
         <name>.debug_line</name>
         <load_address>0x228</load_address>
         <run_address>0x228</run_address>
         <size>0x76</size>
         <input_file_ref idref="fl-2"/>
      </object_component>
      <object_component id="oc-455">
         <name>.debug_line</name>
         <load_address>0x29e</load_address>
         <run_address>0x29e</run_address>
         <size>0x73</size>
         <input_file_ref idref="fl-2"/>
      </object_component>
      <object_component id="oc-48d">
         <name>.debug_line</name>
         <load_address>0x311</load_address>
         <run_address>0x311</run_address>
         <size>0x82</size>
         <input_file_ref idref="fl-3"/>
      </object_component>
      <object_component id="oc-469">
         <name>.debug_line</name>
         <load_address>0x393</load_address>
         <run_address>0x393</run_address>
         <size>0x58</size>
         <input_file_ref idref="fl-3"/>
      </object_component>
      <object_component id="oc-48f">
         <name>.debug_line</name>
         <load_address>0x3eb</load_address>
         <run_address>0x3eb</run_address>
         <size>0x2c</size>
         <input_file_ref idref="fl-4"/>
      </object_component>
      <object_component id="oc-5b7">
         <name>.debug_line</name>
         <load_address>0x417</load_address>
         <run_address>0x417</run_address>
         <size>0x2d</size>
         <input_file_ref idref="fl-4"/>
      </object_component>
      <object_component id="oc-4fe">
         <name>.debug_line</name>
         <load_address>0x444</load_address>
         <run_address>0x444</run_address>
         <size>0x5b</size>
         <input_file_ref idref="fl-4"/>
      </object_component>
      <object_component id="oc-4a2">
         <name>.debug_line</name>
         <load_address>0x49f</load_address>
         <run_address>0x49f</run_address>
         <size>0x57</size>
         <input_file_ref idref="fl-4"/>
      </object_component>
      <object_component id="oc-509">
         <name>.debug_line</name>
         <load_address>0x4f6</load_address>
         <run_address>0x4f6</run_address>
         <size>0x4c</size>
         <input_file_ref idref="fl-4"/>
      </object_component>
      <object_component id="oc-50e">
         <name>.debug_line</name>
         <load_address>0x542</load_address>
         <run_address>0x542</run_address>
         <size>0x53</size>
         <input_file_ref idref="fl-4"/>
      </object_component>
      <object_component id="oc-4a5">
         <name>.debug_line</name>
         <load_address>0x595</load_address>
         <run_address>0x595</run_address>
         <size>0x41</size>
         <input_file_ref idref="fl-4"/>
      </object_component>
      <object_component id="oc-6d">
         <name>.debug_line</name>
         <load_address>0x5d6</load_address>
         <run_address>0x5d6</run_address>
         <size>0x9d</size>
         <input_file_ref idref="fl-25"/>
      </object_component>
      <object_component id="oc-483">
         <name>.debug_line</name>
         <load_address>0x673</load_address>
         <run_address>0x673</run_address>
         <size>0x9a</size>
         <input_file_ref idref="fl-25"/>
      </object_component>
      <object_component id="oc-43c">
         <name>.debug_line</name>
         <load_address>0x70d</load_address>
         <run_address>0x70d</run_address>
         <size>0x96</size>
         <input_file_ref idref="fl-25"/>
      </object_component>
      <object_component id="oc-3dd">
         <name>.debug_line</name>
         <load_address>0x7a3</load_address>
         <run_address>0x7a3</run_address>
         <size>0x3a</size>
         <input_file_ref idref="fl-25"/>
      </object_component>
      <object_component id="oc-440">
         <name>.debug_line</name>
         <load_address>0x7dd</load_address>
         <run_address>0x7dd</run_address>
         <size>0x3a</size>
         <input_file_ref idref="fl-26"/>
      </object_component>
      <object_component id="oc-72">
         <name>.debug_line</name>
         <load_address>0x817</load_address>
         <run_address>0x817</run_address>
         <size>0x50</size>
         <input_file_ref idref="fl-26"/>
      </object_component>
      <object_component id="oc-3ed">
         <name>.debug_line</name>
         <load_address>0x867</load_address>
         <run_address>0x867</run_address>
         <size>0x3a</size>
         <input_file_ref idref="fl-26"/>
      </object_component>
      <object_component id="oc-3f2">
         <name>.debug_line</name>
         <load_address>0x8a1</load_address>
         <run_address>0x8a1</run_address>
         <size>0x3d</size>
         <input_file_ref idref="fl-28"/>
      </object_component>
      <object_component id="oc-3fd">
         <name>.debug_line</name>
         <load_address>0x8de</load_address>
         <run_address>0x8de</run_address>
         <size>0x53</size>
         <input_file_ref idref="fl-41"/>
      </object_component>
      <object_component id="oc-45b">
         <name>.debug_line</name>
         <load_address>0x931</load_address>
         <run_address>0x931</run_address>
         <size>0x34</size>
         <input_file_ref idref="fl-41"/>
      </object_component>
      <object_component id="oc-3e6">
         <name>.debug_line</name>
         <load_address>0x965</load_address>
         <run_address>0x965</run_address>
         <size>0x52</size>
         <input_file_ref idref="fl-42"/>
      </object_component>
      <object_component id="oc-57f">
         <name>.debug_line</name>
         <load_address>0x9b7</load_address>
         <run_address>0x9b7</run_address>
         <size>0xbb</size>
         <input_file_ref idref="fl-43"/>
      </object_component>
      <object_component id="oc-60c">
         <name>.debug_line</name>
         <load_address>0xa72</load_address>
         <run_address>0xa72</run_address>
         <size>0x20</size>
         <input_file_ref idref="fl-44"/>
      </object_component>
      <object_component id="oc-576">
         <name>.debug_line</name>
         <load_address>0xa92</load_address>
         <run_address>0xa92</run_address>
         <size>0x76</size>
         <input_file_ref idref="fl-44"/>
      </object_component>
      <object_component id="oc-5cc">
         <name>.debug_line</name>
         <load_address>0xb08</load_address>
         <run_address>0xb08</run_address>
         <size>0x2e</size>
         <input_file_ref idref="fl-44"/>
      </object_component>
      <object_component id="oc-565">
         <name>.debug_line</name>
         <load_address>0xb36</load_address>
         <run_address>0xb36</run_address>
         <size>0x56</size>
         <input_file_ref idref="fl-45"/>
      </object_component>
      <object_component id="oc-55f">
         <name>.debug_line</name>
         <load_address>0xb8c</load_address>
         <run_address>0xb8c</run_address>
         <size>0x7d</size>
         <input_file_ref idref="fl-46"/>
      </object_component>
      <object_component id="oc-552">
         <name>.debug_line</name>
         <load_address>0xc09</load_address>
         <run_address>0xc09</run_address>
         <size>0x54</size>
         <input_file_ref idref="fl-47"/>
      </object_component>
      <object_component id="oc-5fb">
         <name>.debug_line</name>
         <load_address>0xc5d</load_address>
         <run_address>0xc5d</run_address>
         <size>0x20</size>
         <input_file_ref idref="fl-48"/>
      </object_component>
      <object_component id="oc-54f">
         <name>.debug_line</name>
         <load_address>0xc7d</load_address>
         <run_address>0xc7d</run_address>
         <size>0x76</size>
         <input_file_ref idref="fl-48"/>
      </object_component>
      <object_component id="oc-5d9">
         <name>.debug_line</name>
         <load_address>0xcf3</load_address>
         <run_address>0xcf3</run_address>
         <size>0x2e</size>
         <input_file_ref idref="fl-48"/>
      </object_component>
      <object_component id="oc-609">
         <name>.debug_line</name>
         <load_address>0xd21</load_address>
         <run_address>0xd21</run_address>
         <size>0x2d</size>
         <input_file_ref idref="fl-49"/>
      </object_component>
      <object_component id="oc-56b">
         <name>.debug_line</name>
         <load_address>0xd4e</load_address>
         <run_address>0xd4e</run_address>
         <size>0xec</size>
         <input_file_ref idref="fl-49"/>
      </object_component>
      <object_component id="oc-5d1">
         <name>.debug_line</name>
         <load_address>0xe3a</load_address>
         <run_address>0xe3a</run_address>
         <size>0x65</size>
         <input_file_ref idref="fl-4a"/>
      </object_component>
      <object_component id="oc-558">
         <name>.debug_line</name>
         <load_address>0xe9f</load_address>
         <run_address>0xe9f</run_address>
         <size>0x8e</size>
         <input_file_ref idref="fl-4b"/>
      </object_component>
      <object_component id="oc-5fe">
         <name>.debug_line</name>
         <load_address>0xf2d</load_address>
         <run_address>0xf2d</run_address>
         <size>0x5a</size>
         <input_file_ref idref="fl-50"/>
      </object_component>
      <object_component id="oc-606">
         <name>.debug_line</name>
         <load_address>0xf87</load_address>
         <run_address>0xf87</run_address>
         <size>0x50</size>
         <input_file_ref idref="fl-52"/>
      </object_component>
      <object_component id="oc-56e">
         <name>.debug_line</name>
         <load_address>0xfd7</load_address>
         <run_address>0xfd7</run_address>
         <size>0x49</size>
         <input_file_ref idref="fl-55"/>
      </object_component>
      <object_component id="oc-579">
         <name>.debug_line</name>
         <load_address>0x1020</load_address>
         <run_address>0x1020</run_address>
         <size>0x3f</size>
         <input_file_ref idref="fl-56"/>
      </object_component>
      <object_component id="oc-5dd">
         <name>.debug_line</name>
         <load_address>0x105f</load_address>
         <run_address>0x105f</run_address>
         <size>0x56</size>
         <input_file_ref idref="fl-57"/>
      </object_component>
      <object_component id="oc-450">
         <name>.debug_line</name>
         <load_address>0x10b5</load_address>
         <run_address>0x10b5</run_address>
         <size>0x53</size>
         <input_file_ref idref="fl-58"/>
      </object_component>
      <object_component id="oc-5c4">
         <name>.debug_line</name>
         <load_address>0x1108</load_address>
         <run_address>0x1108</run_address>
         <size>0x56</size>
         <input_file_ref idref="fl-59"/>
      </object_component>
      <object_component id="oc-5bd">
         <name>.debug_line</name>
         <load_address>0x115e</load_address>
         <run_address>0x115e</run_address>
         <size>0x53</size>
         <input_file_ref idref="fl-5a"/>
      </object_component>
      <object_component id="oc-438">
         <name>.debug_line</name>
         <load_address>0x11b1</load_address>
         <run_address>0x11b1</run_address>
         <size>0x2a</size>
         <input_file_ref idref="fl-5b"/>
      </object_component>
      <object_component id="oc-428">
         <name>.debug_line</name>
         <load_address>0x11db</load_address>
         <run_address>0x11db</run_address>
         <size>0x4b</size>
         <input_file_ref idref="fl-5b"/>
      </object_component>
      <object_component id="oc-47b">
         <name>.debug_line</name>
         <load_address>0x1226</load_address>
         <run_address>0x1226</run_address>
         <size>0x49</size>
         <input_file_ref idref="fl-5c"/>
      </object_component>
      <object_component id="oc-4ee">
         <name>.debug_line</name>
         <load_address>0x126f</load_address>
         <run_address>0x126f</run_address>
         <size>0x71</size>
         <input_file_ref idref="fl-5c"/>
      </object_component>
      <object_component id="oc-599">
         <name>.debug_line</name>
         <load_address>0x12e0</load_address>
         <run_address>0x12e0</run_address>
         <size>0xbf</size>
         <input_file_ref idref="fl-5e"/>
      </object_component>
      <object_component id="oc-4d1">
         <name>.debug_line</name>
         <load_address>0x139f</load_address>
         <run_address>0x139f</run_address>
         <size>0x84</size>
         <input_file_ref idref="fl-5e"/>
      </object_component>
      <object_component id="oc-59d">
         <name>.debug_line</name>
         <load_address>0x1423</load_address>
         <run_address>0x1423</run_address>
         <size>0x2e</size>
         <input_file_ref idref="fl-5e"/>
      </object_component>
      <object_component id="oc-5b4">
         <name>.debug_line</name>
         <load_address>0x1451</load_address>
         <run_address>0x1451</run_address>
         <size>0x9a</size>
         <input_file_ref idref="fl-5e"/>
      </object_component>
      <object_component id="oc-538">
         <name>.debug_line</name>
         <load_address>0x14eb</load_address>
         <run_address>0x14eb</run_address>
         <size>0x97</size>
         <input_file_ref idref="fl-5e"/>
      </object_component>
      <object_component id="oc-5a2">
         <name>.debug_line</name>
         <load_address>0x1582</load_address>
         <run_address>0x1582</run_address>
         <size>0x93</size>
         <input_file_ref idref="fl-5e"/>
      </object_component>
      <object_component id="oc-527">
         <name>.debug_line</name>
         <load_address>0x1615</load_address>
         <run_address>0x1615</run_address>
         <size>0x3a</size>
         <input_file_ref idref="fl-5f"/>
      </object_component>
      <object_component id="oc-463">
         <name>.debug_line</name>
         <load_address>0x164f</load_address>
         <run_address>0x164f</run_address>
         <size>0x3e</size>
         <input_file_ref idref="fl-60"/>
      </object_component>
      <object_component id="oc-4b0">
         <name>.debug_line</name>
         <load_address>0x168d</load_address>
         <run_address>0x168d</run_address>
         <size>0x3d</size>
         <input_file_ref idref="fl-63"/>
      </object_component>
      <object_component id="oc-499">
         <name>.debug_frame</name>
         <load_address>0x0</load_address>
         <run_address>0x0</run_address>
         <size>0x3c</size>
         <input_file_ref idref="fl-2"/>
      </object_component>
      <object_component id="oc-4f2">
         <name>.debug_frame</name>
         <load_address>0x3c</load_address>
         <run_address>0x3c</run_address>
         <size>0x3c</size>
         <input_file_ref idref="fl-2"/>
      </object_component>
      <object_component id="oc-4f9">
         <name>.debug_frame</name>
         <load_address>0x78</load_address>
         <run_address>0x78</run_address>
         <size>0x3c</size>
         <input_file_ref idref="fl-2"/>
      </object_component>
      <object_component id="oc-3fa">
         <name>.debug_frame</name>
         <load_address>0xb4</load_address>
         <run_address>0xb4</run_address>
         <size>0x54</size>
         <input_file_ref idref="fl-2"/>
      </object_component>
      <object_component id="oc-468">
         <name>.debug_frame</name>
         <load_address>0x108</load_address>
         <run_address>0x108</run_address>
         <size>0x3c</size>
         <input_file_ref idref="fl-3"/>
      </object_component>
      <object_component id="oc-502">
         <name>.debug_frame</name>
         <load_address>0x144</load_address>
         <run_address>0x144</run_address>
         <size>0x40</size>
         <input_file_ref idref="fl-4"/>
      </object_component>
      <object_component id="oc-4a3">
         <name>.debug_frame</name>
         <load_address>0x184</load_address>
         <run_address>0x184</run_address>
         <size>0x40</size>
         <input_file_ref idref="fl-4"/>
      </object_component>
      <object_component id="oc-505">
         <name>.debug_frame</name>
         <load_address>0x1c4</load_address>
         <run_address>0x1c4</run_address>
         <size>0x3c</size>
         <input_file_ref idref="fl-4"/>
      </object_component>
      <object_component id="oc-50f">
         <name>.debug_frame</name>
         <load_address>0x200</load_address>
         <run_address>0x200</run_address>
         <size>0x50</size>
         <input_file_ref idref="fl-4"/>
      </object_component>
      <object_component id="oc-4a9">
         <name>.debug_frame</name>
         <load_address>0x250</load_address>
         <run_address>0x250</run_address>
         <size>0x3c</size>
         <input_file_ref idref="fl-4"/>
      </object_component>
      <object_component id="oc-6a">
         <name>.debug_frame</name>
         <load_address>0x28c</load_address>
         <run_address>0x28c</run_address>
         <size>0x6c</size>
         <input_file_ref idref="fl-25"/>
      </object_component>
      <object_component id="oc-73">
         <name>.debug_frame</name>
         <load_address>0x2f8</load_address>
         <run_address>0x2f8</run_address>
         <size>0x48</size>
         <input_file_ref idref="fl-26"/>
      </object_component>
      <object_component id="oc-400">
         <name>.debug_frame</name>
         <load_address>0x340</load_address>
         <run_address>0x340</run_address>
         <size>0x44</size>
         <input_file_ref idref="fl-41"/>
      </object_component>
      <object_component id="oc-577">
         <name>.debug_frame</name>
         <load_address>0x384</load_address>
         <run_address>0x384</run_address>
         <size>0x4c</size>
         <input_file_ref idref="fl-44"/>
      </object_component>
      <object_component id="oc-564">
         <name>.debug_frame</name>
         <load_address>0x3d0</load_address>
         <run_address>0x3d0</run_address>
         <size>0x48</size>
         <input_file_ref idref="fl-45"/>
      </object_component>
      <object_component id="oc-550">
         <name>.debug_frame</name>
         <load_address>0x418</load_address>
         <run_address>0x418</run_address>
         <size>0x5c</size>
         <input_file_ref idref="fl-48"/>
      </object_component>
      <object_component id="oc-56a">
         <name>.debug_frame</name>
         <load_address>0x474</load_address>
         <run_address>0x474</run_address>
         <size>0x54</size>
         <input_file_ref idref="fl-49"/>
      </object_component>
      <object_component id="oc-5cf">
         <name>.debug_frame</name>
         <load_address>0x4c8</load_address>
         <run_address>0x4c8</run_address>
         <size>0x5c</size>
         <input_file_ref idref="fl-4a"/>
      </object_component>
      <object_component id="oc-571">
         <name>.debug_frame</name>
         <load_address>0x524</load_address>
         <run_address>0x524</run_address>
         <size>0x40</size>
         <input_file_ref idref="fl-55"/>
      </object_component>
      <object_component id="oc-44f">
         <name>.debug_frame</name>
         <load_address>0x564</load_address>
         <run_address>0x564</run_address>
         <size>0x3c</size>
         <input_file_ref idref="fl-58"/>
      </object_component>
      <object_component id="oc-5bc">
         <name>.debug_frame</name>
         <load_address>0x5a0</load_address>
         <run_address>0x5a0</run_address>
         <size>0x3c</size>
         <input_file_ref idref="fl-5a"/>
      </object_component>
      <object_component id="oc-427">
         <name>.debug_frame</name>
         <load_address>0x5dc</load_address>
         <run_address>0x5dc</run_address>
         <size>0x34</size>
         <input_file_ref idref="fl-5b"/>
      </object_component>
      <object_component id="oc-47a">
         <name>.debug_frame</name>
         <load_address>0x70c</load_address>
         <run_address>0x70c</run_address>
         <size>0x3f</size>
         <input_file_ref idref="fl-5c"/>
      </object_component>
      <object_component id="oc-4d5">
         <name>.debug_frame</name>
         <load_address>0x610</load_address>
         <run_address>0x610</run_address>
         <size>0x48</size>
         <input_file_ref idref="fl-5e"/>
      </object_component>
      <object_component id="oc-528">
         <name>.debug_frame</name>
         <load_address>0x658</load_address>
         <run_address>0x658</run_address>
         <size>0x3c</size>
         <input_file_ref idref="fl-5f"/>
      </object_component>
      <object_component id="oc-460">
         <name>.debug_frame</name>
         <load_address>0x694</load_address>
         <run_address>0x694</run_address>
         <size>0x3c</size>
         <input_file_ref idref="fl-60"/>
      </object_component>
      <object_component id="oc-4b1">
         <name>.debug_frame</name>
         <load_address>0x6d0</load_address>
         <run_address>0x6d0</run_address>
         <size>0x3c</size>
         <input_file_ref idref="fl-63"/>
      </object_component>
      <object_component id="oc-485">
         <name>.debug_abbrev</name>
         <load_address>0x0</load_address>
         <run_address>0x0</run_address>
         <size>0x78</size>
         <input_file_ref idref="fl-2"/>
      </object_component>
      <object_component id="oc-4f0">
         <name>.debug_abbrev</name>
         <load_address>0x78</load_address>
         <run_address>0x78</run_address>
         <size>0x50</size>
         <input_file_ref idref="fl-2"/>
      </object_component>
      <object_component id="oc-544">
         <name>.debug_abbrev</name>
         <load_address>0xc8</load_address>
         <run_address>0xc8</run_address>
         <size>0x6c</size>
         <input_file_ref idref="fl-2"/>
      </object_component>
      <object_component id="oc-545">
         <name>.debug_abbrev</name>
         <load_address>0x134</load_address>
         <run_address>0x134</run_address>
         <size>0x6c</size>
         <input_file_ref idref="fl-2"/>
      </object_component>
      <object_component id="oc-451">
         <name>.debug_abbrev</name>
         <load_address>0x1a0</load_address>
         <run_address>0x1a0</run_address>
         <size>0x6f</size>
         <input_file_ref idref="fl-2"/>
      </object_component>
      <object_component id="oc-489">
         <name>.debug_abbrev</name>
         <load_address>0x20f</load_address>
         <run_address>0x20f</run_address>
         <size>0x69</size>
         <input_file_ref idref="fl-2"/>
      </object_component>
      <object_component id="oc-3e1">
         <name>.debug_abbrev</name>
         <load_address>0x278</load_address>
         <run_address>0x278</run_address>
         <size>0x1f</size>
         <input_file_ref idref="fl-2"/>
      </object_component>
      <object_component id="oc-493">
         <name>.debug_abbrev</name>
         <load_address>0x297</load_address>
         <run_address>0x297</run_address>
         <size>0x35</size>
         <input_file_ref idref="fl-2"/>
      </object_component>
      <object_component id="oc-454">
         <name>.debug_abbrev</name>
         <load_address>0x2cc</load_address>
         <run_address>0x2cc</run_address>
         <size>0x24</size>
         <input_file_ref idref="fl-2"/>
      </object_component>
      <object_component id="oc-48c">
         <name>.debug_abbrev</name>
         <load_address>0x2f0</load_address>
         <run_address>0x2f0</run_address>
         <size>0xaa</size>
         <input_file_ref idref="fl-3"/>
      </object_component>
      <object_component id="oc-4ab">
         <name>.debug_abbrev</name>
         <load_address>0x39a</load_address>
         <run_address>0x39a</run_address>
         <size>0x62</size>
         <input_file_ref idref="fl-3"/>
      </object_component>
      <object_component id="oc-48e">
         <name>.debug_abbrev</name>
         <load_address>0x3fc</load_address>
         <run_address>0x3fc</run_address>
         <size>0x61</size>
         <input_file_ref idref="fl-4"/>
      </object_component>
      <object_component id="oc-5b6">
         <name>.debug_abbrev</name>
         <load_address>0x45d</load_address>
         <run_address>0x45d</run_address>
         <size>0x27</size>
         <input_file_ref idref="fl-4"/>
      </object_component>
      <object_component id="oc-549">
         <name>.debug_abbrev</name>
         <load_address>0x484</load_address>
         <run_address>0x484</run_address>
         <size>0x6a</size>
         <input_file_ref idref="fl-4"/>
      </object_component>
      <object_component id="oc-503">
         <name>.debug_abbrev</name>
         <load_address>0x4ee</load_address>
         <run_address>0x4ee</run_address>
         <size>0x6c</size>
         <input_file_ref idref="fl-4"/>
[...]
      </symbol>
      <symbol id="sm-324">
         <name>UCB1TXBUF_L</name>
         <value>0x58e</value>
      </symbol>
      <symbol id="sm-325">
         <name>UCB1TXBUF_H</name>
         <value>0x58f</value>
      </symbol>
      <symbol id="sm-326">
         <name>UCB1I2COA0</name>
         <value>0x594</value>
      </symbol>
      <symbol id="sm-327">
         <name>UCB1I2COA0_L</name>
         <value>0x594</value>
      </symbol>
      <symbol id="sm-328">
         <name>UCB1I2COA0_H</name>
         <value>0x595</value>
      </symbol>
      <symbol id="sm-329">
         <name>UCB1I2COA1</name>
         <value>0x596</value>
      </symbol>
      <symbol id="sm-32a">
         <name>UCB1I2COA1_L</name>
         <value>0x596</value>
      </symbol>
      <symbol id="sm-32b">
         <name>UCB1I2COA1_H</name>
         <value>0x597</value>
      </symbol>
      <symbol id="sm-32c">
         <name>UCB1I2COA2</name>
         <value>0x598</value>
      </symbol>
      <symbol id="sm-32d">
         <name>UCB1I2COA2_L</name>
         <value>0x598</value>
      </symbol>
      <symbol id="sm-32e">
         <name>UCB1I2COA2_H</name>
         <value>0x599</value>
      </symbol>
      <symbol id="sm-32f">
         <name>UCB1I2COA3</name>
         <value>0x59a</value>
      </symbol>
      <symbol id="sm-330">
         <name>UCB1I2COA3_L</name>
         <value>0x59a</value>
      </symbol>
      <symbol id="sm-331">
         <name>UCB1I2COA3_H</name>
         <value>0x59b</value>
      </symbol>
      <symbol id="sm-332">
         <name>UCB1ADDRX</name>
         <value>0x59c</value>
      </symbol>
      <symbol id="sm-333">
         <name>UCB1ADDRX_L</name>
         <value>0x59c</value>
      </symbol>
      <symbol id="sm-334">
         <name>UCB1ADDRX_H</name>
         <value>0x59d</value>
      </symbol>
      <symbol id="sm-335">
         <name>UCB1ADDMASK</name>
         <value>0x59e</value>
      </symbol>
      <symbol id="sm-336">
         <name>UCB1ADDMASK_L</name>
         <value>0x59e</value>
      </symbol>
      <symbol id="sm-337">
         <name>UCB1ADDMASK_H</name>
         <value>0x59f</value>
      </symbol>
      <symbol id="sm-338">
         <name>UCB1I2CSA</name>
         <value>0x5a0</value>
      </symbol>
      <symbol id="sm-339">
         <name>UCB1I2CSA_L</name>
         <value>0x5a0</value>
      </symbol>
      <symbol id="sm-33a">
         <name>UCB1I2CSA_H</name>
         <value>0x5a1</value>
      </symbol>
      <symbol id="sm-33b">
         <name>UCB1IE</name>
         <value>0x5aa</value>
      </symbol>
      <symbol id="sm-33c">
         <name>UCB1IE_L</name>
         <value>0x5aa</value>
      </symbol>
      <symbol id="sm-33d">
         <name>UCB1IE_H</name>
         <value>0x5ab</value>
      </symbol>
      <symbol id="sm-33e">
         <name>UCB1IFG</name>
         <value>0x5ac</value>
      </symbol>
      <symbol id="sm-33f">
         <name>UCB1IFG_L</name>
         <value>0x5ac</value>
      </symbol>
      <symbol id="sm-340">
         <name>UCB1IFG_H</name>
         <value>0x5ad</value>
      </symbol>
      <symbol id="sm-341">
         <name>UCB1IV</name>
         <value>0x5ae</value>
      </symbol>
      <symbol id="sm-342">
         <name>UCB1IV_L</name>
         <value>0x5ae</value>
      </symbol>
      <symbol id="sm-343">
         <name>UCB1IV_H</name>
         <value>0x5af</value>
      </symbol>
      <symbol id="sm-344">
         <name>fram_rw_start</name>
         <value>0x8000</value>
      </symbol>
      <symbol id="sm-345">
         <name>fram_rx_start</name>
         <value>0x8000</value>
      </symbol>
      <symbol id="sm-346">
         <name>__TI_CINIT_Base</name>
         <value>0x803e</value>
      </symbol>
      <symbol id="sm-347">
         <name>__TI_CINIT_Limit</name>
         <value>0x804e</value>
      </symbol>
      <symbol id="sm-348">
         <name>__TI_CINIT_Warm</name>
         <value>0x804e</value>
      </symbol>
      <symbol id="sm-349">
         <name>__TI_Handler_Table_Base</name>
         <value>0x802c</value>
      </symbol>
      <symbol id="sm-34a">
         <name>__TI_Handler_Table_Limit</name>
         <value>0x8038</value>
      </symbol>
      <symbol id="sm-34b">
         <name>__STACK_SIZE</name>
         <value>0xa0</value>
      </symbol>
      <symbol id="sm-34c">
         <name>__STACK_END</name>
         <value>0x3800</value>
      </symbol>
      <symbol id="sm-34d">
         <name>__c_args__</name>
         <value>0xffffffff</value>
      </symbol>
      <symbol id="sm-34e">
         <name>__TI_pprof_out_hndl</name>
         <value>0xffffffff</value>
      </symbol>
      <symbol id="sm-34f">
         <name>__TI_prof_data_start</name>
         <value>0xffffffff</value>
      </symbol>
      <symbol id="sm-350">
         <name>__TI_prof_data_size</name>
         <value>0xffffffff</value>
      </symbol>
      <symbol id="sm-3dc">
         <name>data_in</name>
         <value>0x202e</value>
      </symbol>
      <symbol id="sm-3dd">
         <name>data_out</name>
         <value>0x2036</value>
      </symbol>
      <symbol id="sm-3de">
         <name>__TI_int28</name>
         <value>0xffda</value>
         <object_component_ref idref="oc-7c"/>
      </symbol>
      <symbol id="sm-3df">
         <name>init_i2c</name>
         <value>0x8e5a</value>
         <object_component_ref idref="oc-497"/>
      </symbol>
      <symbol id="sm-3e0">
         <name>i2c_read</name>
         <value>0x91d8</value>
         <object_component_ref idref="oc-4f7"/>
      </symbol>
      <symbol id="sm-3e1">
         <name>i2c_write</name>
         <value>0x91b6</value>
         <object_component_ref idref="oc-4f1"/>
      </symbol>
      <symbol id="sm-3e2">
         <name>EUSCI_B1_I2C_ISR</name>
         <value>0x9214</value>
         <object_component_ref idref="oc-3f5"/>
      </symbol>
      <symbol id="sm-3f5">
         <name>index</name>
         <value>0x203a</value>
      </symbol>
      <symbol id="sm-3f6">
         <name>main</name>
         <value>0x8d1a</value>
         <object_component_ref idref="oc-464"/>
      </symbol>
      <symbol id="sm-437">
         <name>get_temperature</name>
         <value>0x91f4</value>
         <object_component_ref idref="oc-4a4"/>
      </symbol>
      <symbol id="sm-438">
         <name>init_temp</name>
         <value>0x8c90</value>
         <object_component_ref idref="oc-49e"/>
      </symbol>
      <symbol id="sm-459">
         <name>__TI_decompress_lzss</name>
         <value>0x8918</value>
         <object_component_ref idref="oc-68"/>
      </symbol>
      <symbol id="sm-46a">
         <name>__TI_decompress_none</name>
         <value>0x904e</value>
         <object_component_ref idref="oc-6e"/>
      </symbol>
      <symbol id="sm-46d">
         <name>__TI_int20</name>
         <value>0xffca</value>
         <object_component_ref idref="oc-74"/>
      </symbol>
      <symbol id="sm-475">
         <name>__TI_ISR_TRAP</name>
         <value>0x92aa</value>
         <object_component_ref idref="oc-3f0"/>
      </symbol>
      <symbol id="sm-478">
         <name>__TI_int21</name>
         <value>0xffcc</value>
         <object_component_ref idref="oc-75"/>
      </symbol>
      <symbol id="sm-47b">
         <name>__TI_int22</name>
         <value>0xffce</value>
         <object_component_ref idref="oc-76"/>
      </symbol>
      <symbol id="sm-47e">
         <name>__TI_int23</name>
         <value>0xffd0</value>
         <object_component_ref idref="oc-77"/>
      </symbol>
      <symbol id="sm-481">
         <name>__TI_int24</name>
         <value>0xffd2</value>
         <object_component_ref idref="oc-78"/>
      </symbol>
      <symbol id="sm-484">
         <name>__TI_int25</name>
         <value>0xffd4</value>
         <object_component_ref idref="oc-79"/>
      </symbol>
      <symbol id="sm-487">
         <name>__TI_int26</name>
         <value>0xffd6</value>
         <object_component_ref idref="oc-7a"/>
      </symbol>
      <symbol id="sm-48a">
         <name>__TI_int27</name>
         <value>0xffd8</value>
         <object_component_ref idref="oc-7b"/>
      </symbol>
      <symbol id="sm-48d">
         <name>__TI_int29</name>
         <value>0xffdc</value>
         <object_component_ref idref="oc-7d"/>
      </symbol>
      <symbol id="sm-490">
         <name>__TI_int30</name>
         <value>0xffde</value>
         <object_component_ref idref="oc-7e"/>
      </symbol>
      <symbol id="sm-493">
         <name>__TI_int31</name>
         <value>0xffe0</value>
         <object_component_ref idref="oc-7f"/>
      </symbol>
      <symbol id="sm-496">
         <name>__TI_int32</name>
         <value>0xffe2</value>
         <object_component_ref idref="oc-80"/>
      </symbol>
      <symbol id="sm-499">
         <name>__TI_int33</name>
         <value>0xffe4</value>
         <object_component_ref idref="oc-81"/>
      </symbol>
      <symbol id="sm-49c">
         <name>__TI_int34</name>
         <value>0xffe6</value>
         <object_component_ref idref="oc-82"/>
      </symbol>
      <symbol id="sm-49f">
         <name>__TI_int35</name>
         <value>0xffe8</value>
         <object_component_ref idref="oc-83"/>
      </symbol>
      <symbol id="sm-4a2">
         <name>__TI_int36</name>
         <value>0xffea</value>
         <object_component_ref idref="oc-84"/>
      </symbol>
      <symbol id="sm-4a5">
         <name>__TI_int37</name>
         <value>0xffec</value>
         <object_component_ref idref="oc-85"/>
      </symbol>
      <symbol id="sm-4a8">
         <name>__TI_int38</name>
         <value>0xffee</value>
         <object_component_ref idref="oc-86"/>
      </symbol>
      <symbol id="sm-4ab">
         <name>__TI_int39</name>
         <value>0xfff0</value>
         <object_component_ref idref="oc-87"/>
      </symbol>
      <symbol id="sm-4ae">
         <name>__TI_int40</name>
         <value>0xfff2</value>
         <object_component_ref idref="oc-88"/>
      </symbol>
      <symbol id="sm-4b1">
         <name>__TI_int41</name>
         <value>0xfff4</value>
         <object_component_ref idref="oc-89"/>
      </symbol>
      <symbol id="sm-4b4">
         <name>__TI_int42</name>
         <value>0xfff6</value>
         <object_component_ref idref="oc-8a"/>
      </symbol>
      <symbol id="sm-4b7">
         <name>__TI_int43</name>
         <value>0xfff8</value>
         <object_component_ref idref="oc-8b"/>
      </symbol>
      <symbol id="sm-4ba">
         <name>__TI_int44</name>
         <value>0xfffa</value>
         <object_component_ref idref="oc-8c"/>
      </symbol>
      <symbol id="sm-4bd">
         <name>__TI_int45</name>
         <value>0xfffc</value>
         <object_component_ref idref="oc-8d"/>
      </symbol>
      <symbol id="sm-4cd">
         <name>__TI_zero_init_nomemset</name>
         <value>0x8f58</value>
         <object_component_ref idref="oc-3fb"/>
      </symbol>
      <symbol id="sm-4d8">
         <name>__memcpy_far</name>
         <value>0x8f18</value>
         <object_component_ref idref="oc-3e4"/>
      </symbol>
      <symbol id="sm-4f3">
         <name>__mspabi_subf</name>
         <value>0x86e0</value>
         <object_component_ref idref="oc-57d"/>
      </symbol>
      <symbol id="sm-4f4">
         <name>__mspabi_addf</name>
         <value>0x86e6</value>
         <object_component_ref idref="oc-57d"/>
      </symbol>
      <symbol id="sm-50e">
         <name>__mspabi_cvtdf</name>
         <value>0x8abe</value>
         <object_component_ref idref="oc-572"/>
      </symbol>
      <symbol id="sm-51c">
         <name>__mspabi_cvtfd</name>
         <value>0x8df6</value>
         <object_component_ref idref="oc-560"/>
      </symbol>
      <symbol id="sm-52e">
         <name>__mspabi_divf</name>
         <value>0x8b70</value>
         <object_component_ref idref="oc-55b"/>
      </symbol>
      <symbol id="sm-53a">
         <name>__mspabi_fltulf</name>
         <value>0x90fe</value>
         <object_component_ref idref="oc-551"/>
      </symbol>
      <symbol id="sm-554">
         <name>__mspabi_fltulld</name>
         <value>0x8812</value>
         <object_component_ref idref="oc-54b"/>
      </symbol>
      <symbol id="sm-57a">
         <name>__mspabi_mpyd</name>
         <value>0x804e</value>
         <object_component_ref idref="oc-566"/>
      </symbol>
      <symbol id="sm-585">
         <name>__TI_frcmpyd</name>
         <value>0x857c</value>
         <object_component_ref idref="oc-5ce"/>
      </symbol>
      <symbol id="sm-59c">
         <name>__mspabi_mpyf</name>
         <value>0x8a06</value>
         <object_component_ref idref="oc-556"/>
      </symbol>
      <symbol id="sm-5a8">
         <name>__mspabi_mpyll_f5hw</name>
         <value>0x8ebc</value>
         <object_component_ref idref="oc-5fd"/>
      </symbol>
      <symbol id="sm-5b1">
         <name>__mspabi_mpyull_f5hw</name>
         <value>0x9160</value>
         <object_component_ref idref="oc-602"/>
      </symbol>
      <symbol id="sm-5bc">
         <name>__mspabi_negd</name>
         <value>0x918c</value>
         <object_component_ref idref="oc-56c"/>
      </symbol>
      <symbol id="sm-5c5">
         <name>__mspabi_negf</name>
         <value>0x91fe</value>
         <object_component_ref idref="oc-578"/>
      </symbol>
      <symbol id="sm-5cd">
         <name>__mspabi_slll_9</name>
         <value>0x8fec</value>
         <object_component_ref idref="oc-5dc"/>
      </symbol>
      <symbol id="sm-5ce">
         <name>__mspabi_slll_8</name>
         <value>0x8ff0</value>
         <object_component_ref idref="oc-5dc"/>
      </symbol>
      <symbol id="sm-5cf">
         <name>__mspabi_slll_7</name>
         <value>0x8ff4</value>
         <object_component_ref idref="oc-5dc"/>
      </symbol>
      <symbol id="sm-5d0">
         <name>__mspabi_slll_6</name>
         <value>0x8ff8</value>
         <object_component_ref idref="oc-5dc"/>
      </symbol>
      <symbol id="sm-5d1">
         <name>__mspabi_slll_5</name>
         <value>0x8ffc</value>
         <object_component_ref idref="oc-5dc"/>
      </symbol>
      <symbol id="sm-5d2">
         <name>__mspabi_slll_4</name>
         <value>0x9000</value>
         <object_component_ref idref="oc-5dc"/>
      </symbol>
      <symbol id="sm-5d3">
         <name>__mspabi_slll_3</name>
         <value>0x9004</value>
         <object_component_ref idref="oc-5dc"/>
      </symbol>
      <symbol id="sm-5d4">
         <name>__mspabi_slll_2</name>
         <value>0x9008</value>
         <object_component_ref idref="oc-5dc"/>
      </symbol>
      <symbol id="sm-5d5">
         <name>__mspabi_slll_1</name>
         <value>0x900c</value>
         <object_component_ref idref="oc-5dc"/>
      </symbol>
      <symbol id="sm-5d6">
         <name>__mspabi_slll_15</name>
         <value>0x8fd4</value>
         <object_component_ref idref="oc-5dc"/>
      </symbol>
      <symbol id="sm-5d7">
         <name>__mspabi_slll_14</name>
         <value>0x8fd8</value>
         <object_component_ref idref="oc-5dc"/>
      </symbol>
      <symbol id="sm-5d8">
         <name>__mspabi_slll_13</name>
         <value>0x8fdc</value>
         <object_component_ref idref="oc-5dc"/>
      </symbol>
      <symbol id="sm-5d9">
         <name>__mspabi_slll_12</name>
         <value>0x8fe0</value>
         <object_component_ref idref="oc-5dc"/>
      </symbol>
      <symbol id="sm-5da">
         <name>__mspabi_slll_11</name>
         <value>0x8fe4</value>
         <object_component_ref idref="oc-5dc"/>
      </symbol>
      <symbol id="sm-5db">
         <name>__mspabi_slll_10</name>
         <value>0x8fe8</value>
         <object_component_ref idref="oc-5dc"/>
      </symbol>
      <symbol id="sm-5e8">
         <name>__mspabi_sllll</name>
         <value>0x908a</value>
         <object_component_ref idref="oc-44b"/>
      </symbol>
      <symbol id="sm-5f0">
         <name>__mspabi_sral_15</name>
         <value>0x8f96</value>
         <object_component_ref idref="oc-5c3"/>
      </symbol>
      <symbol id="sm-5f1">
         <name>__mspabi_sral_14</name>
         <value>0x8f9a</value>
         <object_component_ref idref="oc-5c3"/>
      </symbol>
      <symbol id="sm-5f2">
         <name>__mspabi_sral_13</name>
         <value>0x8f9e</value>
         <object_component_ref idref="oc-5c3"/>
      </symbol>
      <symbol id="sm-5f3">
         <name>__mspabi_sral_12</name>
         <value>0x8fa2</value>
         <object_component_ref idref="oc-5c3"/>
      </symbol>
      <symbol id="sm-5f4">
         <name>__mspabi_sral_11</name>
         <value>0x8fa6</value>
         <object_component_ref idref="oc-5c3"/>
      </symbol>
      <symbol id="sm-5f5">
         <name>__mspabi_sral_10</name>
         <value>0x8faa</value>
         <object_component_ref idref="oc-5c3"/>
      </symbol>
      <symbol id="sm-5f6">
         <name>__mspabi_sral_8</name>
         <value>0x8fb2</value>
         <object_component_ref idref="oc-5c3"/>
      </symbol>
      <symbol id="sm-5f7">
         <name>__mspabi_sral_9</name>
         <value>0x8fae</value>
         <object_component_ref idref="oc-5c3"/>
      </symbol>
      <symbol id="sm-5f8">
         <name>__mspabi_sral_6</name>
         <value>0x8fba</value>
         <object_component_ref idref="oc-5c3"/>
      </symbol>
      <symbol id="sm-5f9">
         <name>__mspabi_sral_7</name>
         <value>0x8fb6</value>
         <object_component_ref idref="oc-5c3"/>
      </symbol>
      <symbol id="sm-5fa">
         <name>__mspabi_sral_4</name>
         <value>0x8fc2</value>
         <object_component_ref idref="oc-5c3"/>
      </symbol>
      <symbol id="sm-5fb">
         <name>__mspabi_sral_5</name>
         <value>0x8fbe</value>
         <object_component_ref idref="oc-5c3"/>
      </symbol>
      <symbol id="sm-5fc">
         <name>__mspabi_sral_2</name>
         <value>0x8fca</value>
         <object_component_ref idref="oc-5c3"/>
      </symbol>
      <symbol id="sm-5fd">
         <name>__mspabi_sral_3</name>
         <value>0x8fc6</value>
         <object_component_ref idref="oc-5c3"/>
      </symbol>
      <symbol id="sm-5fe">
         <name>__mspabi_sral_1</name>
         <value>0x8fce</value>
         <object_component_ref idref="oc-5c3"/>
      </symbol>
      <symbol id="sm-60b">
         <name>__mspabi_srlll</name>
         <value>0x90c4</value>
         <object_component_ref idref="oc-5b8"/>
      </symbol>
      <symbol id="sm-61b">
         <name>_c_int00_noargs_mpu</name>
         <value>0x928a</value>
         <object_component_ref idref="oc-425"/>
      </symbol>
      <symbol id="sm-61c">
         <name>_stack</name>
         <value>0x3760</value>
         <object_component_ref idref="oc-3d5"/>
      </symbol>
      <symbol id="sm-61d">
         <name>_reset_vector</name>
         <value>0xfffe</value>
         <object_component_ref idref="oc-3d8"/>
      </symbol>
      <symbol id="sm-62b">
         <name>__mpu_init</name>
         <value>0x9012</value>
         <object_component_ref idref="oc-476"/>
      </symbol>
      <symbol id="sm-64e">
         <name>__TI_auto_init_nobinit_nopinit_hold_wdt</name>
         <value>0x8d8c</value>
         <object_component_ref idref="oc-4d0"/>
      </symbol>
      <symbol id="sm-657">
         <name>_system_post_cinit</name>
         <value>0x9212</value>
         <object_component_ref idref="oc-523"/>
      </symbol>
      <symbol id="sm-660">
         <name>_system_pre_init</name>
         <value>0x920e</value>
         <object_component_ref idref="oc-45e"/>
      </symbol>
      <symbol id="sm-66c">
         <name>C$$EXIT</name>
         <value>0x9208</value>
         <object_component_ref idref="oc-4ac"/>
      </symbol>
      <symbol id="sm-66d">
         <name>abort</name>
         <value>0x9208</value>
         <object_component_ref idref="oc-4ac"/>
      </symbol>
   </symbol_table>
   <title>Link successful</title>
</link_info>
