<?xml version="1.0" encoding="ISO-8859-1" ?>
<link_info>
   <banner>MSP430 Linker PC v21.6.0.LTS</banner>
   <copyright>Copyright (c) 2003-2018 Texas Instruments Incorporated</copyright>
   <link_time>0x649f462b</link_time>
   <link_errors>0x0</link_errors>
   <output_file>UnderwaterSensorSystem.out</output_file>
   <entry_point>
      <name>_c_int00_noargs_mpu</name>
      <address>0xdfe0</address>
   </entry_point>
   <input_file_list>
      <input_file id="fl-2">
         <path>.\</path>
         <kind>object</kind>
         <file>main.obj</file>
         <name>main.obj</name>
      </input_file>
      <input_file id="fl-3">
         <path>.\clock\</path>
         <kind>object</kind>
         <file>clock.obj</file>
         <name>clock.obj</name>
      </input_file>
      <input_file id="fl-4">
         <path>.\i2c\</path>
         <kind>object</kind>
         <file>i2c.obj</file>
         <name>i2c.obj</name>
      </input_file>
      <input_file id="fl-5">
         <path>.\library\</path>
         <kind>object</kind>
         <file>conversions.obj</file>
         <name>conversions.obj</name>
      </input_file>
      <input_file id="fl-6">
         <path>.\power\</path>
         <kind>object</kind>
         <file>power.obj</file>
         <name>power.obj</name>
      </input_file>
      <input_file id="fl-7">
         <path>.\pressure\</path>
         <kind>object</kind>
         <file>MS5837_30BA.obj</file>
         <name>MS5837_30BA.obj</name>
      </input_file>
      <input_file id="fl-8">
         <path>.\rs232\</path>
         <kind>object</kind>
         <file>icl3221.obj</file>
         <name>icl3221.obj</name>
      </input_file>
      <input_file id="fl-9">
         <path>.\rs485\</path>
         <kind>object</kind>
         <file>max3471.obj</file>
         <name>max3471.obj</name>
      </input_file>
      <input_file id="fl-a">
         <path>.\rs485\</path>
         <kind>object</kind>
         <file>print.obj</file>
         <name>print.obj</name>
      </input_file>
      <input_file id="fl-b">
         <path>.\storage\</path>
         <kind>object</kind>
         <file>memory.obj</file>
         <name>memory.obj</name>
      </input_file>
      <input_file id="fl-c">
         <path>.\temperature\</path>
         <kind>object</kind>
         <file>TSYS01.obj</file>
         <name>TSYS01.obj</name>
      </input_file>
      <input_file id="fl-12">
         <kind>object</kind>
         <file>&lt;internal&gt;</file>
         <name>&lt;internal&gt;</name>
      </input_file>
      <input_file id="fl-2d">
         <path>C:\ti\ccs1210\ccs\tools\compiler\ti-cgt-msp430_21.6.0.LTS\lib\</path>
         <kind>archive</kind>
         <file>rts430x_lc_sd_eabi.lib</file>
         <name>copy_decompress_lzss.c.obj</name>
      </input_file>
      <input_file id="fl-2e">
         <path>C:\ti\ccs1210\ccs\tools\compiler\ti-cgt-msp430_21.6.0.LTS\lib\</path>
         <kind>archive</kind>
         <file>rts430x_lc_sd_eabi.lib</file>
         <name>copy_decompress_none.c.obj</name>
      </input_file>
      <input_file id="fl-2f">
         <path>C:\ti\ccs1210\ccs\tools\compiler\ti-cgt-msp430_21.6.0.LTS\lib\</path>
         <kind>archive</kind>
         <file>rts430x_lc_sd_eabi.lib</file>
         <name>int22.asm.obj</name>
      </input_file>
      <input_file id="fl-30">
         <path>C:\ti\ccs1210\ccs\tools\compiler\ti-cgt-msp430_21.6.0.LTS\lib\</path>
         <kind>archive</kind>
         <file>rts430x_lc_sd_eabi.lib</file>
         <name>isr_trap.asm.obj</name>
      </input_file>
      <input_file id="fl-31">
         <path>C:\ti\ccs1210\ccs\tools\compiler\ti-cgt-msp430_21.6.0.LTS\lib\</path>
         <kind>archive</kind>
         <file>rts430x_lc_sd_eabi.lib</file>
         <name>int23.asm.obj</name>
      </input_file>
      <input_file id="fl-32">
         <path>C:\ti\ccs1210\ccs\tools\compiler\ti-cgt-msp430_21.6.0.LTS\lib\</path>
         <kind>archive</kind>
         <file>rts430x_lc_sd_eabi.lib</file>
         <name>int24.asm.obj</name>
      </input_file>
      <input_file id="fl-33">
         <path>C:\ti\ccs1210\ccs\tools\compiler\ti-cgt-msp430_21.6.0.LTS\lib\</path>
         <kind>archive</kind>
         <file>rts430x_lc_sd_eabi.lib</file>
         <name>int25.asm.obj</name>
      </input_file>
      <input_file id="fl-34">
         <path>C:\ti\ccs1210\ccs\tools\compiler\ti-cgt-msp430_21.6.0.LTS\lib\</path>
         <kind>archive</kind>
         <file>rts430x_lc_sd_eabi.lib</file>
         <name>int26.asm.obj</name>
      </input_file>
      <input_file id="fl-35">
         <path>C:\ti\ccs1210\ccs\tools\compiler\ti-cgt-msp430_21.6.0.LTS\lib\</path>
         <kind>archive</kind>
         <file>rts430x_lc_sd_eabi.lib</file>
         <name>int27.asm.obj</name>
      </input_file>
      <input_file id="fl-36">
         <path>C:\ti\ccs1210\ccs\tools\compiler\ti-cgt-msp430_21.6.0.LTS\lib\</path>
         <kind>archive</kind>
         <file>rts430x_lc_sd_eabi.lib</file>
         <name>int28.asm.obj</name>
      </input_file>
      <input_file id="fl-37">
         <path>C:\ti\ccs1210\ccs\tools\compiler\ti-cgt-msp430_21.6.0.LTS\lib\</path>
         <kind>archive</kind>
         <file>rts430x_lc_sd_eabi.lib</file>
         <name>int29.asm.obj</name>
      </input_file>
      <input_file id="fl-38">
         <path>C:\ti\ccs1210\ccs\tools\compiler\ti-cgt-msp430_21.6.0.LTS\lib\</path>
         <kind>archive</kind>
         <file>rts430x_lc_sd_eabi.lib</file>
         <name>int30.asm.obj</name>
      </input_file>
      <input_file id="fl-39">
         <path>C:\ti\ccs1210\ccs\tools\compiler\ti-cgt-msp430_21.6.0.LTS\lib\</path>
         <kind>archive</kind>
         <file>rts430x_lc_sd_eabi.lib</file>
         <name>int34.asm.obj</name>
      </input_file>
      <input_file id="fl-3a">
         <path>C:\ti\ccs1210\ccs\tools\compiler\ti-cgt-msp430_21.6.0.LTS\lib\</path>
         <kind>archive</kind>
         <file>rts430x_lc_sd_eabi.lib</file>
         <name>int35.asm.obj</name>
      </input_file>
      <input_file id="fl-3b">
         <path>C:\ti\ccs1210\ccs\tools\compiler\ti-cgt-msp430_21.6.0.LTS\lib\</path>
         <kind>archive</kind>
         <file>rts430x_lc_sd_eabi.lib</file>
         <name>int36.asm.obj</name>
      </input_file>
      <input_file id="fl-3c">
         <path>C:\ti\ccs1210\ccs\tools\compiler\ti-cgt-msp430_21.6.0.LTS\lib\</path>
         <kind>archive</kind>
         <file>rts430x_lc_sd_eabi.lib</file>
         <name>int37.asm.obj</name>
      </input_file>
      <input_file id="fl-3d">
         <path>C:\ti\ccs1210\ccs\tools\compiler\ti-cgt-msp430_21.6.0.LTS\lib\</path>
         <kind>archive</kind>
         <file>rts430x_lc_sd_eabi.lib</file>
         <name>int38.asm.obj</name>
      </input_file>
      <input_file id="fl-3e">
         <path>C:\ti\ccs1210\ccs\tools\compiler\ti-cgt-msp430_21.6.0.LTS\lib\</path>
         <kind>archive</kind>
         <file>rts430x_lc_sd_eabi.lib</file>
         <name>int39.asm.obj</name>
      </input_file>
      <input_file id="fl-3f">
         <path>C:\ti\ccs1210\ccs\tools\compiler\ti-cgt-msp430_21.6.0.LTS\lib\</path>
         <kind>archive</kind>
         <file>rts430x_lc_sd_eabi.lib</file>
         <name>int40.asm.obj</name>
      </input_file>
      <input_file id="fl-40">
         <path>C:\ti\ccs1210\ccs\tools\compiler\ti-cgt-msp430_21.6.0.LTS\lib\</path>
         <kind>archive</kind>
         <file>rts430x_lc_sd_eabi.lib</file>
         <name>int41.asm.obj</name>
      </input_file>
      <input_file id="fl-41">
         <path>C:\ti\ccs1210\ccs\tools\compiler\ti-cgt-msp430_21.6.0.LTS\lib\</path>
         <kind>archive</kind>
         <file>rts430x_lc_sd_eabi.lib</file>
         <name>int44.asm.obj</name>
      </input_file>
      <input_file id="fl-42">
         <path>C:\ti\ccs1210\ccs\tools\compiler\ti-cgt-msp430_21.6.0.LTS\lib\</path>
         <kind>archive</kind>
         <file>rts430x_lc_sd_eabi.lib</file>
         <name>int45.asm.obj</name>
      </input_file>
      <input_file id="fl-43">
         <path>C:\ti\ccs1210\ccs\tools\compiler\ti-cgt-msp430_21.6.0.LTS\lib\</path>
         <kind>archive</kind>
         <file>rts430x_lc_sd_eabi.lib</file>
         <name>copy_zero_init.c.obj</name>
      </input_file>
      <input_file id="fl-44">
         <path>C:\ti\ccs1210\ccs\tools\compiler\ti-cgt-msp430_21.6.0.LTS\lib\</path>
         <kind>archive</kind>
         <file>rts430x_lc_sd_eabi.lib</file>
         <name>cpy_util.asm.obj</name>
      </input_file>
      <input_file id="fl-45">
         <path>C:\ti\ccs1210\ccs\tools\compiler\ti-cgt-msp430_21.6.0.LTS\lib\</path>
         <kind>archive</kind>
         <file>rts430x_lc_sd_eabi.lib</file>
         <name>fs_add.asm.obj</name>
      </input_file>
      <input_file id="fl-46">
         <path>C:\ti\ccs1210\ccs\tools\compiler\ti-cgt-msp430_21.6.0.LTS\lib\</path>
         <kind>archive</kind>
         <file>rts430x_lc_sd_eabi.lib</file>
         <name>fs_cmp.asm.obj</name>
      </input_file>
      <input_file id="fl-47">
         <path>C:\ti\ccs1210\ccs\tools\compiler\ti-cgt-msp430_21.6.0.LTS\lib\</path>
         <kind>archive</kind>
         <file>rts430x_lc_sd_eabi.lib</file>
         <name>cvtdf.c.obj</name>
      </input_file>
      <input_file id="fl-48">
         <path>C:\ti\ccs1210\ccs\tools\compiler\ti-cgt-msp430_21.6.0.LTS\lib\</path>
         <kind>archive</kind>
         <file>rts430x_lc_sd_eabi.lib</file>
         <name>cvtfd.c.obj</name>
      </input_file>
      <input_file id="fl-49">
         <path>C:\ti\ccs1210\ccs\tools\compiler\ti-cgt-msp430_21.6.0.LTS\lib\</path>
         <kind>archive</kind>
         <file>rts430x_lc_sd_eabi.lib</file>
         <name>divd.c.obj</name>
      </input_file>
      <input_file id="fl-4a">
         <path>C:\ti\ccs1210\ccs\tools\compiler\ti-cgt-msp430_21.6.0.LTS\lib\</path>
         <kind>archive</kind>
         <file>rts430x_lc_sd_eabi.lib</file>
         <name>frcdivd.c.obj</name>
      </input_file>
      <input_file id="fl-4b">
         <path>C:\ti\ccs1210\ccs\tools\compiler\ti-cgt-msp430_21.6.0.LTS\lib\</path>
         <kind>archive</kind>
         <file>rts430x_lc_sd_eabi.lib</file>
         <name>fs_div.asm.obj</name>
      </input_file>
      <input_file id="fl-4c">
         <path>C:\ti\ccs1210\ccs\tools\compiler\ti-cgt-msp430_21.6.0.LTS\lib\</path>
         <kind>archive</kind>
         <file>rts430x_lc_sd_eabi.lib</file>
         <name>div16s.asm.obj</name>
      </input_file>
      <input_file id="fl-4d">
         <path>C:\ti\ccs1210\ccs\tools\compiler\ti-cgt-msp430_21.6.0.LTS\lib\</path>
         <kind>archive</kind>
         <file>rts430x_lc_sd_eabi.lib</file>
         <name>div32s.asm.obj</name>
      </input_file>
      <input_file id="fl-4e">
         <path>C:\ti\ccs1210\ccs\tools\compiler\ti-cgt-msp430_21.6.0.LTS\lib\</path>
         <kind>archive</kind>
         <file>rts430x_lc_sd_eabi.lib</file>
         <name>div64s.c.obj</name>
      </input_file>
      <input_file id="fl-4f">
         <path>C:\ti\ccs1210\ccs\tools\compiler\ti-cgt-msp430_21.6.0.LTS\lib\</path>
         <kind>archive</kind>
         <file>rts430x_lc_sd_eabi.lib</file>
         <name>div16u.asm.obj</name>
      </input_file>
      <input_file id="fl-50">
         <path>C:\ti\ccs1210\ccs\tools\compiler\ti-cgt-msp430_21.6.0.LTS\lib\</path>
         <kind>archive</kind>
         <file>rts430x_lc_sd_eabi.lib</file>
         <name>div32u.asm.obj</name>
      </input_file>
      <input_file id="fl-51">
         <path>C:\ti\ccs1210\ccs\tools\compiler\ti-cgt-msp430_21.6.0.LTS\lib\</path>
         <kind>archive</kind>
         <file>rts430x_lc_sd_eabi.lib</file>
         <name>div64u.c.obj</name>
      </input_file>
      <input_file id="fl-52">
         <path>C:\ti\ccs1210\ccs\tools\compiler\ti-cgt-msp430_21.6.0.LTS\lib\</path>
         <kind>archive</kind>
         <file>rts430x_lc_sd_eabi.lib</file>
         <name>fixdi.c.obj</name>
      </input_file>
      <input_file id="fl-53">
         <path>C:\ti\ccs1210\ccs\tools\compiler\ti-cgt-msp430_21.6.0.LTS\lib\</path>
         <kind>archive</kind>
         <file>rts430x_lc_sd_eabi.lib</file>
         <name>fixdli.c.obj</name>
      </input_file>
      <input_file id="fl-54">
         <path>C:\ti\ccs1210\ccs\tools\compiler\ti-cgt-msp430_21.6.0.LTS\lib\</path>
         <kind>archive</kind>
         <file>rts430x_lc_sd_eabi.lib</file>
         <name>fs_toi.asm.obj</name>
      </input_file>
      <input_file id="fl-55">
         <path>C:\ti\ccs1210\ccs\tools\compiler\ti-cgt-msp430_21.6.0.LTS\lib\</path>
         <kind>archive</kind>
         <file>rts430x_lc_sd_eabi.lib</file>
         <name>fltid.c.obj</name>
      </input_file>
      <input_file id="fl-56">
         <path>C:\ti\ccs1210\ccs\tools\compiler\ti-cgt-msp430_21.6.0.LTS\lib\</path>
         <kind>archive</kind>
         <file>rts430x_lc_sd_eabi.lib</file>
         <name>fs_itof.asm.obj</name>
      </input_file>
      <input_file id="fl-57">
         <path>C:\ti\ccs1210\ccs\tools\compiler\ti-cgt-msp430_21.6.0.LTS\lib\</path>
         <kind>archive</kind>
         <file>rts430x_lc_sd_eabi.lib</file>
         <name>fltlid.c.obj</name>
      </input_file>
      <input_file id="fl-58">
         <path>C:\ti\ccs1210\ccs\tools\compiler\ti-cgt-msp430_21.6.0.LTS\lib\</path>
         <kind>archive</kind>
         <file>rts430x_lc_sd_eabi.lib</file>
         <name>fs_ltof.asm.obj</name>
      </input_file>
      <input_file id="fl-59">
         <path>C:\ti\ccs1210\ccs\tools\compiler\ti-cgt-msp430_21.6.0.LTS\lib\</path>
         <kind>archive</kind>
         <file>rts430x_lc_sd_eabi.lib</file>
         <name>fs_ultof.asm.obj</name>
      </input_file>
      <input_file id="fl-5a">
         <path>C:\ti\ccs1210\ccs\tools\compiler\ti-cgt-msp430_21.6.0.LTS\lib\</path>
         <kind>archive</kind>
         <file>rts430x_lc_sd_eabi.lib</file>
         <name>fltullf.c.obj</name>
      </input_file>
      <input_file id="fl-5b">
         <path>C:\ti\ccs1210\ccs\tools\compiler\ti-cgt-msp430_21.6.0.LTS\lib\</path>
         <kind>archive</kind>
         <file>rts430x_lc_sd_eabi.lib</file>
         <name>fs_mpy.asm.obj</name>
      </input_file>
      <input_file id="fl-5c">
         <path>C:\ti\ccs1210\ccs\tools\compiler\ti-cgt-msp430_21.6.0.LTS\lib\</path>
         <kind>archive</kind>
         <file>rts430x_lc_sd_eabi.lib</file>
         <name>mult16.asm.obj</name>
      </input_file>
      <input_file id="fl-5d">
         <path>C:\ti\ccs1210\ccs\tools\compiler\ti-cgt-msp430_21.6.0.LTS\lib\</path>
         <kind>archive</kind>
         <file>rts430x_lc_sd_eabi.lib</file>
         <name>mult16_f5hw.asm.obj</name>
      </input_file>
      <input_file id="fl-5e">
         <path>C:\ti\ccs1210\ccs\tools\compiler\ti-cgt-msp430_21.6.0.LTS\lib\</path>
         <kind>archive</kind>
         <file>rts430x_lc_sd_eabi.lib</file>
         <name>mult32.asm.obj</name>
      </input_file>
      <input_file id="fl-5f">
         <path>C:\ti\ccs1210\ccs\tools\compiler\ti-cgt-msp430_21.6.0.LTS\lib\</path>
         <kind>archive</kind>
         <file>rts430x_lc_sd_eabi.lib</file>
         <name>mult32_f5hw.asm.obj</name>
      </input_file>
      <input_file id="fl-60">
         <path>C:\ti\ccs1210\ccs\tools\compiler\ti-cgt-msp430_21.6.0.LTS\lib\</path>
         <kind>archive</kind>
         <file>rts430x_lc_sd_eabi.lib</file>
         <name>mult64.asm.obj</name>
      </input_file>
      <input_file id="fl-61">
         <path>C:\ti\ccs1210\ccs\tools\compiler\ti-cgt-msp430_21.6.0.LTS\lib\</path>
         <kind>archive</kind>
         <file>rts430x_lc_sd_eabi.lib</file>
         <name>mult64_f5hw.asm.obj</name>
      </input_file>
      <input_file id="fl-62">
         <path>C:\ti\ccs1210\ccs\tools\compiler\ti-cgt-msp430_21.6.0.LTS\lib\</path>
         <kind>archive</kind>
         <file>rts430x_lc_sd_eabi.lib</file>
         <name>mult1632_f5hw.asm.obj</name>
      </input_file>
      <input_file id="fl-63">
         <path>C:\ti\ccs1210\ccs\tools\compiler\ti-cgt-msp430_21.6.0.LTS\lib\</path>
         <kind>archive</kind>
         <file>rts430x_lc_sd_eabi.lib</file>
         <name>mult3264.asm.obj</name>
      </input_file>
      <input_file id="fl-64">
         <path>C:\ti\ccs1210\ccs\tools\compiler\ti-cgt-msp430_21.6.0.LTS\lib\</path>
         <kind>archive</kind>
         <file>rts430x_lc_sd_eabi.lib</file>
         <name>mult3264_f5hw.asm.obj</name>
      </input_file>
      <input_file id="fl-65">
         <path>C:\ti\ccs1210\ccs\tools\compiler\ti-cgt-msp430_21.6.0.LTS\lib\</path>
         <kind>archive</kind>
         <file>rts430x_lc_sd_eabi.lib</file>
         <name>mult1632.asm.obj</name>
      </input_file>
      <input_file id="fl-66">
         <path>C:\ti\ccs1210\ccs\tools\compiler\ti-cgt-msp430_21.6.0.LTS\lib\</path>
         <kind>archive</kind>
         <file>rts430x_lc_sd_eabi.lib</file>
         <name>fs_neg.asm.obj</name>
      </input_file>
      <input_file id="fl-67">
         <path>C:\ti\ccs1210\ccs\tools\compiler\ti-cgt-msp430_21.6.0.LTS\lib\</path>
         <kind>archive</kind>
         <file>rts430x_lc_sd_eabi.lib</file>
         <name>lsl32.asm.obj</name>
      </input_file>
      <input_file id="fl-68">
         <path>C:\ti\ccs1210\ccs\tools\compiler\ti-cgt-msp430_21.6.0.LTS\lib\</path>
         <kind>archive</kind>
         <file>rts430x_lc_sd_eabi.lib</file>
         <name>lsl64.c.obj</name>
      </input_file>
      <input_file id="fl-69">
         <path>C:\ti\ccs1210\ccs\tools\compiler\ti-cgt-msp430_21.6.0.LTS\lib\</path>
         <kind>archive</kind>
         <file>rts430x_lc_sd_eabi.lib</file>
         <name>asr32.asm.obj</name>
      </input_file>
      <input_file id="fl-6a">
         <path>C:\ti\ccs1210\ccs\tools\compiler\ti-cgt-msp430_21.6.0.LTS\lib\</path>
         <kind>archive</kind>
         <file>rts430x_lc_sd_eabi.lib</file>
         <name>asr64.c.obj</name>
      </input_file>
      <input_file id="fl-6b">
         <path>C:\ti\ccs1210\ccs\tools\compiler\ti-cgt-msp430_21.6.0.LTS\lib\</path>
         <kind>archive</kind>
         <file>rts430x_lc_sd_eabi.lib</file>
         <name>lsr32.asm.obj</name>
      </input_file>
      <input_file id="fl-6c">
         <path>C:\ti\ccs1210\ccs\tools\compiler\ti-cgt-msp430_21.6.0.LTS\lib\</path>
         <kind>archive</kind>
         <file>rts430x_lc_sd_eabi.lib</file>
         <name>lsr64.c.obj</name>
      </input_file>
      <input_file id="fl-6d">
         <path>C:\ti\ccs1210\ccs\tools\compiler\ti-cgt-msp430_21.6.0.LTS\lib\</path>
         <kind>archive</kind>
         <file>rts430x_lc_sd_eabi.lib</file>
         <name>boot.c.obj</name>
      </input_file>
      <input_file id="fl-6e">
         <path>C:\ti\ccs1210\ccs\ccs_base\msp430\lib\FR2xx\</path>
         <kind>archive</kind>
         <file>FRWP_INIT_LIB_CCS_msp430_large_code_small_data.lib</file>
         <name>frwp_init.obj</name>
      </input_file>
      <input_file id="fl-6f">
         <path>C:\ti\ccs1210\ccs\tools\compiler\ti-cgt-msp430_21.6.0.LTS\lib\</path>
         <kind>archive</kind>
         <file>rts430x_lc_sd_eabi.lib</file>
         <name>args_main.c.obj</name>
      </input_file>
      <input_file id="fl-70">
         <path>C:\ti\ccs1210\ccs\tools\compiler\ti-cgt-msp430_21.6.0.LTS\lib\</path>
         <kind>archive</kind>
         <file>rts430x_lc_sd_eabi.lib</file>
         <name>autoinit.c.obj</name>
      </input_file>
      <input_file id="fl-71">
         <path>C:\ti\ccs1210\ccs\tools\compiler\ti-cgt-msp430_21.6.0.LTS\lib\</path>
         <kind>archive</kind>
         <file>rts430x_lc_sd_eabi.lib</file>
         <name>startup.c.obj</name>
      </input_file>
      <input_file id="fl-72">
         <path>C:\ti\ccs1210\ccs\tools\compiler\ti-cgt-msp430_21.6.0.LTS\lib\</path>
         <kind>archive</kind>
         <file>rts430x_lc_sd_eabi.lib</file>
         <name>pre_init.c.obj</name>
      </input_file>
      <input_file id="fl-73">
         <path>C:\ti\ccs1210\ccs\tools\compiler\ti-cgt-msp430_21.6.0.LTS\lib\</path>
         <kind>archive</kind>
         <file>rts430x_lc_sd_eabi.lib</file>
         <name>cpy_tbl.c.obj</name>
      </input_file>
      <input_file id="fl-74">
         <path>C:\ti\ccs1210\ccs\tools\compiler\ti-cgt-msp430_21.6.0.LTS\lib\</path>
         <kind>archive</kind>
         <file>rts430x_lc_sd_eabi.lib</file>
         <name>exit.c.obj</name>
      </input_file>
      <input_file id="fl-75">
         <path>C:\ti\ccs1210\ccs\tools\compiler\ti-cgt-msp430_21.6.0.LTS\lib\</path>
         <kind>archive</kind>
         <file>rts430x_lc_sd_eabi.lib</file>
         <name>exit_gvars.c.obj</name>
      </input_file>
      <input_file id="fl-76">
         <path>C:\ti\ccs1210\ccs\tools\compiler\ti-cgt-msp430_21.6.0.LTS\lib\</path>
         <kind>archive</kind>
         <file>rts430x_lc_sd_eabi.lib</file>
         <name>_lock.c.obj</name>
      </input_file>
      <input_file id="fl-77">
         <path>C:\ti\ccs1210\ccs\tools\compiler\ti-cgt-msp430_21.6.0.LTS\lib\</path>
         <kind>archive</kind>
         <file>rts430x_lc_sd_eabi.lib</file>
         <name>llabs.c.obj</name>
      </input_file>
      <input_file id="fl-78">
         <path>C:\ti\ccs1210\ccs\tools\compiler\ti-cgt-msp430_21.6.0.LTS\lib\</path>
         <kind>archive</kind>
         <file>rts430x_lc_sd_eabi.lib</file>
         <name>memcpy.c.obj</name>
      </input_file>
      <input_file id="fl-79">
         <path>C:\ti\ccs1210\ccs\tools\compiler\ti-cgt-msp430_21.6.0.LTS\lib\</path>
         <kind>archive</kind>
         <file>rts430x_lc_sd_eabi.lib</file>
         <name>e_pow.c.obj</name>
      </input_file>
      <input_file id="fl-7a">
         <path>C:\ti\ccs1210\ccs\tools\compiler\ti-cgt-msp430_21.6.0.LTS\lib\</path>
         <kind>archive</kind>
         <file>rts430x_lc_sd_eabi.lib</file>
         <name>addd.c.obj</name>
      </input_file>
      <input_file id="fl-7b">
         <path>C:\ti\ccs1210\ccs\tools\compiler\ti-cgt-msp430_21.6.0.LTS\lib\</path>
         <kind>archive</kind>
         <file>rts430x_lc_sd_eabi.lib</file>
         <name>cmpd.c.obj</name>
      </input_file>
      <input_file id="fl-7c">
         <path>C:\ti\ccs1210\ccs\tools\compiler\ti-cgt-msp430_21.6.0.LTS\lib\</path>
         <kind>archive</kind>
         <file>rts430x_lc_sd_eabi.lib</file>
         <name>mpyd.c.obj</name>
      </input_file>
      <input_file id="fl-7d">
         <path>C:\ti\ccs1210\ccs\tools\compiler\ti-cgt-msp430_21.6.0.LTS\lib\</path>
         <kind>archive</kind>
         <file>rts430x_lc_sd_eabi.lib</file>
         <name>frcmpyd.c.obj</name>
      </input_file>
      <input_file id="fl-7e">
         <path>C:\ti\ccs1210\ccs\tools\compiler\ti-cgt-msp430_21.6.0.LTS\lib\</path>
         <kind>archive</kind>
         <file>rts430x_lc_sd_eabi.lib</file>
         <name>negd.c.obj</name>
      </input_file>
      <input_file id="fl-7f">
         <path>C:\ti\ccs1210\ccs\tools\compiler\ti-cgt-msp430_21.6.0.LTS\lib\</path>
         <kind>archive</kind>
         <file>rts430x_lc_sd_eabi.lib</file>
         <name>subd.c.obj</name>
      </input_file>
      <input_file id="fl-80">
         <path>C:\ti\ccs1210\ccs\tools\compiler\ti-cgt-msp430_21.6.0.LTS\lib\</path>
         <kind>archive</kind>
         <file>rts430x_lc_sd_eabi.lib</file>
         <name>errno.c.obj</name>
      </input_file>
      <input_file id="fl-81">
         <path>C:\ti\ccs1210\ccs\tools\compiler\ti-cgt-msp430_21.6.0.LTS\lib\</path>
         <kind>archive</kind>
         <file>rts430x_lc_sd_eabi.lib</file>
         <name>printf.c.obj</name>
      </input_file>
      <input_file id="fl-82">
         <path>C:\ti\ccs1210\ccs\tools\compiler\ti-cgt-msp430_21.6.0.LTS\lib\</path>
         <kind>archive</kind>
         <file>rts430x_lc_sd_eabi.lib</file>
         <name>_printfi.c.obj</name>
      </input_file>
      <input_file id="fl-83">
         <path>C:\ti\ccs1210\ccs\tools\compiler\ti-cgt-msp430_21.6.0.LTS\lib\</path>
         <kind>archive</kind>
         <file>rts430x_lc_sd_eabi.lib</file>
         <name>_ltoa.c.obj</name>
      </input_file>
      <input_file id="fl-84">
         <path>C:\ti\ccs1210\ccs\tools\compiler\ti-cgt-msp430_21.6.0.LTS\lib\</path>
         <kind>archive</kind>
         <file>rts430x_lc_sd_eabi.lib</file>
         <name>defs.c.obj</name>
      </input_file>
      <input_file id="fl-85">
         <path>C:\ti\ccs1210\ccs\tools\compiler\ti-cgt-msp430_21.6.0.LTS\lib\</path>
         <kind>archive</kind>
         <file>rts430x_lc_sd_eabi.lib</file>
         <name>abs.c.obj</name>
      </input_file>
      <input_file id="fl-86">
         <path>C:\ti\ccs1210\ccs\tools\compiler\ti-cgt-msp430_21.6.0.LTS\lib\</path>
         <kind>archive</kind>
         <file>rts430x_lc_sd_eabi.lib</file>
         <name>atoi.c.obj</name>
      </input_file>
      <input_file id="fl-87">
         <path>C:\ti\ccs1210\ccs\tools\compiler\ti-cgt-msp430_21.6.0.LTS\lib\</path>
         <kind>archive</kind>
         <file>rts430x_lc_sd_eabi.lib</file>
         <name>ctype.c.obj</name>
      </input_file>
      <input_file id="fl-88">
         <path>C:\ti\ccs1210\ccs\tools\compiler\ti-cgt-msp430_21.6.0.LTS\lib\</path>
         <kind>archive</kind>
         <file>rts430x_lc_sd_eabi.lib</file>
         <name>fputc.c.obj</name>
      </input_file>
      <input_file id="fl-89">
         <path>C:\ti\ccs1210\ccs\tools\compiler\ti-cgt-msp430_21.6.0.LTS\lib\</path>
         <kind>archive</kind>
         <file>rts430x_lc_sd_eabi.lib</file>
         <name>fflush.c.obj</name>
      </input_file>
      <input_file id="fl-8a">
         <path>C:\ti\ccs1210\ccs\tools\compiler\ti-cgt-msp430_21.6.0.LTS\lib\</path>
         <kind>archive</kind>
         <file>rts430x_lc_sd_eabi.lib</file>
         <name>_io_perm.c.obj</name>
      </input_file>
      <input_file id="fl-8b">
         <path>C:\ti\ccs1210\ccs\tools\compiler\ti-cgt-msp430_21.6.0.LTS\lib\</path>
         <kind>archive</kind>
         <file>rts430x_lc_sd_eabi.lib</file>
         <name>fputs.c.obj</name>
      </input_file>
      <input_file id="fl-8c">
         <path>C:\ti\ccs1210\ccs\tools\compiler\ti-cgt-msp430_21.6.0.LTS\lib\</path>
         <kind>archive</kind>
         <file>rts430x_lc_sd_eabi.lib</file>
         <name>s_frexp.c.obj</name>
      </input_file>
      <input_file id="fl-8d">
         <path>C:\ti\ccs1210\ccs\tools\compiler\ti-cgt-msp430_21.6.0.LTS\lib\</path>
         <kind>archive</kind>
         <file>rts430x_lc_sd_eabi.lib</file>
         <name>fseek.c.obj</name>
      </input_file>
      <input_file id="fl-8e">
         <path>C:\ti\ccs1210\ccs\tools\compiler\ti-cgt-msp430_21.6.0.LTS\lib\</path>
         <kind>archive</kind>
         <file>rts430x_lc_sd_eabi.lib</file>
         <name>s_scalbn.c.obj</name>
      </input_file>
      <input_file id="fl-8f">
         <path>C:\ti\ccs1210\ccs\tools\compiler\ti-cgt-msp430_21.6.0.LTS\lib\</path>
         <kind>archive</kind>
         <file>rts430x_lc_sd_eabi.lib</file>
         <name>s_copysign.c.obj</name>
      </input_file>
      <input_file id="fl-90">
         <path>C:\ti\ccs1210\ccs\tools\compiler\ti-cgt-msp430_21.6.0.LTS\lib\</path>
         <kind>archive</kind>
         <file>rts430x_lc_sd_eabi.lib</file>
         <name>lseek.c.obj</name>
      </input_file>
      <input_file id="fl-91">
         <path>C:\ti\ccs1210\ccs\tools\compiler\ti-cgt-msp430_21.6.0.LTS\lib\</path>
         <kind>archive</kind>
         <file>rts430x_lc_sd_eabi.lib</file>
         <name>host_device.c.obj</name>
      </input_file>
      <input_file id="fl-92">
         <path>C:\ti\ccs1210\ccs\tools\compiler\ti-cgt-msp430_21.6.0.LTS\lib\</path>
         <kind>archive</kind>
         <file>rts430x_lc_sd_eabi.lib</file>
         <name>hostclose.c.obj</name>
      </input_file>
      <input_file id="fl-93">
         <path>C:\ti\ccs1210\ccs\tools\compiler\ti-cgt-msp430_21.6.0.LTS\lib\</path>
         <kind>archive</kind>
         <file>rts430x_lc_sd_eabi.lib</file>
         <name>hostlseek.c.obj</name>
      </input_file>
      <input_file id="fl-94">
         <path>C:\ti\ccs1210\ccs\tools\compiler\ti-cgt-msp430_21.6.0.LTS\lib\</path>
         <kind>archive</kind>
         <file>rts430x_lc_sd_eabi.lib</file>
         <name>hostopen.c.obj</name>
      </input_file>
      <input_file id="fl-95">
         <path>C:\ti\ccs1210\ccs\tools\compiler\ti-cgt-msp430_21.6.0.LTS\lib\</path>
         <kind>archive</kind>
         <file>rts430x_lc_sd_eabi.lib</file>
         <name>hostread.c.obj</name>
      </input_file>
      <input_file id="fl-96">
         <path>C:\ti\ccs1210\ccs\tools\compiler\ti-cgt-msp430_21.6.0.LTS\lib\</path>
         <kind>archive</kind>
         <file>rts430x_lc_sd_eabi.lib</file>
         <name>hostrename.c.obj</name>
      </input_file>
      <input_file id="fl-97">
         <path>C:\ti\ccs1210\ccs\tools\compiler\ti-cgt-msp430_21.6.0.LTS\lib\</path>
         <kind>archive</kind>
         <file>rts430x_lc_sd_eabi.lib</file>
         <name>hostunlink.c.obj</name>
      </input_file>
      <input_file id="fl-98">
         <path>C:\ti\ccs1210\ccs\tools\compiler\ti-cgt-msp430_21.6.0.LTS\lib\</path>
         <kind>archive</kind>
         <file>rts430x_lc_sd_eabi.lib</file>
         <name>hostwrite.c.obj</name>
      </input_file>
      <input_file id="fl-99">
         <path>C:\ti\ccs1210\ccs\tools\compiler\ti-cgt-msp430_21.6.0.LTS\lib\</path>
         <kind>archive</kind>
         <file>rts430x_lc_sd_eabi.lib</file>
         <name>trgmsg.c.obj</name>
      </input_file>
      <input_file id="fl-9a">
         <path>C:\ti\ccs1210\ccs\tools\compiler\ti-cgt-msp430_21.6.0.LTS\lib\</path>
         <kind>archive</kind>
         <file>rts430x_lc_sd_eabi.lib</file>
         <name>memccpy.c.obj</name>
      </input_file>
      <input_file id="fl-9b">
         <path>C:\ti\ccs1210\ccs\tools\compiler\ti-cgt-msp430_21.6.0.LTS\lib\</path>
         <kind>archive</kind>
         <file>rts430x_lc_sd_eabi.lib</file>
         <name>memchr.c.obj</name>
      </input_file>
      <input_file id="fl-9c">
         <path>C:\ti\ccs1210\ccs\tools\compiler\ti-cgt-msp430_21.6.0.LTS\lib\</path>
         <kind>archive</kind>
         <file>rts430x_lc_sd_eabi.lib</file>
         <name>memset.c.obj</name>
      </input_file>
      <input_file id="fl-9d">
         <path>C:\ti\ccs1210\ccs\tools\compiler\ti-cgt-msp430_21.6.0.LTS\lib\</path>
         <kind>archive</kind>
         <file>rts430x_lc_sd_eabi.lib</file>
         <name>setvbuf.c.obj</name>
      </input_file>
      <input_file id="fl-9e">
         <path>C:\ti\ccs1210\ccs\tools\compiler\ti-cgt-msp430_21.6.0.LTS\lib\</path>
         <kind>archive</kind>
         <file>rts430x_lc_sd_eabi.lib</file>
         <name>fopen.c.obj</name>
      </input_file>
      <input_file id="fl-9f">
         <path>C:\ti\ccs1210\ccs\tools\compiler\ti-cgt-msp430_21.6.0.LTS\lib\</path>
         <kind>archive</kind>
         <file>rts430x_lc_sd_eabi.lib</file>
         <name>fclose.c.obj</name>
      </input_file>
      <input_file id="fl-a0">
         <path>C:\ti\ccs1210\ccs\tools\compiler\ti-cgt-msp430_21.6.0.LTS\lib\</path>
         <kind>archive</kind>
         <file>rts430x_lc_sd_eabi.lib</file>
         <name>close.c.obj</name>
      </input_file>
      <input_file id="fl-a1">
         <path>C:\ti\ccs1210\ccs\tools\compiler\ti-cgt-msp430_21.6.0.LTS\lib\</path>
         <kind>archive</kind>
         <file>rts430x_lc_sd_eabi.lib</file>
         <name>memory.c.obj</name>
      </input_file>
      <input_file id="fl-a2">
         <path>C:\ti\ccs1210\ccs\tools\compiler\ti-cgt-msp430_21.6.0.LTS\lib\</path>
         <kind>archive</kind>
         <file>rts430x_lc_sd_eabi.lib</file>
         <name>open.c.obj</name>
      </input_file>
      <input_file id="fl-a3">
         <path>C:\ti\ccs1210\ccs\tools\compiler\ti-cgt-msp430_21.6.0.LTS\lib\</path>
         <kind>archive</kind>
         <file>rts430x_lc_sd_eabi.lib</file>
         <name>getdevice.c.obj</name>
      </input_file>
      <input_file id="fl-a4">
         <path>C:\ti\ccs1210\ccs\tools\compiler\ti-cgt-msp430_21.6.0.LTS\lib\</path>
         <kind>archive</kind>
         <file>rts430x_lc_sd_eabi.lib</file>
         <name>remove.c.obj</name>
      </input_file>
      <input_file id="fl-a5">
         <path>C:\ti\ccs1210\ccs\tools\compiler\ti-cgt-msp430_21.6.0.LTS\lib\</path>
         <kind>archive</kind>
         <file>rts430x_lc_sd_eabi.lib</file>
         <name>e_sqrt.c.obj</name>
      </input_file>
      <input_file id="fl-a6">
         <path>C:\ti\ccs1210\ccs\tools\compiler\ti-cgt-msp430_21.6.0.LTS\lib\</path>
         <kind>archive</kind>
         <file>rts430x_lc_sd_eabi.lib</file>
         <name>strchr.c.obj</name>
      </input_file>
      <input_file id="fl-a7">
         <path>C:\ti\ccs1210\ccs\tools\compiler\ti-cgt-msp430_21.6.0.LTS\lib\</path>
         <kind>archive</kind>
         <file>rts430x_lc_sd_eabi.lib</file>
         <name>strcmp.c.obj</name>
      </input_file>
      <input_file id="fl-a8">
         <path>C:\ti\ccs1210\ccs\tools\compiler\ti-cgt-msp430_21.6.0.LTS\lib\</path>
         <kind>archive</kind>
         <file>rts430x_lc_sd_eabi.lib</file>
         <name>strcpy.c.obj</name>
      </input_file>
      <input_file id="fl-a9">
         <path>C:\ti\ccs1210\ccs\tools\compiler\ti-cgt-msp430_21.6.0.LTS\lib\</path>
         <kind>archive</kind>
         <file>rts430x_lc_sd_eabi.lib</file>
         <name>strlen.c.obj</name>
      </input_file>
      <input_file id="fl-aa">
         <path>C:\ti\ccs1210\ccs\tools\compiler\ti-cgt-msp430_21.6.0.LTS\lib\</path>
         <kind>archive</kind>
         <file>rts430x_lc_sd_eabi.lib</file>
         <name>strncpy.c.obj</name>
      </input_file>
      <input_file id="fl-ab">
         <path>C:\ti\ccs1210\ccs\tools\compiler\ti-cgt-msp430_21.6.0.LTS\lib\</path>
         <kind>archive</kind>
         <file>rts430x_lc_sd_eabi.lib</file>
         <name>toupper.c.obj</name>
      </input_file>
      <input_file id="fl-ac">
         <path>C:\ti\ccs1210\ccs\tools\compiler\ti-cgt-msp430_21.6.0.LTS\lib\</path>
         <kind>archive</kind>
         <file>rts430x_lc_sd_eabi.lib</file>
         <name>unlink.c.obj</name>
      </input_file>
      <input_file id="fl-ad">
         <path>C:\ti\ccs1210\ccs\tools\compiler\ti-cgt-msp430_21.6.0.LTS\lib\</path>
         <kind>archive</kind>
         <file>rts430x_lc_sd_eabi.lib</file>
         <name>wcslen.c.obj</name>
      </input_file>
      <input_file id="fl-ae">
         <path>C:\ti\ccs1210\ccs\tools\compiler\ti-cgt-msp430_21.6.0.LTS\lib\</path>
         <kind>archive</kind>
         <file>rts430x_lc_sd_eabi.lib</file>
         <name>write.c.obj</name>
      </input_file>
   </input_file_list>
   <object_component_list>
      <object_component id="oc-a4a">
         <name>.cio</name>
         <load_address>0x8000</load_address>
         <run_address>0x8000</run_address>
         <size>0x120</size>
         <input_file_ref idref="fl-99"/>
      </object_component>
      <object_component id="oc-420">
         <name>.sysmem</name>
         <load_address>0x8120</load_address>
         <run_address>0x8120</run_address>
         <size>0x8</size>
         <input_file_ref idref="fl-a1"/>
      </object_component>
      <object_component id="oc-b00">
         <name>.sysmem</name>
         <load_address>0x8120</load_address>
         <run_address>0x8120</run_address>
         <size>0x0</size>
      </object_component>
      <object_component id="oc-afe">
         <name>.cinit..data.load</name>
         <load_address>0x8400</load_address>
         <run_address>0x8400</run_address>
         <size>0x1a2</size>
      </object_component>
      <object_component id="oc-afb">
         <name>__TI_handler_table</name>
         <load_address>0x85a4</load_address>
         <run_address>0x85a4</run_address>
         <size>0xc</size>
      </object_component>
      <object_component id="oc-afd">
         <name>.cinit..bss.load</name>
         <load_address>0x85b0</load_address>
         <run_address>0x85b0</run_address>
         <size>0x6</size>
      </object_component>
      <object_component id="oc-afc">
         <name>__TI_cinit_table</name>
         <load_address>0x85b6</load_address>
         <run_address>0x85b6</run_address>
         <size>0x10</size>
      </object_component>
      <object_component id="oc-a9b">
         <name>.binit</name>
         <load_address>0x85c6</load_address>
         <run_address>0x85c6</run_address>
         <size>0x0</size>
      </object_component>
      <object_component id="oc-90f">
         <name>.const:.string</name>
         <load_address>0x85c6</load_address>
         <run_address>0x85c6</run_address>
         <size>0x26</size>
         <input_file_ref idref="fl-82"/>
      </object_component>
      <object_component id="oc-710">
         <name>.const:.string</name>
         <load_address>0x85ec</load_address>
         <run_address>0x85ec</run_address>
         <size>0x14</size>
         <input_file_ref idref="fl-5"/>
      </object_component>
      <object_component id="oc-7df">
         <name>.const:bp</name>
         <load_address>0x8600</load_address>
         <run_address>0x8600</run_address>
         <size>0x10</size>
         <input_file_ref idref="fl-79"/>
      </object_component>
      <object_component id="oc-7e8">
         <name>.const:dp_h</name>
         <load_address>0x8610</load_address>
         <run_address>0x8610</run_address>
         <size>0x10</size>
         <input_file_ref idref="fl-79"/>
      </object_component>
      <object_component id="oc-7eb">
         <name>.const:dp_l</name>
         <load_address>0x8620</load_address>
         <run_address>0x8620</run_address>
         <size>0x10</size>
         <input_file_ref idref="fl-79"/>
      </object_component>
      <object_component id="oc-6a9">
         <name>.const:.string</name>
         <load_address>0x8630</load_address>
         <run_address>0x8630</run_address>
         <size>0x8</size>
         <input_file_ref idref="fl-6"/>
      </object_component>
      <object_component id="oc-704">
         <name>.text:pow</name>
         <load_address>0x8638</load_address>
         <run_address>0x8638</run_address>
         <size>0x1130</size>
         <input_file_ref idref="fl-79"/>
      </object_component>
      <object_component id="oc-7af">
         <name>.text:__mspabi_addd</name>
         <load_address>0x9768</load_address>
         <run_address>0x9768</run_address>
         <size>0x72a</size>
         <input_file_ref idref="fl-7a"/>
      </object_component>
      <object_component id="oc-868">
         <name>.text:__TI_frcdivd</name>
         <load_address>0x9e92</load_address>
         <run_address>0x9e92</run_address>
         <size>0x466</size>
         <input_file_ref idref="fl-4a"/>
      </object_component>
      <object_component id="oc-6e0">
         <name>.text:calculate</name>
         <load_address>0xa2f8</load_address>
         <run_address>0xa2f8</run_address>
         <size>0x384</size>
         <input_file_ref idref="fl-7"/>
      </object_component>
      <object_component id="oc-844">
         <name>.text:__mspabi_divull</name>
         <load_address>0xa67c</load_address>
         <run_address>0xa67c</run_address>
         <size>0x34e</size>
         <input_file_ref idref="fl-51"/>
      </object_component>
      <object_component id="oc-7ca">
         <name>.text:sqrt</name>
         <load_address>0xa9ca</load_address>
         <run_address>0xa9ca</run_address>
         <size>0x2dc</size>
         <input_file_ref idref="fl-a5"/>
      </object_component>
      <object_component id="oc-7d9">
         <name>.text:__mspabi_mpyd</name>
         <load_address>0xaca6</load_address>
         <run_address>0xaca6</run_address>
         <size>0x298</size>
         <input_file_ref idref="fl-7c"/>
      </object_component>
      <object_component id="oc-7c4">
         <name>.text:__mspabi_divd</name>
         <load_address>0xaf3e</load_address>
         <run_address>0xaf3e</run_address>
         <size>0x220</size>
         <input_file_ref idref="fl-49"/>
      </object_component>
      <object_component id="oc-62a">
         <name>.text:tsys01_calculate_temperature</name>
         <load_address>0xb15e</load_address>
         <run_address>0xb15e</run_address>
         <size>0x1c0</size>
         <input_file_ref idref="fl-c"/>
      </object_component>
      <object_component id="oc-654">
         <name>.text:float_to_char_array</name>
         <load_address>0xb31e</load_address>
         <run_address>0xb31e</run_address>
         <size>0x176</size>
         <input_file_ref idref="fl-5"/>
      </object_component>
      <object_component id="oc-875">
         <name>.text:__TI_frcmpyd</name>
         <load_address>0xb494</load_address>
         <run_address>0xb494</run_address>
         <size>0x164</size>
         <input_file_ref idref="fl-7d"/>
      </object_component>
      <object_component id="oc-7f4">
         <name>.text:scalbn</name>
         <load_address>0xb5f8</load_address>
         <run_address>0xb5f8</run_address>
         <size>0x158</size>
         <input_file_ref idref="fl-8e"/>
      </object_component>
      <object_component id="oc-77d">
         <name>.text:__mspabi_divlli</name>
         <load_address>0xb750</load_address>
         <run_address>0xb750</run_address>
         <size>0x13c</size>
         <input_file_ref idref="fl-4e"/>
      </object_component>
      <object_component id="oc-6c0">
         <name>.text</name>
         <load_address>0xb88c</load_address>
         <run_address>0xb88c</run_address>
         <size>0x132</size>
         <input_file_ref idref="fl-45"/>
      </object_component>
      <object_component id="oc-8b2">
         <name>.text:__TI_printfi_minimal:_setfield___TI_printfi_minimal</name>
         <load_address>0xb9be</load_address>
         <run_address>0xb9be</run_address>
         <size>0x10e</size>
         <input_file_ref idref="fl-82"/>
      </object_component>
      <object_component id="oc-9ad">
         <name>.text:aligned_alloc</name>
         <load_address>0xbacc</load_address>
         <run_address>0xbacc</run_address>
         <size>0xf0</size>
         <input_file_ref idref="fl-a1"/>
      </object_component>
      <object_component id="oc-66">
         <name>.text:decompress:lzss:__TI_decompress_lzss</name>
         <load_address>0xbbbc</load_address>
         <run_address>0xbbbc</run_address>
         <size>0xee</size>
         <input_file_ref idref="fl-2d"/>
      </object_component>
      <object_component id="oc-5e2">
         <name>.text:software_trim</name>
         <load_address>0xbcaa</load_address>
         <run_address>0xbcaa</run_address>
         <size>0xe8</size>
         <input_file_ref idref="fl-3"/>
      </object_component>
      <object_component id="oc-817">
         <name>.text:__TI_printfi_minimal:__TI_printfi_minimal</name>
         <load_address>0xbd92</load_address>
         <run_address>0xbd92</run_address>
         <size>0xe2</size>
         <input_file_ref idref="fl-82"/>
      </object_component>
      <object_component id="oc-89e">
         <name>.text:fputs</name>
         <load_address>0xbe74</load_address>
         <run_address>0xbe74</run_address>
         <size>0xde</size>
         <input_file_ref idref="fl-8b"/>
      </object_component>
      <object_component id="oc-7ee">
         <name>.text:__mspabi_cmpd</name>
         <load_address>0xbf52</load_address>
         <run_address>0xbf52</run_address>
         <size>0xd8</size>
         <input_file_ref idref="fl-7b"/>
      </object_component>
      <object_component id="oc-962">
         <name>.text:free</name>
         <load_address>0xc02a</load_address>
         <run_address>0xc02a</run_address>
         <size>0xd2</size>
         <input_file_ref idref="fl-a1"/>
      </object_component>
      <object_component id="oc-6b5">
         <name>.text:__mspabi_fltullf</name>
         <load_address>0xc0fc</load_address>
         <run_address>0xc0fc</run_address>
         <size>0xce</size>
         <input_file_ref idref="fl-5a"/>
      </object_component>
      <object_component id="oc-934">
         <name>.text:setvbuf</name>
         <load_address>0xc1ca</load_address>
         <run_address>0xc1ca</run_address>
         <size>0xcc</size>
         <input_file_ref idref="fl-9d"/>
      </object_component>
      <object_component id="oc-910">
         <name>.text:__TI_printfi_minimal:_pproc_diouxp___TI_printfi_minimal</name>
         <load_address>0xc296</load_address>
         <run_address>0xc296</run_address>
         <size>0xc4</size>
         <input_file_ref idref="fl-82"/>
      </object_component>
      <object_component id="oc-56f">
         <name>.text:tsys01_init</name>
         <load_address>0xc35a</load_address>
         <run_address>0xc35a</run_address>
         <size>0xba</size>
         <input_file_ref idref="fl-c"/>
      </object_component>
      <object_component id="oc-6ca">
         <name>.text</name>
         <load_address>0xc414</load_address>
         <run_address>0xc414</run_address>
         <size>0xb8</size>
         <input_file_ref idref="fl-5b"/>
      </object_component>
      <object_component id="oc-7a8">
         <name>.text:__mspabi_fltlid</name>
         <load_address>0xc4cc</load_address>
         <run_address>0xc4cc</run_address>
         <size>0x9e</size>
         <input_file_ref idref="fl-57"/>
      </object_component>
      <object_component id="oc-57b">
         <name>.text:power</name>
         <load_address>0xc56a</load_address>
         <run_address>0xc56a</run_address>
         <size>0x9a</size>
         <input_file_ref idref="fl-6"/>
      </object_component>
      <object_component id="oc-4e9">
         <name>.text:main</name>
         <load_address>0xc604</load_address>
         <run_address>0xc604</run_address>
         <size>0x92</size>
         <input_file_ref idref="fl-2"/>
      </object_component>
      <object_component id="oc-6c5">
         <name>.text</name>
         <load_address>0xc696</load_address>
         <run_address>0xc696</run_address>
         <size>0x90</size>
         <input_file_ref idref="fl-4b"/>
      </object_component>
      <object_component id="oc-8a5">
         <name>.text:fputc</name>
         <load_address>0xc726</load_address>
         <run_address>0xc726</run_address>
         <size>0x8c</size>
         <input_file_ref idref="fl-88"/>
      </object_component>
      <object_component id="oc-6da">
         <name>.text:get_conversion_values</name>
         <load_address>0xc7b2</load_address>
         <run_address>0xc7b2</run_address>
         <size>0x86</size>
         <input_file_ref idref="fl-7"/>
      </object_component>
      <object_component id="oc-575">
         <name>.text:ms5847_30ba_init</name>
         <load_address>0xc838</load_address>
         <run_address>0xc838</run_address>
         <size>0x84</size>
         <input_file_ref idref="fl-7"/>
      </object_component>
      <object_component id="oc-9d8">
         <name>.text:HOSTlseek</name>
         <load_address>0xc8bc</load_address>
         <run_address>0xc8bc</run_address>
         <size>0x82</size>
         <input_file_ref idref="fl-93"/>
      </object_component>
      <object_component id="oc-5fd">
         <name>.text:set_coefficients</name>
         <load_address>0xc93e</load_address>
         <run_address>0xc93e</run_address>
         <size>0x7c</size>
         <input_file_ref idref="fl-c"/>
      </object_component>
      <object_component id="oc-8eb">
         <name>.text:__TI_wrt_ok</name>
         <load_address>0xc9ba</load_address>
         <run_address>0xc9ba</run_address>
         <size>0x7a</size>
         <input_file_ref idref="fl-8a"/>
      </object_component>
      <object_component id="oc-60d">
         <name>.text:crc4</name>
         <load_address>0xca34</load_address>
         <run_address>0xca34</run_address>
         <size>0x74</size>
         <input_file_ref idref="fl-7"/>
      </object_component>
      <object_component id="oc-9e4">
         <name>.text:HOSTrename</name>
         <load_address>0xcaa8</load_address>
         <run_address>0xcaa8</run_address>
         <size>0x6a</size>
         <input_file_ref idref="fl-96"/>
      </object_component>
      <object_component id="oc-5b6">
         <name>.text:__TI_auto_init_nobinit_nopinit_hold_wdt:__TI_auto_init_nobinit_nopinit_hold_wdt</name>
         <load_address>0xcb12</load_address>
         <run_address>0xcb12</run_address>
         <size>0x6a</size>
         <input_file_ref idref="fl-70"/>
      </object_component>
      <object_component id="oc-92e">
         <name>.text:fseeko</name>
         <load_address>0xcb7c</load_address>
         <run_address>0xcb7c</run_address>
         <size>0x6a</size>
         <input_file_ref idref="fl-8d"/>
      </object_component>
      <object_component id="oc-9b4">
         <name>.text:__TI_closefile</name>
         <load_address>0xcbe6</load_address>
         <run_address>0xcbe6</run_address>
         <size>0x68</size>
         <input_file_ref idref="fl-9f"/>
      </object_component>
      <object_component id="oc-6f4">
         <name>.text</name>
         <load_address>0xcc4e</load_address>
         <run_address>0xcc4e</run_address>
         <size>0x68</size>
         <input_file_ref idref="fl-54"/>
      </object_component>
      <object_component id="oc-9fd">
         <name>.text:split</name>
         <load_address>0xccb6</load_address>
         <run_address>0xccb6</run_address>
         <size>0x68</size>
         <input_file_ref idref="fl-a1"/>
      </object_component>
      <object_component id="oc-801">
         <name>.text:__mspabi_fixdli</name>
         <load_address>0xcd1e</load_address>
         <run_address>0xcd1e</run_address>
         <size>0x66</size>
         <input_file_ref idref="fl-53"/>
      </object_component>
      <object_component id="oc-9c0">
         <name>.text:HOSTopen</name>
         <load_address>0xcd84</load_address>
         <run_address>0xcd84</run_address>
         <size>0x64</size>
         <input_file_ref idref="fl-94"/>
      </object_component>
      <object_component id="oc-8f7">
         <name>.text:__TI_doflush</name>
         <load_address>0xcde8</load_address>
         <run_address>0xcde8</run_address>
         <size>0x62</size>
         <input_file_ref idref="fl-89"/>
      </object_component>
      <object_component id="oc-9d2">
         <name>.text:HOSTwrite</name>
         <load_address>0xce4a</load_address>
         <run_address>0xce4a</run_address>
         <size>0x60</size>
         <input_file_ref idref="fl-98"/>
      </object_component>
      <object_component id="oc-9cc">
         <name>.text:HOSTread</name>
         <load_address>0xceaa</load_address>
         <run_address>0xceaa</run_address>
         <size>0x5e</size>
         <input_file_ref idref="fl-95"/>
      </object_component>
      <object_component id="oc-793">
         <name>.text:__mpyll</name>
         <load_address>0xcf08</load_address>
         <run_address>0xcf08</run_address>
         <size>0x5c</size>
         <input_file_ref idref="fl-61"/>
      </object_component>
      <object_component id="oc-850">
         <name>.text</name>
         <load_address>0xcf64</load_address>
         <run_address>0xcf64</run_address>
         <size>0x58</size>
         <input_file_ref idref="fl-50"/>
      </object_component>
      <object_component id="oc-4c1">
         <name>.text:update_system_flags</name>
         <load_address>0xcfbc</load_address>
         <run_address>0xcfbc</run_address>
         <size>0x58</size>
         <input_file_ref idref="fl-2"/>
      </object_component>
      <object_component id="oc-662">
         <name>.text:get_temperature_next_register</name>
         <load_address>0xd014</load_address>
         <run_address>0xd014</run_address>
         <size>0x56</size>
         <input_file_ref idref="fl-b"/>
      </object_component>
      <object_component id="oc-a3e">
         <name>.text:getdevice</name>
         <load_address>0xd06a</load_address>
         <run_address>0xd06a</run_address>
         <size>0x54</size>
         <input_file_ref idref="fl-a3"/>
      </object_component>
      <object_component id="oc-545">
         <name>.text:i2c_init</name>
         <load_address>0xd0be</load_address>
         <run_address>0xd0be</run_address>
         <size>0x52</size>
         <input_file_ref idref="fl-4"/>
      </object_component>
      <object_component id="oc-a04">
         <name>.text:close</name>
         <load_address>0xd110</load_address>
         <run_address>0xd110</run_address>
         <size>0x4a</size>
         <input_file_ref idref="fl-a0"/>
      </object_component>
      <object_component id="oc-6ef">
         <name>.text</name>
         <load_address>0xd15a</load_address>
         <run_address>0xd15a</run_address>
         <size>0x4a</size>
         <input_file_ref idref="fl-46"/>
      </object_component>
      <object_component id="oc-79d">
         <name>.text</name>
         <load_address>0xd1a4</load_address>
         <run_address>0xd1a4</run_address>
         <size>0x4a</size>
         <input_file_ref idref="fl-58"/>
      </object_component>
      <object_component id="oc-598">
         <name>.text:exit</name>
         <load_address>0xd1ee</load_address>
         <run_address>0xd1ee</run_address>
         <size>0x48</size>
         <input_file_ref idref="fl-74"/>
      </object_component>
      <object_component id="oc-55d">
         <name>.text:icl3221_init</name>
         <load_address>0xd236</load_address>
         <run_address>0xd236</run_address>
         <size>0x48</size>
         <input_file_ref idref="fl-8"/>
      </object_component>
      <object_component id="oc-551">
         <name>.text:max3471_init</name>
         <load_address>0xd27e</load_address>
         <run_address>0xd27e</run_address>
         <size>0x48</size>
         <input_file_ref idref="fl-9"/>
      </object_component>
      <object_component id="oc-9c6">
         <name>.text:HOSTclose</name>
         <load_address>0xd2c6</load_address>
         <run_address>0xd2c6</run_address>
         <size>0x46</size>
         <input_file_ref idref="fl-92"/>
      </object_component>
      <object_component id="oc-583">
         <name>.text:continuous_mode</name>
         <load_address>0xd30c</load_address>
         <run_address>0xd30c</run_address>
         <size>0x46</size>
         <input_file_ref idref="fl-2"/>
      </object_component>
      <object_component id="oc-9de">
         <name>.text:HOSTunlink</name>
         <load_address>0xd352</load_address>
         <run_address>0xd352</run_address>
         <size>0x42</size>
         <input_file_ref idref="fl-97"/>
      </object_component>
      <object_component id="oc-42e">
         <name>.text:__memcpy_far</name>
         <load_address>0xd394</load_address>
         <run_address>0xd394</run_address>
         <size>0x40</size>
         <input_file_ref idref="fl-44"/>
      </object_component>
      <object_component id="oc-783">
         <name>.text:__mspabi_srall</name>
         <load_address>0xd3d4</load_address>
         <run_address>0xd3d4</run_address>
         <size>0x40</size>
         <input_file_ref idref="fl-6a"/>
      </object_component>
      <object_component id="oc-539">
         <name>.text:clock_init_16mhz</name>
         <load_address>0xd414</load_address>
         <run_address>0xd414</run_address>
         <size>0x40</size>
         <input_file_ref idref="fl-3"/>
      </object_component>
      <object_component id="oc-58b">
         <name>.text:print_temperature_register</name>
         <load_address>0xd454</load_address>
         <run_address>0xd454</run_address>
         <size>0x40</size>
         <input_file_ref idref="fl-a"/>
      </object_component>
      <object_component id="oc-711">
         <name>.text:printf</name>
         <load_address>0xd494</load_address>
         <run_address>0xd494</run_address>
         <size>0x40</size>
         <input_file_ref idref="fl-81"/>
      </object_component>
      <object_component id="oc-798">
         <name>.text</name>
         <load_address>0xd4d4</load_address>
         <run_address>0xd4d4</run_address>
         <size>0x40</size>
         <input_file_ref idref="fl-4d"/>
      </object_component>
      <object_component id="oc-463">
         <name>.text:decompress:ZI:__TI_zero_init</name>
         <load_address>0xd514</load_address>
         <run_address>0xd514</run_address>
         <size>0x3e</size>
         <input_file_ref idref="fl-43"/>
      </object_component>
      <object_component id="oc-78e">
         <name>.text:l_asr_const</name>
         <load_address>0xd552</load_address>
         <run_address>0xd552</run_address>
         <size>0x3e</size>
         <input_file_ref idref="fl-69"/>
      </object_component>
      <object_component id="oc-772">
         <name>.text:l_lsl_const</name>
         <load_address>0xd590</load_address>
         <run_address>0xd590</run_address>
         <size>0x3e</size>
         <input_file_ref idref="fl-67"/>
      </object_component>
      <object_component id="oc-857">
         <name>.text:l_lsr_const</name>
         <load_address>0xd5ce</load_address>
         <run_address>0xd5ce</run_address>
         <size>0x3e</size>
         <input_file_ref idref="fl-6b"/>
      </object_component>
      <object_component id="oc-4fb">
         <name>.text:__mpu_init</name>
         <load_address>0xd60c</load_address>
         <run_address>0xd60c</run_address>
         <size>0x3c</size>
         <input_file_ref idref="fl-6e"/>
      </object_component>
      <object_component id="oc-6c">
         <name>.text:decompress:none:__TI_decompress_none</name>
         <load_address>0xd648</load_address>
         <run_address>0xd648</run_address>
         <size>0x3c</size>
         <input_file_ref idref="fl-2e"/>
      </object_component>
      <object_component id="oc-4b1">
         <name>.text:__mspabi_sllll</name>
         <load_address>0xd684</load_address>
         <run_address>0xd684</run_address>
         <size>0x3a</size>
         <input_file_ref idref="fl-68"/>
      </object_component>
      <object_component id="oc-75c">
         <name>.text:__mspabi_srlll</name>
         <load_address>0xd6be</load_address>
         <run_address>0xd6be</run_address>
         <size>0x3a</size>
         <input_file_ref idref="fl-6c"/>
      </object_component>
      <object_component id="oc-65a">
         <name>.text:max3471_transmit_6_bytes</name>
         <load_address>0xd6f8</load_address>
         <run_address>0xd6f8</run_address>
         <size>0x3a</size>
         <input_file_ref idref="fl-9"/>
      </object_component>
      <object_component id="oc-76b">
         <name>.text:wait_for_conversion</name>
         <load_address>0xd732</load_address>
         <run_address>0xd732</run_address>
         <size>0x3a</size>
         <input_file_ref idref="fl-7"/>
      </object_component>
      <object_component id="oc-755">
         <name>.text:wait_for_conversion</name>
         <load_address>0xd76c</load_address>
         <run_address>0xd76c</run_address>
         <size>0x3a</size>
         <input_file_ref idref="fl-c"/>
      </object_component>
      <object_component id="oc-636">
         <name>.text:ms5847_30ba_measure</name>
         <load_address>0xd7a6</load_address>
         <run_address>0xd7a6</run_address>
         <size>0x36</size>
         <input_file_ref idref="fl-7"/>
      </object_component>
      <object_component id="oc-6f9">
         <name>.text</name>
         <load_address>0xd7dc</load_address>
         <run_address>0xd7dc</run_address>
         <size>0x36</size>
         <input_file_ref idref="fl-56"/>
      </object_component>
      <object_component id="oc-96e">
         <name>.text:__TI_cleanup</name>
         <load_address>0xd812</load_address>
         <run_address>0xd812</run_address>
         <size>0x32</size>
         <input_file_ref idref="fl-9e"/>
      </object_component>
      <object_component id="oc-61d">
         <name>.text:max3471_transmit</name>
         <load_address>0xd844</load_address>
         <run_address>0xd844</run_address>
         <size>0x32</size>
         <input_file_ref idref="fl-9"/>
      </object_component>
      <object_component id="oc-6bb">
         <name>.text</name>
         <load_address>0xd876</load_address>
         <run_address>0xd876</run_address>
         <size>0x32</size>
         <input_file_ref idref="fl-59"/>
      </object_component>
      <object_component id="oc-585">
         <name>.text:print_current_temperature</name>
         <load_address>0xd8a8</load_address>
         <run_address>0xd8a8</run_address>
         <size>0x30</size>
         <input_file_ref idref="fl-a"/>
      </object_component>
      <object_component id="oc-a18">
         <name>.text:__TI_writemsg</name>
         <load_address>0xd8d8</load_address>
         <run_address>0xd8d8</run_address>
         <size>0x2e</size>
         <input_file_ref idref="fl-99"/>
      </object_component>
      <object_component id="oc-7e2">
         <name>.text:__mspabi_subd</name>
         <load_address>0xd906</load_address>
         <run_address>0xd906</run_address>
         <size>0x2e</size>
         <input_file_ref idref="fl-7f"/>
      </object_component>
      <object_component id="oc-885">
         <name>.text:copysign</name>
         <load_address>0xd934</load_address>
         <run_address>0xd934</run_address>
         <size>0x2e</size>
         <input_file_ref idref="fl-8f"/>
      </object_component>
      <object_component id="oc-a6c">
         <name>.text:finddevice</name>
         <load_address>0xd962</load_address>
         <run_address>0xd962</run_address>
         <size>0x2e</size>
         <input_file_ref idref="fl-a3"/>
      </object_component>
      <object_component id="oc-613">
         <name>.text:timer_init</name>
         <load_address>0xd990</load_address>
         <run_address>0xd990</run_address>
         <size>0x2e</size>
         <input_file_ref idref="fl-7"/>
      </object_component>
      <object_component id="oc-603">
         <name>.text:timer_init</name>
         <load_address>0xd9be</load_address>
         <run_address>0xd9be</run_address>
         <size>0x2e</size>
         <input_file_ref idref="fl-c"/>
      </object_component>
      <object_component id="oc-a1e">
         <name>.text:__TI_readmsg</name>
         <load_address>0xd9ec</load_address>
         <run_address>0xd9ec</run_address>
         <size>0x2c</size>
         <input_file_ref idref="fl-99"/>
      </object_component>
      <object_component id="oc-778">
         <name>.text:__mpysll</name>
         <load_address>0xda18</load_address>
         <run_address>0xda18</run_address>
         <size>0x2c</size>
         <input_file_ref idref="fl-64"/>
      </object_component>
      <object_component id="oc-8de">
         <name>.text:__mpyull</name>
         <load_address>0xda44</load_address>
         <run_address>0xda44</run_address>
         <size>0x2c</size>
         <input_file_ref idref="fl-64"/>
      </object_component>
      <object_component id="oc-4c8">
         <name>.text</name>
         <load_address>0xda70</load_address>
         <run_address>0xda70</run_address>
         <size>0x2c</size>
         <input_file_ref idref="fl-4c"/>
      </object_component>
      <object_component id="oc-a66">
         <name>.text:strncpy</name>
         <load_address>0xda9c</load_address>
         <run_address>0xda9c</run_address>
         <size>0x2c</size>
         <input_file_ref idref="fl-aa"/>
      </object_component>
      <object_component id="oc-7d0">
         <name>.text:__mspabi_negd</name>
         <load_address>0xdac8</load_address>
         <run_address>0xdac8</run_address>
         <size>0x2a</size>
         <input_file_ref idref="fl-7e"/>
      </object_component>
      <object_component id="oc-a0b">
         <name>.text:unlink</name>
         <load_address>0xdaf2</load_address>
         <run_address>0xdaf2</run_address>
         <size>0x2a</size>
         <input_file_ref idref="fl-ac"/>
      </object_component>
      <object_component id="oc-70a">
         <name>.text:__mspabi_fixdi</name>
         <load_address>0xdb1c</load_address>
         <run_address>0xdb1c</run_address>
         <size>0x28</size>
         <input_file_ref idref="fl-52"/>
      </object_component>
      <object_component id="oc-9a6">
         <name>.text:free_list_insert</name>
         <load_address>0xdb44</load_address>
         <run_address>0xdb44</run_address>
         <size>0x28</size>
         <input_file_ref idref="fl-a1"/>
      </object_component>
      <object_component id="oc-5f1">
         <name>.text:i2c_write</name>
         <load_address>0xdb6c</load_address>
         <run_address>0xdb6c</run_address>
         <size>0x28</size>
         <input_file_ref idref="fl-4"/>
      </object_component>
      <object_component id="oc-648">
         <name>.text:set_pressure_next_register</name>
         <load_address>0xdb94</load_address>
         <run_address>0xdb94</run_address>
         <size>0x28</size>
         <input_file_ref idref="fl-b"/>
      </object_component>
      <object_component id="oc-63c">
         <name>.text:set_temperature_next_register</name>
         <load_address>0xdbbc</load_address>
         <run_address>0xdbbc</run_address>
         <size>0x28</size>
         <input_file_ref idref="fl-b"/>
      </object_component>
      <object_component id="oc-53f">
         <name>.text:timer_init</name>
         <load_address>0xdbe4</load_address>
         <run_address>0xdbe4</run_address>
         <size>0x28</size>
         <input_file_ref idref="fl-2"/>
      </object_component>
      <object_component id="oc-563">
         <name>.text:icl3221_set_mode</name>
         <load_address>0xdc0c</load_address>
         <run_address>0xdc0c</run_address>
         <size>0x26</size>
         <input_file_ref idref="fl-8"/>
      </object_component>
      <object_component id="oc-623">
         <name>.text:icl3221_transmit</name>
         <load_address>0xdc32</load_address>
         <run_address>0xdc32</run_address>
         <size>0x26</size>
         <input_file_ref idref="fl-8"/>
      </object_component>
      <object_component id="oc-955">
         <name>.text:lseek</name>
         <load_address>0xdc58</load_address>
         <run_address>0xdc58</run_address>
         <size>0x26</size>
         <input_file_ref idref="fl-90"/>
      </object_component>
      <object_component id="oc-557">
         <name>.text:max3471_set_mode</name>
         <load_address>0xdc7e</load_address>
         <run_address>0xdc7e</run_address>
         <size>0x26</size>
         <input_file_ref idref="fl-9"/>
      </object_component>
      <object_component id="oc-6af">
         <name>.text:read_adc</name>
         <load_address>0xdca4</load_address>
         <run_address>0xdca4</run_address>
         <size>0x26</size>
         <input_file_ref idref="fl-c"/>
      </object_component>
      <object_component id="oc-789">
         <name>.text</name>
         <load_address>0xdcca</load_address>
         <run_address>0xdcca</run_address>
         <size>0x24</size>
         <input_file_ref idref="fl-5f"/>
      </object_component>
      <object_component id="oc-8fd">
         <name>.text:write</name>
         <load_address>0xdcee</load_address>
         <run_address>0xdcee</run_address>
         <size>0x24</size>
         <input_file_ref idref="fl-ae"/>
      </object_component>
      <object_component id="oc-5f7">
         <name>.text:i2c_read</name>
         <load_address>0xdd12</load_address>
         <run_address>0xdd12</run_address>
         <size>0x22</size>
         <input_file_ref idref="fl-4"/>
      </object_component>
      <object_component id="oc-916">
         <name>.text:memccpy</name>
         <load_address>0xdd34</load_address>
         <run_address>0xdd34</run_address>
         <size>0x22</size>
         <input_file_ref idref="fl-9a"/>
      </object_component>
      <object_component id="oc-4d5">
         <name>.text:check_system_loop_time</name>
         <load_address>0xdd56</load_address>
         <run_address>0xdd56</run_address>
         <size>0x1c</size>
         <input_file_ref idref="fl-2"/>
      </object_component>
      <object_component id="oc-9a0">
         <name>.text:free_list_remove</name>
         <load_address>0xdd72</load_address>
         <run_address>0xdd72</run_address>
         <size>0x1c</size>
         <input_file_ref idref="fl-a1"/>
      </object_component>
      <object_component id="oc-54b">
         <name>.text:power_init</name>
         <load_address>0xdd8e</load_address>
         <run_address>0xdd8e</run_address>
         <size>0x1a</size>
         <input_file_ref idref="fl-6"/>
      </object_component>
      <object_component id="oc-581">
         <name>.text:single_mode</name>
         <load_address>0xdda8</load_address>
         <run_address>0xdda8</run_address>
         <size>0x1a</size>
         <input_file_ref idref="fl-2"/>
      </object_component>
      <object_component id="oc-a60">
         <name>.text:strchr</name>
         <load_address>0xddc2</load_address>
         <run_address>0xddc2</run_address>
         <size>0x1a</size>
         <input_file_ref idref="fl-a6"/>
      </object_component>
      <object_component id="oc-5dc">
         <name>.text:clock_init_external_crystal</name>
         <load_address>0xdddc</load_address>
         <run_address>0xdddc</run_address>
         <size>0x18</size>
         <input_file_ref idref="fl-3"/>
      </object_component>
      <object_component id="oc-73f">
         <name>.text</name>
         <load_address>0xddf4</load_address>
         <run_address>0xddf4</run_address>
         <size>0x18</size>
         <input_file_ref idref="fl-5d"/>
      </object_component>
      <object_component id="oc-a85">
         <name>.text:strcmp</name>
         <load_address>0xde0c</load_address>
         <run_address>0xde0c</run_address>
         <size>0x18</size>
         <input_file_ref idref="fl-a7"/>
      </object_component>
      <object_component id="oc-83e">
         <name>.text:llabs</name>
         <load_address>0xde24</load_address>
         <run_address>0xde24</run_address>
         <size>0x16</size>
         <input_file_ref idref="fl-77"/>
      </object_component>
      <object_component id="oc-530">
         <name>.text</name>
         <load_address>0xde3a</load_address>
         <run_address>0xde3a</run_address>
         <size>0x16</size>
         <input_file_ref idref="fl-4f"/>
      </object_component>
      <object_component id="oc-8f1">
         <name>.text:memchr</name>
         <load_address>0xde50</load_address>
         <run_address>0xde50</run_address>
         <size>0x14</size>
         <input_file_ref idref="fl-9b"/>
      </object_component>
      <object_component id="oc-909">
         <name>.text:memset</name>
         <load_address>0xde64</load_address>
         <run_address>0xde64</run_address>
         <size>0x14</size>
         <input_file_ref idref="fl-9c"/>
      </object_component>
      <object_component id="oc-744">
         <name>.text:memcpy</name>
         <load_address>0xde78</load_address>
         <run_address>0xde78</run_address>
         <size>0x12</size>
         <input_file_ref idref="fl-78"/>
      </object_component>
      <object_component id="oc-7b5">
         <name>.text:l_asr</name>
         <load_address>0xde8a</load_address>
         <run_address>0xde8a</run_address>
         <size>0x10</size>
         <input_file_ref idref="fl-69"/>
      </object_component>
      <object_component id="oc-7ba">
         <name>.text:l_lsl</name>
         <load_address>0xde9a</load_address>
         <run_address>0xde9a</run_address>
         <size>0x10</size>
         <input_file_ref idref="fl-67"/>
      </object_component>
      <object_component id="oc-7bf">
         <name>.text:l_lsr</name>
         <load_address>0xdeaa</load_address>
         <run_address>0xdeaa</run_address>
         <size>0x10</size>
         <input_file_ref idref="fl-6b"/>
      </object_component>
      <object_component id="oc-a2f">
         <name>.text:strcpy</name>
         <load_address>0xdeba</load_address>
         <run_address>0xdeba</run_address>
         <size>0x10</size>
         <input_file_ref idref="fl-a8"/>
      </object_component>
      <object_component id="oc-64e">
         <name>.text:get_temperature_current_register</name>
         <load_address>0xdeca</load_address>
         <run_address>0xdeca</run_address>
         <size>0xe</size>
         <input_file_ref idref="fl-b"/>
      </object_component>
      <object_component id="oc-8ac">
         <name>.text:strlen</name>
         <load_address>0xded8</load_address>
         <run_address>0xded8</run_address>
         <size>0xe</size>
         <input_file_ref idref="fl-a9"/>
      </object_component>
      <object_component id="oc-6fe">
         <name>.text:__mspabi_fltid</name>
         <load_address>0xdee6</load_address>
         <run_address>0xdee6</run_address>
         <size>0xc</size>
         <input_file_ref idref="fl-55"/>
      </object_component>
      <object_component id="oc-6cf">
         <name>.text</name>
         <load_address>0xdef2</load_address>
         <run_address>0xdef2</run_address>
         <size>0xa</size>
         <input_file_ref idref="fl-66"/>
      </object_component>
      <object_component id="oc-642">
         <name>.text:set_pressure_current_register</name>
         <load_address>0xdefc</load_address>
         <run_address>0xdefc</run_address>
         <size>0xa</size>
         <input_file_ref idref="fl-b"/>
      </object_component>
      <object_component id="oc-4cd">
         <name>.text:set_system_loop_time</name>
         <load_address>0xdf06</load_address>
         <run_address>0xdf06</run_address>
         <size>0xa</size>
         <input_file_ref idref="fl-2"/>
      </object_component>
      <object_component id="oc-630">
         <name>.text:set_temperature_current_register</name>
         <load_address>0xdf10</load_address>
         <run_address>0xdf10</run_address>
         <size>0xa</size>
         <input_file_ref idref="fl-b"/>
      </object_component>
      <object_component id="oc-569">
         <name>.text:icl3221_turn_on</name>
         <load_address>0xdf1a</load_address>
         <run_address>0xdf1a</run_address>
         <size>0x8</size>
         <input_file_ref idref="fl-8"/>
      </object_component>
      <object_component id="oc-968">
         <name>.text:malloc</name>
         <load_address>0xdf22</load_address>
         <run_address>0xdf22</run_address>
         <size>0x8</size>
         <input_file_ref idref="fl-a1"/>
      </object_component>
      <object_component id="oc-811">
         <name>.text:_outc</name>
         <load_address>0xdf2a</load_address>
         <run_address>0xdf2a</run_address>
         <size>0x6</size>
         <input_file_ref idref="fl-81"/>
      </object_component>
      <object_component id="oc-592">
         <name>.text:abort</name>
         <load_address>0xdf30</load_address>
         <run_address>0xdf30</run_address>
         <size>0x6</size>
         <input_file_ref idref="fl-74"/>
      </object_component>
      <object_component id="oc-80b">
         <name>.text:_outs</name>
         <load_address>0xdf36</load_address>
         <run_address>0xdf36</run_address>
         <size>0x4</size>
         <input_file_ref idref="fl-81"/>
      </object_component>
      <object_component id="oc-4e3">
         <name>.text:_system_pre_init</name>
         <load_address>0xdf3a</load_address>
         <run_address>0xdf3a</run_address>
         <size>0x4</size>
         <input_file_ref idref="fl-72"/>
      </object_component>
      <object_component id="oc-720">
         <name>.text:_nop</name>
         <load_address>0xdf3e</load_address>
         <run_address>0xdf3e</run_address>
         <size>0x2</size>
         <input_file_ref idref="fl-76"/>
      </object_component>
      <object_component id="oc-67b">
         <name>.text:_system_post_cinit</name>
         <load_address>0xdf40</load_address>
         <run_address>0xdf40</run_address>
         <size>0x2</size>
         <input_file_ref idref="fl-71"/>
      </object_component>
      <object_component id="oc-43f">
         <name>.text:_isr:EUSCI_B0_I2C_ISR</name>
         <load_address>0xdf42</load_address>
         <run_address>0xdf42</run_address>
         <size>0x6a</size>
         <input_file_ref idref="fl-4"/>
      </object_component>
      <object_component id="oc-44b">
         <name>.text:_isr:RS485_ISR</name>
         <load_address>0xdfac</load_address>
         <run_address>0xdfac</run_address>
         <size>0x34</size>
         <input_file_ref idref="fl-2"/>
      </object_component>
      <object_component id="oc-487">
         <name>.text:_isr:_c_int00_noargs_mpu</name>
         <load_address>0xdfe0</load_address>
         <run_address>0xdfe0</run_address>
         <size>0x20</size>
         <input_file_ref idref="fl-6d"/>
      </object_component>
      <object_component id="oc-445">
         <name>.text:_isr:RS232_ISR</name>
         <load_address>0xe000</load_address>
         <run_address>0xe000</run_address>
         <size>0x1c</size>
         <input_file_ref idref="fl-2"/>
      </object_component>
      <object_component id="oc-457">
         <name>.text:_isr:Timer_A_CCR0_ISR</name>
         <load_address>0xe01c</load_address>
         <run_address>0xe01c</run_address>
         <size>0xe</size>
         <input_file_ref idref="fl-2"/>
      </object_component>
      <object_component id="oc-451">
         <name>.text:_isr:Timer_CCR1_ISR</name>
         <load_address>0xe02a</load_address>
         <run_address>0xe02a</run_address>
         <size>0xe</size>
         <input_file_ref idref="fl-c"/>
      </object_component>
      <object_component id="oc-43a">
         <name>.text:_isr:__TI_ISR_TRAP</name>
         <load_address>0xe038</load_address>
         <run_address>0xe038</run_address>
         <size>0x8</size>
         <input_file_ref idref="fl-30"/>
      </object_component>
      <object_component id="oc-60a">
         <name>.bss:coefficients</name>
         <uninitialized>true</uninitialized>
         <run_address>0x2898</run_address>
         <size>0x10</size>
         <input_file_ref idref="fl-7"/>
      </object_component>
      <object_component id="oc-6d9">
         <name>.bss</name>
         <uninitialized>true</uninitialized>
         <run_address>0x28a8</run_address>
         <size>0x8</size>
         <input_file_ref idref="fl-7"/>
      </object_component>
      <object_component id="oc-9f5">
         <name>.bss</name>
         <uninitialized>true</uninitialized>
         <run_address>0x28c4</run_address>
         <size>0x2</size>
         <input_file_ref idref="fl-a1"/>
      </object_component>
      <object_component id="oc-4b0">
         <name>.common:data_in</name>
         <uninitialized>true</uninitialized>
         <run_address>0x28b0</run_address>
         <size>0x8</size>
      </object_component>
      <object_component id="oc-4a7">
         <name>.common:data_out</name>
         <uninitialized>true</uninitialized>
         <run_address>0x28c0</run_address>
         <size>0x4</size>
      </object_component>
      <object_component id="oc-6d5">
         <name>.common:temperature_register</name>
         <uninitialized>true</uninitialized>
         <run_address>0x23fc</run_address>
         <size>0x3fc</size>
      </object_component>
      <object_component id="oc-6eb">
         <name>.common:pressure_register</name>
         <uninitialized>true</uninitialized>
         <run_address>0x2000</run_address>
         <size>0x3fc</size>
      </object_component>
      <object_component id="oc-a0a">
         <name>.common:__TI_tmpnams</name>
         <uninitialized>true</uninitialized>
         <run_address>0x27f8</run_address>
         <size>0xa0</size>
      </object_component>
      <object_component id="oc-a15">
         <name>.common:parmbuf</name>
         <uninitialized>true</uninitialized>
[...]
         <object_component_ref idref="oc-772"/>
      </symbol>
      <symbol id="sm-8e9">
         <name>__mspabi_slll_2</name>
         <value>0xd5c4</value>
         <object_component_ref idref="oc-772"/>
      </symbol>
      <symbol id="sm-8ea">
         <name>__mspabi_slll_1</name>
         <value>0xd5c8</value>
         <object_component_ref idref="oc-772"/>
      </symbol>
      <symbol id="sm-8eb">
         <name>__mspabi_slll</name>
         <value>0xde9a</value>
         <object_component_ref idref="oc-7ba"/>
      </symbol>
      <symbol id="sm-8ec">
         <name>__mspabi_slll_15</name>
         <value>0xd590</value>
         <object_component_ref idref="oc-772"/>
      </symbol>
      <symbol id="sm-8ed">
         <name>__mspabi_slll_14</name>
         <value>0xd594</value>
         <object_component_ref idref="oc-772"/>
      </symbol>
      <symbol id="sm-8ee">
         <name>__mspabi_slll_13</name>
         <value>0xd598</value>
         <object_component_ref idref="oc-772"/>
      </symbol>
      <symbol id="sm-8ef">
         <name>__mspabi_slll_12</name>
         <value>0xd59c</value>
         <object_component_ref idref="oc-772"/>
      </symbol>
      <symbol id="sm-8f0">
         <name>__mspabi_slll_11</name>
         <value>0xd5a0</value>
         <object_component_ref idref="oc-772"/>
      </symbol>
      <symbol id="sm-8f1">
         <name>__mspabi_slll_10</name>
         <value>0xd5a4</value>
         <object_component_ref idref="oc-772"/>
      </symbol>
      <symbol id="sm-8fe">
         <name>__mspabi_sllll</name>
         <value>0xd684</value>
         <object_component_ref idref="oc-4b1"/>
      </symbol>
      <symbol id="sm-90e">
         <name>__mspabi_sral</name>
         <value>0xde8a</value>
         <object_component_ref idref="oc-7b5"/>
      </symbol>
      <symbol id="sm-90f">
         <name>__mspabi_sral_15</name>
         <value>0xd552</value>
         <object_component_ref idref="oc-78e"/>
      </symbol>
      <symbol id="sm-910">
         <name>__mspabi_sral_14</name>
         <value>0xd556</value>
         <object_component_ref idref="oc-78e"/>
      </symbol>
      <symbol id="sm-911">
         <name>__mspabi_sral_13</name>
         <value>0xd55a</value>
         <object_component_ref idref="oc-78e"/>
      </symbol>
      <symbol id="sm-912">
         <name>__mspabi_sral_12</name>
         <value>0xd55e</value>
         <object_component_ref idref="oc-78e"/>
      </symbol>
      <symbol id="sm-913">
         <name>__mspabi_sral_11</name>
         <value>0xd562</value>
         <object_component_ref idref="oc-78e"/>
      </symbol>
      <symbol id="sm-914">
         <name>__mspabi_sral_10</name>
         <value>0xd566</value>
         <object_component_ref idref="oc-78e"/>
      </symbol>
      <symbol id="sm-915">
         <name>__mspabi_sral_8</name>
         <value>0xd56e</value>
         <object_component_ref idref="oc-78e"/>
      </symbol>
      <symbol id="sm-916">
         <name>__mspabi_sral_9</name>
         <value>0xd56a</value>
         <object_component_ref idref="oc-78e"/>
      </symbol>
      <symbol id="sm-917">
         <name>__mspabi_sral_6</name>
         <value>0xd576</value>
         <object_component_ref idref="oc-78e"/>
      </symbol>
      <symbol id="sm-918">
         <name>__mspabi_sral_7</name>
         <value>0xd572</value>
         <object_component_ref idref="oc-78e"/>
      </symbol>
      <symbol id="sm-919">
         <name>__mspabi_sral_4</name>
         <value>0xd57e</value>
         <object_component_ref idref="oc-78e"/>
      </symbol>
      <symbol id="sm-91a">
         <name>__mspabi_sral_5</name>
         <value>0xd57a</value>
         <object_component_ref idref="oc-78e"/>
      </symbol>
      <symbol id="sm-91b">
         <name>__mspabi_sral_2</name>
         <value>0xd586</value>
         <object_component_ref idref="oc-78e"/>
      </symbol>
      <symbol id="sm-91c">
         <name>__mspabi_sral_3</name>
         <value>0xd582</value>
         <object_component_ref idref="oc-78e"/>
      </symbol>
      <symbol id="sm-91d">
         <name>__mspabi_sral_1</name>
         <value>0xd58a</value>
         <object_component_ref idref="oc-78e"/>
      </symbol>
      <symbol id="sm-92a">
         <name>__mspabi_srall</name>
         <value>0xd3d4</value>
         <object_component_ref idref="oc-783"/>
      </symbol>
      <symbol id="sm-93a">
         <name>__mspabi_srll_8</name>
         <value>0xd5ea</value>
         <object_component_ref idref="oc-857"/>
      </symbol>
      <symbol id="sm-93b">
         <name>__mspabi_srll_9</name>
         <value>0xd5e6</value>
         <object_component_ref idref="oc-857"/>
      </symbol>
      <symbol id="sm-93c">
         <name>__mspabi_srll_6</name>
         <value>0xd5f2</value>
         <object_component_ref idref="oc-857"/>
      </symbol>
      <symbol id="sm-93d">
         <name>__mspabi_srll_7</name>
         <value>0xd5ee</value>
         <object_component_ref idref="oc-857"/>
      </symbol>
      <symbol id="sm-93e">
         <name>__mspabi_srll_4</name>
         <value>0xd5fa</value>
         <object_component_ref idref="oc-857"/>
      </symbol>
      <symbol id="sm-93f">
         <name>__mspabi_srll_5</name>
         <value>0xd5f6</value>
         <object_component_ref idref="oc-857"/>
      </symbol>
      <symbol id="sm-940">
         <name>__mspabi_srll_2</name>
         <value>0xd602</value>
         <object_component_ref idref="oc-857"/>
      </symbol>
      <symbol id="sm-941">
         <name>__mspabi_srll_3</name>
         <value>0xd5fe</value>
         <object_component_ref idref="oc-857"/>
      </symbol>
      <symbol id="sm-942">
         <name>__mspabi_srll_1</name>
         <value>0xd606</value>
         <object_component_ref idref="oc-857"/>
      </symbol>
      <symbol id="sm-943">
         <name>__mspabi_srll_15</name>
         <value>0xd5ce</value>
         <object_component_ref idref="oc-857"/>
      </symbol>
      <symbol id="sm-944">
         <name>__mspabi_srll_14</name>
         <value>0xd5d2</value>
         <object_component_ref idref="oc-857"/>
      </symbol>
      <symbol id="sm-945">
         <name>__mspabi_srll_13</name>
         <value>0xd5d6</value>
         <object_component_ref idref="oc-857"/>
      </symbol>
      <symbol id="sm-946">
         <name>__mspabi_srll_12</name>
         <value>0xd5da</value>
         <object_component_ref idref="oc-857"/>
      </symbol>
      <symbol id="sm-947">
         <name>__mspabi_srll_11</name>
         <value>0xd5de</value>
         <object_component_ref idref="oc-857"/>
      </symbol>
      <symbol id="sm-948">
         <name>__mspabi_srll_10</name>
         <value>0xd5e2</value>
         <object_component_ref idref="oc-857"/>
      </symbol>
      <symbol id="sm-949">
         <name>__mspabi_srll</name>
         <value>0xdeaa</value>
         <object_component_ref idref="oc-7bf"/>
      </symbol>
      <symbol id="sm-956">
         <name>__mspabi_srlll</name>
         <value>0xd6be</value>
         <object_component_ref idref="oc-75c"/>
      </symbol>
      <symbol id="sm-966">
         <name>_c_int00_noargs_mpu</name>
         <value>0xdfe0</value>
         <object_component_ref idref="oc-487"/>
      </symbol>
      <symbol id="sm-967">
         <name>_stack</name>
         <value>0x2f60</value>
         <object_component_ref idref="oc-41c"/>
      </symbol>
      <symbol id="sm-968">
         <name>_reset_vector</name>
         <value>0xfffe</value>
         <object_component_ref idref="oc-41f"/>
      </symbol>
      <symbol id="sm-976">
         <name>__mpu_init</name>
         <value>0xd60c</value>
         <object_component_ref idref="oc-4fb"/>
      </symbol>
      <symbol id="sm-999">
         <name>__TI_auto_init_nobinit_nopinit_hold_wdt</name>
         <value>0xcb12</value>
         <object_component_ref idref="oc-5b6"/>
      </symbol>
      <symbol id="sm-9a2">
         <name>_system_post_cinit</name>
         <value>0xdf40</value>
         <object_component_ref idref="oc-67b"/>
      </symbol>
      <symbol id="sm-9ab">
         <name>_system_pre_init</name>
         <value>0xdf3a</value>
         <object_component_ref idref="oc-4e3"/>
      </symbol>
      <symbol id="sm-9ce">
         <name>C$$EXIT</name>
         <value>0xdf30</value>
         <object_component_ref idref="oc-592"/>
      </symbol>
      <symbol id="sm-9cf">
         <name>abort</name>
         <value>0xdf30</value>
         <object_component_ref idref="oc-592"/>
      </symbol>
      <symbol id="sm-9d0">
         <name>__TI_enable_exit_profile_output</name>
         <value>0x2a5e</value>
         <object_component_ref idref="oc-66a"/>
      </symbol>
      <symbol id="sm-9d1">
         <name>exit</name>
         <value>0xd1ee</value>
         <object_component_ref idref="oc-598"/>
      </symbol>
      <symbol id="sm-9e0">
         <name>__TI_dtors_ptr</name>
         <value>0x2a4e</value>
         <object_component_ref idref="oc-670"/>
      </symbol>
      <symbol id="sm-9e1">
         <name>__TI_cleanup_ptr</name>
         <value>0x2a4a</value>
         <object_component_ref idref="oc-673"/>
      </symbol>
      <symbol id="sm-9f7">
         <name>_nop</name>
         <value>0xdf3e</value>
         <object_component_ref idref="oc-720"/>
      </symbol>
      <symbol id="sm-9f8">
         <name>_lock</name>
         <value>0x2a52</value>
         <object_component_ref idref="oc-66d"/>
      </symbol>
      <symbol id="sm-9f9">
         <name>_unlock</name>
         <value>0x2a56</value>
         <object_component_ref idref="oc-676"/>
      </symbol>
      <symbol id="sm-a03">
         <name>llabs</name>
         <value>0xde24</value>
         <object_component_ref idref="oc-83e"/>
      </symbol>
      <symbol id="sm-a11">
         <name>memcpy</name>
         <value>0xde78</value>
         <object_component_ref idref="oc-744"/>
      </symbol>
      <symbol id="sm-aa8">
         <name>pow</name>
         <value>0x8638</value>
         <object_component_ref idref="oc-704"/>
      </symbol>
      <symbol id="sm-aa9">
         <name>powl</name>
         <value>0x8638</value>
         <object_component_ref idref="oc-704"/>
      </symbol>
      <symbol id="sm-ae3">
         <name>__mspabi_addd</name>
         <value>0x9768</value>
         <object_component_ref idref="oc-7af"/>
      </symbol>
      <symbol id="sm-afd">
         <name>__mspabi_cmpd</name>
         <value>0xbf52</value>
         <object_component_ref idref="oc-7ee"/>
      </symbol>
      <symbol id="sm-b23">
         <name>__mspabi_mpyd</name>
         <value>0xaca6</value>
         <object_component_ref idref="oc-7d9"/>
      </symbol>
      <symbol id="sm-b2e">
         <name>__TI_frcmpyd</name>
         <value>0xb494</value>
         <object_component_ref idref="oc-875"/>
      </symbol>
      <symbol id="sm-b37">
         <name>__mspabi_negd</name>
         <value>0xdac8</value>
         <object_component_ref idref="oc-7d0"/>
      </symbol>
      <symbol id="sm-b40">
         <name>__mspabi_subd</name>
         <value>0xd906</value>
         <object_component_ref idref="oc-7e2"/>
      </symbol>
      <symbol id="sm-b47">
         <name>errno</name>
         <value>0x2a5c</value>
         <object_component_ref idref="oc-7d6"/>
      </symbol>
      <symbol id="sm-b6a">
         <name>printf</name>
         <value>0xd494</value>
         <object_component_ref idref="oc-711"/>
      </symbol>
      <symbol id="sm-bc8">
         <name>__TI_printfi_minimal</name>
         <value>0xbd92</value>
         <object_component_ref idref="oc-817"/>
      </symbol>
      <symbol id="sm-bd9">
         <name>__TI_tmpnams</name>
         <value>0x27f8</value>
      </symbol>
      <symbol id="sm-bda">
         <name>_ftable</name>
         <value>0x293e</value>
         <object_component_ref idref="oc-808"/>
      </symbol>
      <symbol id="sm-bdb">
         <name>__TI_ft_end</name>
         <value>0x2a5a</value>
         <object_component_ref idref="oc-9ba"/>
      </symbol>
      <symbol id="sm-bf1">
         <name>putc</name>
         <value>0xc726</value>
         <object_component_ref idref="oc-8a5"/>
      </symbol>
      <symbol id="sm-bf2">
         <name>fputc</name>
         <value>0xc726</value>
         <object_component_ref idref="oc-8a5"/>
      </symbol>
      <symbol id="sm-c03">
         <name>__TI_doflush</name>
         <value>0xcde8</value>
         <object_component_ref idref="oc-8f7"/>
      </symbol>
      <symbol id="sm-c1b">
         <name>__TI_wrt_ok</name>
         <value>0xc9ba</value>
         <object_component_ref idref="oc-8eb"/>
      </symbol>
      <symbol id="sm-c33">
         <name>fputs</name>
         <value>0xbe74</value>
         <object_component_ref idref="oc-89e"/>
      </symbol>
      <symbol id="sm-c4e">
         <name>fseeko</name>
         <value>0xcb7c</value>
         <object_component_ref idref="oc-92e"/>
      </symbol>
      <symbol id="sm-c4f">
         <name>fseek</name>
         <value>0xcb7c</value>
         <object_component_ref idref="oc-92e"/>
      </symbol>
      <symbol id="sm-c68">
         <name>scalbn</name>
         <value>0xb5f8</value>
         <object_component_ref idref="oc-7f4"/>
      </symbol>
      <symbol id="sm-c69">
         <name>scalbnl</name>
         <value>0xb5f8</value>
         <object_component_ref idref="oc-7f4"/>
      </symbol>
      <symbol id="sm-c6a">
         <name>ldexpl</name>
         <value>0xb5f8</value>
         <object_component_ref idref="oc-7f4"/>
      </symbol>
      <symbol id="sm-c6b">
         <name>ldexp</name>
         <value>0xb5f8</value>
         <object_component_ref idref="oc-7f4"/>
      </symbol>
      <symbol id="sm-c74">
         <name>copysign</name>
         <value>0xd934</value>
         <object_component_ref idref="oc-885"/>
      </symbol>
      <symbol id="sm-c75">
         <name>copysignl</name>
         <value>0xd934</value>
         <object_component_ref idref="oc-885"/>
      </symbol>
      <symbol id="sm-c8c">
         <name>lseek</name>
         <value>0xdc58</value>
         <object_component_ref idref="oc-955"/>
      </symbol>
      <symbol id="sm-c9b">
         <name>_stream</name>
         <value>0x29e6</value>
         <object_component_ref idref="oc-940"/>
      </symbol>
      <symbol id="sm-c9c">
         <name>_device</name>
         <value>0x28c6</value>
         <object_component_ref idref="oc-981"/>
      </symbol>
      <symbol id="sm-ca8">
         <name>HOSTclose</name>
         <value>0xd2c6</value>
         <object_component_ref idref="oc-9c6"/>
      </symbol>
      <symbol id="sm-cb4">
         <name>HOSTlseek</name>
         <value>0xc8bc</value>
         <object_component_ref idref="oc-9d8"/>
      </symbol>
      <symbol id="sm-cc2">
         <name>parmbuf</name>
         <value>0x28b8</value>
      </symbol>
      <symbol id="sm-cc3">
         <name>HOSTopen</name>
         <value>0xcd84</value>
         <object_component_ref idref="oc-9c0"/>
      </symbol>
      <symbol id="sm-cd0">
         <name>HOSTread</name>
         <value>0xceaa</value>
         <object_component_ref idref="oc-9cc"/>
      </symbol>
      <symbol id="sm-cdc">
         <name>HOSTrename</name>
         <value>0xcaa8</value>
         <object_component_ref idref="oc-9e4"/>
      </symbol>
      <symbol id="sm-ce8">
         <name>HOSTunlink</name>
         <value>0xd352</value>
         <object_component_ref idref="oc-9de"/>
      </symbol>
      <symbol id="sm-cf5">
         <name>HOSTwrite</name>
         <value>0xce4a</value>
         <object_component_ref idref="oc-9d2"/>
      </symbol>
      <symbol id="sm-d13">
         <name>__TI_readmsg</name>
         <value>0xd9ec</value>
         <object_component_ref idref="oc-a1e"/>
      </symbol>
      <symbol id="sm-d14">
         <name>C$$IO$$</name>
         <value>0xd902</value>
         <object_component_ref idref="oc-a18"/>
      </symbol>
      <symbol id="sm-d15">
         <name>_CIOBUF_</name>
         <value>0x8000</value>
         <object_component_ref idref="oc-a4a"/>
      </symbol>
      <symbol id="sm-d16">
         <name>__TI_writemsg</name>
         <value>0xd8d8</value>
         <object_component_ref idref="oc-a18"/>
      </symbol>
      <symbol id="sm-d25">
         <name>memccpy</name>
         <value>0xdd34</value>
         <object_component_ref idref="oc-916"/>
      </symbol>
      <symbol id="sm-d34">
         <name>memchr</name>
         <value>0xde50</value>
         <object_component_ref idref="oc-8f1"/>
      </symbol>
      <symbol id="sm-d42">
         <name>memset</name>
         <value>0xde64</value>
         <object_component_ref idref="oc-909"/>
      </symbol>
      <symbol id="sm-d5a">
         <name>setvbuf</name>
         <value>0xc1ca</value>
         <object_component_ref idref="oc-934"/>
      </symbol>
      <symbol id="sm-d6b">
         <name>__TI_cleanup</name>
         <value>0xd812</value>
         <object_component_ref idref="oc-96e"/>
      </symbol>
      <symbol id="sm-d7c">
         <name>__TI_closefile</name>
         <value>0xcbe6</value>
         <object_component_ref idref="oc-9b4"/>
      </symbol>
      <symbol id="sm-d8e">
         <name>close</name>
         <value>0xd110</value>
         <object_component_ref idref="oc-a04"/>
      </symbol>
      <symbol id="sm-e07">
         <name>_sys_memory</name>
         <value>0x8120</value>
         <object_component_ref idref="oc-420"/>
      </symbol>
      <symbol id="sm-e08">
         <name>free</name>
         <value>0xc02a</value>
         <object_component_ref idref="oc-962"/>
      </symbol>
      <symbol id="sm-e09">
         <name>memalign</name>
         <value>0xbacc</value>
         <object_component_ref idref="oc-9ad"/>
      </symbol>
      <symbol id="sm-e0a">
         <name>malloc</name>
         <value>0xdf22</value>
         <object_component_ref idref="oc-968"/>
      </symbol>
      <symbol id="sm-e0b">
         <name>aligned_alloc</name>
         <value>0xbacc</value>
         <object_component_ref idref="oc-9ad"/>
      </symbol>
      <symbol id="sm-e30">
         <name>finddevice</name>
         <value>0xd962</value>
         <object_component_ref idref="oc-a6c"/>
      </symbol>
      <symbol id="sm-e31">
         <name>getdevice</name>
         <value>0xd06a</value>
         <object_component_ref idref="oc-a3e"/>
      </symbol>
      <symbol id="sm-e5d">
         <name>sqrtl</name>
         <value>0xa9ca</value>
         <object_component_ref idref="oc-7ca"/>
      </symbol>
      <symbol id="sm-e5e">
         <name>sqrt</name>
         <value>0xa9ca</value>
         <object_component_ref idref="oc-7ca"/>
      </symbol>
      <symbol id="sm-e6d">
         <name>strchr</name>
         <value>0xddc2</value>
         <object_component_ref idref="oc-a60"/>
      </symbol>
      <symbol id="sm-e7b">
         <name>strcmp</name>
         <value>0xde0c</value>
         <object_component_ref idref="oc-a85"/>
      </symbol>
      <symbol id="sm-e88">
         <name>strcpy</name>
         <value>0xdeba</value>
         <object_component_ref idref="oc-a2f"/>
      </symbol>
      <symbol id="sm-e95">
         <name>strlen</name>
         <value>0xded8</value>
         <object_component_ref idref="oc-8ac"/>
      </symbol>
      <symbol id="sm-ea5">
         <name>strncpy</name>
         <value>0xda9c</value>
         <object_component_ref idref="oc-a66"/>
      </symbol>
      <symbol id="sm-eb2">
         <name>unlink</name>
         <value>0xdaf2</value>
         <object_component_ref idref="oc-a0b"/>
      </symbol>
      <symbol id="sm-ec0">
         <name>write</name>
         <value>0xdcee</value>
         <object_component_ref idref="oc-8fd"/>
      </symbol>
      <symbol id="sm-ec7">
         <name>remove</name>
         <value>0xdaf2</value>
      </symbol>
   </symbol_table>
   <title>Link successful</title>
</link_info>
