Archive member included to satisfy reference by file (symbol)

app/libapp.a(main.c.obj)      (--whole-archive)
app/libapp.a(leds.c.obj)      (--whole-archive)
zephyr/libzephyr.a(cbprintf_packaged.c.obj)
                              (--whole-archive)
zephyr/libzephyr.a(dec.c.obj)
                              (--whole-archive)
zephyr/libzephyr.a(fdtable.c.obj)
                              (--whole-archive)
zephyr/libzephyr.a(hex.c.obj)
                              (--whole-archive)
zephyr/libzephyr.a(printk.c.obj)
                              (--whole-archive)
zephyr/libzephyr.a(rb.c.obj)  (--whole-archive)
zephyr/libzephyr.a(sem.c.obj)
                              (--whole-archive)
zephyr/libzephyr.a(thread_entry.c.obj)
                              (--whole-archive)
zephyr/libzephyr.a(timeutil.c.obj)
                              (--whole-archive)
zephyr/libzephyr.a(heap.c.obj)
                              (--whole-archive)
zephyr/libzephyr.a(heap-validate.c.obj)
                              (--whole-archive)
zephyr/libzephyr.a(bitarray.c.obj)
                              (--whole-archive)
zephyr/libzephyr.a(multi_heap.c.obj)
                              (--whole-archive)
zephyr/libzephyr.a(onoff.c.obj)
                              (--whole-archive)
zephyr/libzephyr.a(notify.c.obj)
                              (--whole-archive)
zephyr/libzephyr.a(crc32c_sw.c.obj)
                              (--whole-archive)
zephyr/libzephyr.a(crc32_sw.c.obj)
                              (--whole-archive)
zephyr/libzephyr.a(crc16_sw.c.obj)
                              (--whole-archive)
zephyr/libzephyr.a(crc8_sw.c.obj)
                              (--whole-archive)
zephyr/libzephyr.a(crc7_sw.c.obj)
                              (--whole-archive)
zephyr/libzephyr.a(cbprintf_complete.c.obj)
                              (--whole-archive)
zephyr/libzephyr.a(cbprintf.c.obj)
                              (--whole-archive)
zephyr/libzephyr.a(ring_buffer.c.obj)
                              (--whole-archive)
zephyr/libzephyr.a(assert.c.obj)
                              (--whole-archive)
zephyr/libzephyr.a(reboot.c.obj)
                              (--whole-archive)
zephyr/libzephyr.a(configs.c.obj)
                              (--whole-archive)
zephyr/libzephyr.a(soc_nrf_common.S.obj)
                              (--whole-archive)
zephyr/libzephyr.a(validate_base_addresses.c.obj)
                              (--whole-archive)
zephyr/libzephyr.a(validate_enabled_instances.c.obj)
                              (--whole-archive)
zephyr/libzephyr.a(pm.c.obj)  (--whole-archive)
zephyr/libzephyr.a(policy.c.obj)
                              (--whole-archive)
zephyr/libzephyr.a(state.c.obj)
                              (--whole-archive)
zephyr/libzephyr.a(tracing_none.c.obj)
                              (--whole-archive)
zephyr/libzephyr.a(usb_device.c.obj)
                              (--whole-archive)
zephyr/libzephyr.a(usb_descriptor.c.obj)
                              (--whole-archive)
zephyr/libzephyr.a(usb_transfer.c.obj)
                              (--whole-archive)
zephyr/libzephyr.a(cdc_acm.c.obj)
                              (--whole-archive)
zephyr/libzephyr.a(usb_work_q.c.obj)
                              (--whole-archive)
zephyr/libzephyr.a(nrf_cc3xx_platform_abort_zephyr.c.obj)
                              (--whole-archive)
zephyr/libzephyr.a(nrf_cc3xx_platform_mutex_zephyr.c.obj)
                              (--whole-archive)
zephyr/arch/common/libarch__common.a(sw_isr_common.c.obj)
                              (--whole-archive)
zephyr/arch/arch/arm/core/aarch32/libarch__arm__core__aarch32.a(cpu_idle.S.obj)
                              (--whole-archive)
zephyr/arch/arch/arm/core/aarch32/libarch__arm__core__aarch32.a(fatal.c.obj)
                              (--whole-archive)
zephyr/arch/arch/arm/core/aarch32/libarch__arm__core__aarch32.a(irq_manage.c.obj)
                              (--whole-archive)
zephyr/arch/arch/arm/core/aarch32/libarch__arm__core__aarch32.a(nmi.c.obj)
                              (--whole-archive)
zephyr/arch/arch/arm/core/aarch32/libarch__arm__core__aarch32.a(nmi_on_reset.S.obj)
                              (--whole-archive)
zephyr/arch/arch/arm/core/aarch32/libarch__arm__core__aarch32.a(prep_c.c.obj)
                              (--whole-archive)
zephyr/arch/arch/arm/core/aarch32/libarch__arm__core__aarch32.a(swap.c.obj)
                              (--whole-archive)
zephyr/arch/arch/arm/core/aarch32/libarch__arm__core__aarch32.a(swap_helper.S.obj)
                              (--whole-archive)
zephyr/arch/arch/arm/core/aarch32/libarch__arm__core__aarch32.a(thread.c.obj)
                              (--whole-archive)
zephyr/arch/arch/arm/core/aarch32/libarch__arm__core__aarch32.a(isr_wrapper.S.obj)
                              (--whole-archive)
zephyr/arch/arch/arm/core/aarch32/cortex_m/libarch__arm__core__aarch32__cortex_m.a(exc_exit.S.obj)
[...]
Memory Configuration

Name             Origin             Length             Attributes
FLASH            0x0000000000027000 0x00000000000c5000 xr
RAM              0x0000000020000000 0x0000000000040000 xw
IDT_LIST         0x00000000fffff7ff 0x0000000000000800 xw
*default*        0x0000000000000000 0xffffffffffffffff

Linker script and memory map

LOAD zephyr/CMakeFiles/zephyr_pre0.dir/misc/empty_file.c.obj
                0x0000000000000020                _region_min_align = 0x20

.rel.plt        0x0000000000027000        0x0
 *(SORT_BY_ALIGNMENT(.rel.plt))
                [!provide]                        PROVIDE (__rel_iplt_start = .)
 *(SORT_BY_ALIGNMENT(.rel.iplt))
 .rel.iplt      0x0000000000027000        0x0 app/libapp.a(main.c.obj)
                [!provide]                        PROVIDE (__rel_iplt_end = .)

.rela.plt       0x0000000000000000        0x0
 *(SORT_BY_ALIGNMENT(.rela.plt))
                [!provide]                        PROVIDE (__rela_iplt_start = .)
 *(SORT_BY_ALIGNMENT(.rela.iplt))
                [!provide]                        PROVIDE (__rela_iplt_end = .)

.rel.dyn
 *(SORT_BY_ALIGNMENT(.rel.*))

.rela.dyn
 *(SORT_BY_ALIGNMENT(.rela.*))

/DISCARD/
 *(SORT_BY_ALIGNMENT(.plt))

/DISCARD/
 *(SORT_BY_ALIGNMENT(.iplt))
                0x0000000000027000                __rom_region_start = 0x27000

rom_start       0x0000000000027000      0x100
                0x0000000000000000                . = 0x0
                0x0000000000000000                . = ALIGN (0x4)
                0x0000000000000000                . = ALIGN (0x80)
                0x0000000000000000                . = ALIGN (0x100)
                0x0000000000027000                _vector_start = .
 *(SORT_BY_ALIGNMENT(.exc_vector_table))
 *(SORT_BY_ALIGNMENT(.exc_vector_table.*))
 .exc_vector_table._vector_table_section
                0x0000000000027000       0x40 zephyr/arch/arch/arm/core/aarch32/cortex_m/libarch__arm__core__aarch32__cortex_m.a(vector_table.S.obj)
                0x0000000000027000                _vector_table
 *(SORT_BY_ALIGNMENT(.vectors))
                0x0000000000027100                _vector_end = .
                0x0000000000027040                . = ALIGN (0x4)
 *(SORT_BY_ALIGNMENT(.gnu.linkonce.irq_vector_table*))
 .gnu.linkonce.irq_vector_table
                0x0000000000027040       0xc0 zephyr/arch/common/libisr_tables.a(isr_tables.c.obj)
                0x0000000000027040                _irq_vector_table
                0x0000000000027100                _vector_end = .

text            0x0000000000027100     0x93dc
                0x0000000000027100                __text_region_start = .
 *(SORT_BY_ALIGNMENT(.text))
 .text          0x0000000000027100       0x30 c:/ncs/toolchains/31f4403e35/opt/zephyr-sdk/arm-zephyr-eabi/bin/../lib/gcc/arm-zephyr-eabi/12.2.0/thumb/v7e-m/nofp\libgcc.a(_aeabi_uldivmod.o)
                0x0000000000027100                __aeabi_uldivmod
 .text          0x0000000000027130        0x4 c:/ncs/toolchains/31f4403e35/opt/zephyr-sdk/arm-zephyr-eabi/bin/../lib/gcc/arm-zephyr-eabi/12.2.0/thumb/v7e-m/nofp\libgcc.a(_dvmd_tls.o)
                0x0000000000027130                __aeabi_idiv0
                0x0000000000027130                __aeabi_ldiv0
 .text          0x0000000000027134      0x2a0 c:/ncs/toolchains/31f4403e35/opt/zephyr-sdk/arm-zephyr-eabi/bin/../lib/gcc/arm-zephyr-eabi/12.2.0/thumb/v7e-m/nofp\libgcc.a(_udivmoddi4.o)
                0x0000000000027134                __udivmoddi4
 *(SORT_BY_ALIGNMENT(.text.*))
 .text.leds_init
                0x00000000000273d4       0x48 app/libapp.a(leds.c.obj)
                0x00000000000273d4                leds_init
 .text.leds_toggle_red
                0x000000000002741c        0xc app/libapp.a(leds.c.obj)
                0x000000000002741c                leds_toggle_red
 .text.leds_toggle_green
                0x0000000000027428        0xc app/libapp.a(leds.c.obj)
                0x0000000000027428                leds_toggle_green
 .text.leds_toggle_blue
                0x0000000000027434        0xc app/libapp.a(leds.c.obj)
                0x0000000000027434                leds_toggle_blue
 .text.char_out
                0x0000000000027440        0xc zephyr/libzephyr.a(printk.c.obj)
 .text.__printk_hook_install
                0x000000000002744c        0xc zephyr/libzephyr.a(printk.c.obj)
                0x000000000002744c                __printk_hook_install
 .text.vprintk  0x0000000000027458       0x1c zephyr/libzephyr.a(printk.c.obj)
                0x0000000000027458                vprintk
 .text.process_event
                0x0000000000027474      0x21c zephyr/libzephyr.a(onoff.c.obj)
 .text.z_cbvprintf_impl
                0x0000000000027690      0x764 zephyr/libzephyr.a(cbprintf_complete.c.obj)
                0x0000000000027690                z_cbvprintf_impl
 .text.sys_reboot
                0x0000000000027df4       0x30 zephyr/libzephyr.a(reboot.c.obj)
                0x0000000000027df4                sys_reboot
 .text.z_arm_platform_init
                0x0000000000027e24        0x4 zephyr/libzephyr.a(soc_nrf_common.S.obj)
                0x0000000000027e24                z_arm_platform_init
 .text.pm_state_notify
                0x0000000000027e28       0x5c zephyr/libzephyr.a(pm.c.obj)
 .text.pm_system_resume
                0x0000000000027e84       0x78 zephyr/libzephyr.a(pm.c.obj)
                0x0000000000027e84                pm_system_resume
 .text.pm_system_suspend
                0x0000000000027efc       0xf8 zephyr/libzephyr.a(pm.c.obj)
                0x0000000000027efc                pm_system_suspend
 .text.pm_policy_next_state
                0x0000000000027ff4       0x94 zephyr/libzephyr.a(policy.c.obj)
                0x0000000000027ff4                pm_policy_next_state
 .text.pm_state_cpu_get_all
                0x0000000000028088       0x10 zephyr/libzephyr.a(state.c.obj)
                0x0000000000028088                pm_state_cpu_get_all
 .text.class_handler
                0x0000000000028098       0x40 zephyr/libzephyr.a(usb_device.c.obj)
 .text.custom_handler
                0x00000000000280d8       0x60 zephyr/libzephyr.a(usb_device.c.obj)
 .text.vendor_handler
                0x0000000000028138       0x3c zephyr/libzephyr.a(usb_device.c.obj)
 .text.disable_endpoint
                0x0000000000028174       0x2c zephyr/libzephyr.a(usb_device.c.obj)
 .text.usb_reset_alt_setting
                0x00000000000281a0       0x10 zephyr/libzephyr.a(usb_device.c.obj)
 .text.is_ep_valid.part.0
                0x00000000000281b0       0x38 zephyr/libzephyr.a(usb_device.c.obj)
 .text.usb_handle_request.constprop.0
                0x00000000000281e8       0x2c zephyr/libzephyr.a(usb_device.c.obj)
 .text.forward_status_cb
                0x0000000000028214       0xac zephyr/libzephyr.a(usb_device.c.obj)
 .text.usb_halt_endpoint_req.isra.0
                0x00000000000282c0       0x50 zephyr/libzephyr.a(usb_device.c.obj)
 .text.set_endpoint
                0x0000000000028310       0x84 zephyr/libzephyr.a(usb_device.c.obj)
 .text.usb_handle_standard_request
                0x0000000000028394      0x2ec zephyr/libzephyr.a(usb_device.c.obj)
 .text.usb_data_to_host
                0x0000000000028680       0x54 zephyr/libzephyr.a(usb_device.c.obj)
 .text.usb_handle_control_transfer
                0x00000000000286d4       0xdc zephyr/libzephyr.a(usb_device.c.obj)
 .text.usb_set_config
                0x00000000000287b0       0x2c zephyr/libzephyr.a(usb_device.c.obj)
                0x00000000000287b0                usb_set_config
 .text.usb_enable
                0x00000000000287dc      0x10c zephyr/libzephyr.a(usb_device.c.obj)
                0x00000000000287dc                usb_enable
 .text.usb_device_init
                0x00000000000288e8       0x30 zephyr/libzephyr.a(usb_device.c.obj)
 .text.usb_update_sn_string_descriptor
                0x0000000000028918       0x88 zephyr/libzephyr.a(usb_descriptor.c.obj)
                0x0000000000028918                usb_update_sn_string_descriptor
 .text.usb_get_device_descriptor
                0x00000000000289a0      0x1ac zephyr/libzephyr.a(usb_descriptor.c.obj)
                0x00000000000289a0                usb_get_device_descriptor
 .text.usb_ep_get_transfer
                0x0000000000028b4c       0x2c zephyr/libzephyr.a(usb_transfer.c.obj)
 .text.usb_transfer_work
                0x0000000000028b78      0x108 zephyr/libzephyr.a(usb_transfer.c.obj)
 .text.usb_transfer_ep_callback
                0x0000000000028c80       0x5c zephyr/libzephyr.a(usb_transfer.c.obj)
                0x0000000000028c80                usb_transfer_ep_callback
 .text.usb_transfer
                0x0000000000028cdc       0xe4 zephyr/libzephyr.a(usb_transfer.c.obj)
                0x0000000000028cdc                usb_transfer
 .text.usb_cancel_transfer
                0x0000000000028dc0       0x3c zephyr/libzephyr.a(usb_transfer.c.obj)
                0x0000000000028dc0                usb_cancel_transfer
 .text.usb_cancel_transfers
                0x0000000000028dfc       0x48 zephyr/libzephyr.a(usb_transfer.c.obj)
                0x0000000000028dfc                usb_cancel_transfers
 .text.usb_transfer_init
                0x0000000000028e44       0x34 zephyr/libzephyr.a(usb_transfer.c.obj)
                0x0000000000028e44                usb_transfer_init
 .text.cdc_acm_class_handle_req
                0x0000000000028e78       0x58 zephyr/libzephyr.a(cdc_acm.c.obj)
                0x0000000000028e78                cdc_acm_class_handle_req
 .text.cdc_acm_int_in
                0x0000000000028ed0       0x18 zephyr/libzephyr.a(cdc_acm.c.obj)
 .text.cdc_acm_irq_rx_enable
                0x0000000000028ee8       0x20 zephyr/libzephyr.a(cdc_acm.c.obj)
 .text.cdc_acm_irq_tx_enable
                0x0000000000028f08       0x20 zephyr/libzephyr.a(cdc_acm.c.obj)
 .text.cdc_acm_reset_port
                0x0000000000028f28       0x3c zephyr/libzephyr.a(cdc_acm.c.obj)
 .text.cdc_acm_fifo_fill
                0x0000000000028f64       0x38 zephyr/libzephyr.a(cdc_acm.c.obj)
 .text.cdc_acm_poll_out
                0x0000000000028f9c       0x64 zephyr/libzephyr.a(cdc_acm.c.obj)
 .text.tx_work_handler
                0x0000000000029000       0x5c zephyr/libzephyr.a(cdc_acm.c.obj)
 .text.cdc_acm_write_cb
                0x000000000002905c       0x44 zephyr/libzephyr.a(cdc_acm.c.obj)
 .text.cdc_acm_init
                0x00000000000290a0       0x48 zephyr/libzephyr.a(cdc_acm.c.obj)
 .text.cdc_acm_read_cb
                0x00000000000290e8       0x6c zephyr/libzephyr.a(cdc_acm.c.obj)
 .text.cdc_acm_dev_status_cb
                0x0000000000029154       0x88 zephyr/libzephyr.a(cdc_acm.c.obj)
 .text.z_usb_work_q_init
                0x00000000000291dc       0x34 zephyr/libzephyr.a(usb_work_q.c.obj)
 .text.nrf_cc3xx_platform_abort_init
                0x0000000000029210        0xc zephyr/libzephyr.a(nrf_cc3xx_platform_abort_zephyr.c.obj)
                0x0000000000029210                nrf_cc3xx_platform_abort_init
 .text.mutex_free_platform
                0x000000000002921c       0x54 zephyr/libzephyr.a(nrf_cc3xx_platform_mutex_zephyr.c.obj)
 .text.mutex_lock_platform
                0x0000000000029270       0x60 zephyr/libzephyr.a(nrf_cc3xx_platform_mutex_zephyr.c.obj)
 .text.mutex_unlock_platform
                0x00000000000292d0       0x58 zephyr/libzephyr.a(nrf_cc3xx_platform_mutex_zephyr.c.obj)
 .text.mutex_init_platform
                0x0000000000029328       0x94 zephyr/libzephyr.a(nrf_cc3xx_platform_mutex_zephyr.c.obj)
 .text.nrf_cc3xx_platform_mutex_init
                0x00000000000293bc       0x2c zephyr/libzephyr.a(nrf_cc3xx_platform_mutex_zephyr.c.obj)
                0x00000000000293bc                nrf_cc3xx_platform_mutex_init
 .text.z_arm_cpu_idle_init
                0x00000000000293e8        0xc zephyr/arch/arch/arm/core/aarch32/libarch__arm__core__aarch32.a(cpu_idle.S.obj)
                0x00000000000293e8                z_arm_cpu_idle_init
 .text.arch_cpu_idle
                0x00000000000293f4       0x1c zephyr/arch/arch/arm/core/aarch32/libarch__arm__core__aarch32.a(cpu_idle.S.obj)
                0x00000000000293f4                arch_cpu_idle
 .text.arch_cpu_atomic_idle
                0x0000000000029410       0x18 zephyr/arch/arch/arm/core/aarch32/libarch__arm__core__aarch32.a(cpu_idle.S.obj)
                0x0000000000029410                arch_cpu_atomic_idle
 .text.arch_irq_enable
                0x0000000000029428       0x1c zephyr/arch/arch/arm/core/aarch32/libarch__arm__core__aarch32.a(irq_manage.c.obj)
                0x0000000000029428                arch_irq_enable
 .text.arch_irq_disable
                0x0000000000029444       0x28 zephyr/arch/arch/arm/core/aarch32/libarch__arm__core__aarch32.a(irq_manage.c.obj)
                0x0000000000029444                arch_irq_disable
 .text.arch_irq_is_enabled
                0x000000000002946c       0x1c zephyr/arch/arch/arm/core/aarch32/libarch__arm__core__aarch32.a(irq_manage.c.obj)
                0x000000000002946c                arch_irq_is_enabled
 .text.z_arm_irq_priority_set
                0x0000000000029488       0x30 zephyr/arch/arch/arm/core/aarch32/libarch__arm__core__aarch32.a(irq_manage.c.obj)
                0x0000000000029488                z_arm_irq_priority_set
 .text.z_SysNmiOnReset
                0x00000000000294b8        0x8 zephyr/arch/arch/arm/core/aarch32/libarch__arm__core__aarch32.a(nmi_on_reset.S.obj)
                0x00000000000294b8                z_SysNmiOnReset
 .text.z_arm_prep_c
                0x00000000000294c0       0x38 zephyr/arch/arch/arm/core/aarch32/libarch__arm__core__aarch32.a(prep_c.c.obj)
                0x00000000000294c0                z_arm_prep_c
 .text.arch_swap
                0x00000000000294f8       0x34 zephyr/arch/arch/arm/core/aarch32/libarch__arm__core__aarch32.a(swap.c.obj)
                0x00000000000294f8                arch_swap
 .text.z_arm_pendsv
                0x000000000002952c       0x54 zephyr/arch/arch/arm/core/aarch32/libarch__arm__core__aarch32.a(swap_helper.S.obj)
                0x000000000002952c                z_arm_pendsv
 .text.z_arm_svc
                0x0000000000029580       0x20 zephyr/arch/arch/arm/core/aarch32/libarch__arm__core__aarch32.a(swap_helper.S.obj)
                0x0000000000029580                z_arm_svc
 .text.arch_new_thread
                0x00000000000295a0       0x38 zephyr/arch/arch/arm/core/aarch32/libarch__arm__core__aarch32.a(thread.c.obj)
                0x00000000000295a0                arch_new_thread
 .text.z_check_thread_stack_fail
                0x00000000000295d8       0x2c zephyr/arch/arch/arm/core/aarch32/libarch__arm__core__aarch32.a(thread.c.obj)
                0x00000000000295d8                z_check_thread_stack_fail
 .text.arch_switch_to_main_thread
                0x0000000000029604       0x2c zephyr/arch/arch/arm/core/aarch32/libarch__arm__core__aarch32.a(thread.c.obj)
                0x0000000000029604                arch_switch_to_main_thread
 .text._isr_wrapper
                0x0000000000029630       0x40 zephyr/arch/arch/arm/core/aarch32/libarch__arm__core__aarch32.a(isr_wrapper.S.obj)
                0x0000000000029630                _isr_wrapper
 .text._HandlerModeExit
                0x0000000000029670       0x1c zephyr/arch/arch/arm/core/aarch32/cortex_m/libarch__arm__core__aarch32__cortex_m.a(exc_exit.S.obj)
                0x0000000000029670                z_arm_int_exit
                0x0000000000029670                z_arm_exc_exit
 .text.mem_manage_fault
                0x000000000002968c       0xa0 zephyr/arch/arch/arm/core/aarch32/cortex_m/libarch__arm__core__aarch32__cortex_m.a(fault.c.obj)
 .text.usage_fault.constprop.0
                0x000000000002972c       0x54 zephyr/arch/arch/arm/core/aarch32/cortex_m/libarch__arm__core__aarch32__cortex_m.a(fault.c.obj)
 .text.bus_fault.constprop.0
                0x0000000000029780       0x6c zephyr/arch/arch/arm/core/aarch32/cortex_m/libarch__arm__core__aarch32__cortex_m.a(fault.c.obj)
 .text.z_arm_fault
                0x00000000000297ec      0x11c zephyr/arch/arch/arm/core/aarch32/cortex_m/libarch__arm__core__aarch32__cortex_m.a(fault.c.obj)
                0x00000000000297ec                z_arm_fault
 .text.z_arm_fault_init
                0x0000000000029908       0x10 zephyr/arch/arch/arm/core/aarch32/cortex_m/libarch__arm__core__aarch32__cortex_m.a(fault.c.obj)
                0x0000000000029908                z_arm_fault_init
 .text.__fault  0x0000000000029918       0x14 zephyr/arch/arch/arm/core/aarch32/cortex_m/libarch__arm__core__aarch32__cortex_m.a(fault_s.S.obj)
                0x0000000000029918                z_arm_usage_fault
                0x0000000000029918                z_arm_mpu_fault
                0x0000000000029918                z_arm_exc_spurious
                0x0000000000029918                z_arm_debug_monitor
                0x0000000000029918                z_arm_hard_fault
                0x0000000000029918                z_arm_bus_fault
 .text.z_arm_interrupt_init
                0x000000000002992c       0x18 zephyr/arch/arch/arm/core/aarch32/cortex_m/libarch__arm__core__aarch32__cortex_m.a(irq_init.c.obj)
                0x000000000002992c                z_arm_interrupt_init
 .text._reset_section
                0x0000000000029944       0x54 zephyr/arch/arch/arm/core/aarch32/cortex_m/libarch__arm__core__aarch32__cortex_m.a(reset.S.obj)
                0x0000000000029944                __start
                0x0000000000029944                z_arm_reset
 .text.z_arm_clear_arm_mpu_config
                0x0000000000029998       0x24 zephyr/arch/arch/arm/core/aarch32/cortex_m/libarch__arm__core__aarch32__cortex_m.a(scb.c.obj)
                0x0000000000029998                z_arm_clear_arm_mpu_config
 .text.z_arm_init_arch_hw_at_boot
                0x00000000000299bc       0x64 zephyr/arch/arch/arm/core/aarch32/cortex_m/libarch__arm__core__aarch32__cortex_m.a(scb.c.obj)
                0x00000000000299bc                z_arm_init_arch_hw_at_boot
 .text.z_impl_k_thread_abort
                0x0000000000029a20       0x2c zephyr/arch/arch/arm/core/aarch32/cortex_m/libarch__arm__core__aarch32__cortex_m.a(thread_abort.c.obj)
                0x0000000000029a20                z_impl_k_thread_abort
 .text.z_arm_configure_static_mpu_regions
                0x0000000000029a4c       0x18 zephyr/arch/arch/arm/core/aarch32/mpu/libarch__arm__core__aarch32__mpu.a(arm_core_mpu.c.obj)
                0x0000000000029a4c                z_arm_configure_static_mpu_regions
 .text.z_arm_configure_dynamic_mpu_regions
                0x0000000000029a64       0x20 zephyr/arch/arch/arm/core/aarch32/mpu/libarch__arm__core__aarch32__mpu.a(arm_core_mpu.c.obj)
                0x0000000000029a64                z_arm_configure_dynamic_mpu_regions
 .text.mpu_configure_regions
                0x0000000000029a84       0x88 zephyr/arch/arch/arm/core/aarch32/mpu/libarch__arm__core__aarch32__mpu.a(arm_mpu.c.obj)
 .text.arm_core_mpu_enable
                0x0000000000029b0c       0x18 zephyr/arch/arch/arm/core/aarch32/mpu/libarch__arm__core__aarch32__mpu.a(arm_mpu.c.obj)
                0x0000000000029b0c                arm_core_mpu_enable
 .text.arm_core_mpu_disable
                0x0000000000029b24       0x14 zephyr/arch/arch/arm/core/aarch32/mpu/libarch__arm__core__aarch32__mpu.a(arm_mpu.c.obj)
                0x0000000000029b24                arm_core_mpu_disable
 .text.arm_core_mpu_configure_static_mpu_regions
                0x0000000000029b38       0x14 zephyr/arch/arch/arm/core/aarch32/mpu/libarch__arm__core__aarch32__mpu.a(arm_mpu.c.obj)
                0x0000000000029b38                arm_core_mpu_configure_static_mpu_regions
 .text.arm_core_mpu_configure_dynamic_mpu_regions
                0x0000000000029b4c       0x30 zephyr/arch/arch/arm/core/aarch32/mpu/libarch__arm__core__aarch32__mpu.a(arm_mpu.c.obj)
                0x0000000000029b4c                arm_core_mpu_configure_dynamic_mpu_regions
 .text.z_arm_mpu_init
                0x0000000000029b7c       0x60 zephyr/arch/arch/arm/core/aarch32/mpu/libarch__arm__core__aarch32__mpu.a(arm_mpu.c.obj)
                0x0000000000029b7c                z_arm_mpu_init
 .text.__stdout_hook_install
                0x0000000000029bdc        0xc zephyr/lib/libc/minimal/liblib__libc__minimal.a(stdout_console.c.obj)
                0x0000000000029bdc                __stdout_hook_install
 .text.nordicsemi_nrf52_init
                0x0000000000029be8       0x60 zephyr/soc/arm/nordic_nrf/nrf52/libsoc__arm__nordic_nrf__nrf52.a(soc.c.obj)
 .text.sys_arch_reboot
                0x0000000000029c48       0x2c zephyr/soc/arm/nordic_nrf/nrf52/libsoc__arm__nordic_nrf__nrf52.a(soc.c.obj)
                0x0000000000029c48                sys_arch_reboot
 .text.arch_busy_wait
                0x0000000000029c74       0x14 zephyr/soc/arm/nordic_nrf/nrf52/libsoc__arm__nordic_nrf__nrf52.a(soc.c.obj)
                0x0000000000029c74                arch_busy_wait
 .text.endpoint_ctx
                0x0000000000029c88       0x60 zephyr/drivers/usb/device/libdrivers__usb__device.a(usb_dc_nrfx.c.obj)
 .text.usbd_work_schedule
                0x0000000000029ce8       0x10 zephyr/drivers/usb/device/libdrivers__usb__device.a(usb_dc_nrfx.c.obj)
 .text.usbd_evt_put
                0x0000000000029cf8        0xc zephyr/drivers/usb/device/libdrivers__usb__device.a(usb_dc_nrfx.c.obj)
 .text.usbd_evt_get
                0x0000000000029d04       0x10 zephyr/drivers/usb/device/libdrivers__usb__device.a(usb_dc_nrfx.c.obj)
 .text.usbd_evt_flush
                0x0000000000029d14       0x1c zephyr/drivers/usb/device/libdrivers__usb__device.a(usb_dc_nrfx.c.obj)
 .text.usbd_evt_alloc
                0x0000000000029d30       0x44 zephyr/drivers/usb/device/libdrivers__usb__device.a(usb_dc_nrfx.c.obj)
 .text.usb_dc_power_event_handler
                0x0000000000029d74       0x34 zephyr/drivers/usb/device/libdrivers__usb__device.a(usb_dc_nrfx.c.obj)
 .text.usbd_event_transfer_data
                0x0000000000029da8       0xa8 zephyr/drivers/usb/device/libdrivers__usb__device.a(usb_dc_nrfx.c.obj)
 .text.usb_init
                0x0000000000029e50       0x70 zephyr/drivers/usb/device/libdrivers__usb__device.a(usb_dc_nrfx.c.obj)
 .text.hfxo_stop.constprop.0.isra.0
                0x0000000000029ec0       0x40 zephyr/drivers/usb/device/libdrivers__usb__device.a(usb_dc_nrfx.c.obj)
 .text.usbd_event_handler
                0x0000000000029f00      0x11c zephyr/drivers/usb/device/libdrivers__usb__device.a(usb_dc_nrfx.c.obj)
 .text.eps_ctx_init
                0x000000000002a01c       0x68 zephyr/drivers/usb/device/libdrivers__usb__device.a(usb_dc_nrfx.c.obj)
 .text.usbd_work_handler
                0x000000000002a084      0x2e4 zephyr/drivers/usb/device/libdrivers__usb__device.a(usb_dc_nrfx.c.obj)
 .text.usb_dc_attach
                0x000000000002a368       0x64 zephyr/drivers/usb/device/libdrivers__usb__device.a(usb_dc_nrfx.c.obj)
                0x000000000002a368                usb_dc_attach
 .text.usb_dc_set_address
                0x000000000002a3cc       0x24 zephyr/drivers/usb/device/libdrivers__usb__device.a(usb_dc_nrfx.c.obj)
                0x000000000002a3cc                usb_dc_set_address
 .text.usb_dc_ep_configure
                0x000000000002a3f0       0x48 zephyr/drivers/usb/device/libdrivers__usb__device.a(usb_dc_nrfx.c.obj)
                0x000000000002a3f0                usb_dc_ep_configure
 .text.usb_dc_ep_set_stall
                0x000000000002a438       0x50 zephyr/drivers/usb/device/libdrivers__usb__device.a(usb_dc_nrfx.c.obj)
                0x000000000002a438                usb_dc_ep_set_stall
 .text.usb_dc_ep_clear_stall
                0x000000000002a488       0x40 zephyr/drivers/usb/device/libdrivers__usb__device.a(usb_dc_nrfx.c.obj)
                0x000000000002a488                usb_dc_ep_clear_stall
 .text.usb_dc_ep_is_stalled
                0x000000000002a4c8       0x38 zephyr/drivers/usb/device/libdrivers__usb__device.a(usb_dc_nrfx.c.obj)
                0x000000000002a4c8                usb_dc_ep_is_stalled
 .text.usb_dc_ep_enable
                0x000000000002a500       0x54 zephyr/drivers/usb/device/libdrivers__usb__device.a(usb_dc_nrfx.c.obj)
                0x000000000002a500                usb_dc_ep_enable
 .text.usb_dc_ep_write
                0x000000000002a554       0xf8 zephyr/drivers/usb/device/libdrivers__usb__device.a(usb_dc_nrfx.c.obj)
                0x000000000002a554                usb_dc_ep_write
 .text.usb_dc_ep_read_wait
                0x000000000002a64c       0x90 zephyr/drivers/usb/device/libdrivers__usb__device.a(usb_dc_nrfx.c.obj)
                0x000000000002a64c                usb_dc_ep_read_wait
 .text.usb_dc_ep_read_continue
                0x000000000002a6dc       0x84 zephyr/drivers/usb/device/libdrivers__usb__device.a(usb_dc_nrfx.c.obj)
                0x000000000002a6dc                usb_dc_ep_read_continue
 .text.usb_dc_ep_set_callback
                0x000000000002a760       0x28 zephyr/drivers/usb/device/libdrivers__usb__device.a(usb_dc_nrfx.c.obj)
                0x000000000002a760                usb_dc_ep_set_callback
 .text.usb_dc_set_status_callback
                0x000000000002a788        0xc zephyr/drivers/usb/device/libdrivers__usb__device.a(usb_dc_nrfx.c.obj)
                0x000000000002a788                usb_dc_set_status_callback
 .text.usb_dc_ep_mps
                0x000000000002a794       0x24 zephyr/drivers/usb/device/libdrivers__usb__device.a(usb_dc_nrfx.c.obj)
                0x000000000002a794                usb_dc_ep_mps
 .text.onoff_stop
                0x000000000002a7b8       0x30 zephyr/drivers/clock_control/libdrivers__clock_control.a(clock_control_nrf.c.obj)
 .text.onoff_start
                0x000000000002a7e8       0x44 zephyr/drivers/clock_control/libdrivers__clock_control.a(clock_control_nrf.c.obj)
 .text.clk_init
                0x000000000002a82c       0x58 zephyr/drivers/clock_control/libdrivers__clock_control.a(clock_control_nrf.c.obj)
 .text.clkstarted_handle.constprop.0
                0x000000000002a884       0x34 zephyr/drivers/clock_control/libdrivers__clock_control.a(clock_control_nrf.c.obj)
 .text.clock_event_handler
                0x000000000002a8b8       0x1c zephyr/drivers/clock_control/libdrivers__clock_control.a(clock_control_nrf.c.obj)
 .text.generic_hfclk_start
                0x000000000002a8d4       0x64 zephyr/drivers/clock_control/libdrivers__clock_control.a(clock_control_nrf.c.obj)
 .text.api_blocking_start
                0x000000000002a938       0x34 zephyr/drivers/clock_control/libdrivers__clock_control.a(clock_control_nrf.c.obj)
 .text.generic_hfclk_stop
                0x000000000002a96c       0x34 zephyr/drivers/clock_control/libdrivers__clock_control.a(clock_control_nrf.c.obj)
 .text.z_nrf_clock_control_get_onoff
                0x000000000002a9a0       0x10 zephyr/drivers/clock_control/libdrivers__clock_control.a(clock_control_nrf.c.obj)
                0x000000000002a9a0                z_nrf_clock_control_get_onoff
 .text.z_nrf_clock_control_lf_on
                0x000000000002a9b0       0xfc zephyr/drivers/clock_control/libdrivers__clock_control.a(clock_control_nrf.c.obj)
                0x000000000002a9b0                z_nrf_clock_control_lf_on
 .text.uart_console_init
                0x000000000002aaac       0x28 zephyr/drivers/console/libdrivers__console.a(uart_console.c.obj)
 .text.console_out
                0x000000000002aad4       0x28 zephyr/drivers/console/libdrivers__console.a(uart_console.c.obj)
 .text.gpio_nrfx_pin_interrupt_configure
                0x000000000002aafc       0xd4 zephyr/drivers/gpio/libdrivers__gpio.a(gpio_nrfx.c.obj)
 .text.gpio_nrfx_init
                0x000000000002abd0       0x38 zephyr/drivers/gpio/libdrivers__gpio.a(gpio_nrfx.c.obj)
 .text.nrfx_gpio_handler
                0x000000000002ac08       0x4c zephyr/drivers/gpio/libdrivers__gpio.a(gpio_nrfx.c.obj)
 .text.gpio_nrfx_pin_configure
                0x000000000002ac54      0x128 zephyr/drivers/gpio/libdrivers__gpio.a(gpio_nrfx.c.obj)
 .text.pinctrl_configure_pins
                0x000000000002ad7c      0x174 zephyr/drivers/pinctrl/libdrivers__pinctrl.a(pinctrl_nrf.c.obj)
                0x000000000002ad7c                pinctrl_configure_pins
 .text.regulator_fixed_enable
                0x000000000002aef0       0x40 zephyr/drivers/regulator/libdrivers__regulator.a(regulator_fixed.c.obj)
 .text.uarte_nrfx_configure
                0x000000000002af30      0x168 zephyr/drivers/serial/libdrivers__serial.a(uart_nrfx_uarte.c.obj)
 .text.uarte_0_init
                0x000000000002b098       0xfc zephyr/drivers/serial/libdrivers__serial.a(uart_nrfx_uarte.c.obj)
 .text.uarte_nrfx_poll_out
                0x000000000002b194       0x98 zephyr/drivers/serial/libdrivers__serial.a(uart_nrfx_uarte.c.obj)
 .text.compare_int_lock
                0x000000000002b22c       0x48 zephyr/drivers/timer/libdrivers__timer.a(nrf_rtc_timer.c.obj)
 .text.sys_clock_timeout_handler
                0x000000000002b274       0x48 zephyr/drivers/timer/libdrivers__timer.a(nrf_rtc_timer.c.obj)
 .text.compare_int_unlock
                0x000000000002b2bc       0x5c zephyr/drivers/timer/libdrivers__timer.a(nrf_rtc_timer.c.obj)
 .text.z_nrf_rtc_timer_read
                0x000000000002b318       0x44 zephyr/drivers/timer/libdrivers__timer.a(nrf_rtc_timer.c.obj)
                0x000000000002b318                z_nrf_rtc_timer_read
 .text.compare_set
                0x000000000002b35c      0x11c zephyr/drivers/timer/libdrivers__timer.a(nrf_rtc_timer.c.obj)
 .text.sys_clock_driver_init
                0x000000000002b478       0x8c zephyr/drivers/timer/libdrivers__timer.a(nrf_rtc_timer.c.obj)
 .text.rtc_nrf_isr
                0x000000000002b504       0xd4 zephyr/drivers/timer/libdrivers__timer.a(nrf_rtc_timer.c.obj)
                0x000000000002b504                rtc_nrf_isr
 .text.sys_clock_set_timeout
                0x000000000002b5d8       0x64 zephyr/drivers/timer/libdrivers__timer.a(nrf_rtc_timer.c.obj)
                0x000000000002b5d8                sys_clock_set_timeout
 .text.sys_clock_elapsed
                0x000000000002b63c       0x14 zephyr/drivers/timer/libdrivers__timer.a(nrf_rtc_timer.c.obj)
                0x000000000002b63c                sys_clock_elapsed
 .text.sys_clock_disable
                0x000000000002b650       0x30 zephyr/drivers/timer/libdrivers__timer.a(nrf_rtc_timer.c.obj)
                0x000000000002b650                sys_clock_disable
 .text.nrf52_errata_98
                0x000000000002b680       0x24 modules/hal_nordic/nrfx/libmodules__hal_nordic__nrfx.a(system_nrf52840.c.obj)
 .text.nvmc_wait
                0x000000000002b6a4       0x10 modules/hal_nordic/nrfx/libmodules__hal_nordic__nrfx.a(system_nrf52840.c.obj)
                0x000000000002b6a4                nvmc_wait
 .text.SystemInit
                0x000000000002b6b4      0x1bc modules/hal_nordic/nrfx/libmodules__hal_nordic__nrfx.a(system_nrf52840.c.obj)
                0x000000000002b6b4                SystemInit
 .text.nrfx_flag32_alloc
                0x000000000002b870       0x40 modules/hal_nordic/nrfx/libmodules__hal_nordic__nrfx.a(nrfx_flag32_allocator.c.obj)
                0x000000000002b870                nrfx_flag32_alloc
 .text.nrfx_flag32_free
                0x000000000002b8b0       0x40 modules/hal_nordic/nrfx/libmodules__hal_nordic__nrfx.a(nrfx_flag32_allocator.c.obj)
                0x000000000002b8b0                nrfx_flag32_free
 .text.clock_stop
                0x000000000002b8f0       0xc8 modules/hal_nordic/nrfx/libmodules__hal_nordic__nrfx.a(nrfx_clock.c.obj)
 .text.nrfx_clock_init
                0x000000000002b9b8       0x20 modules/hal_nordic/nrfx/libmodules__hal_nordic__nrfx.a(nrfx_clock.c.obj)
                0x000000000002b9b8                nrfx_clock_init
 .text.nrfx_clock_enable
                0x000000000002b9d8       0x24 modules/hal_nordic/nrfx/libmodules__hal_nordic__nrfx.a(nrfx_clock.c.obj)
                0x000000000002b9d8                nrfx_clock_enable
 .text.nrfx_clock_irq_handler
                0x000000000002b9fc       0x68 modules/hal_nordic/nrfx/libmodules__hal_nordic__nrfx.a(nrfx_clock.c.obj)
                0x000000000002b9fc                nrfx_clock_irq_handler
 .text.nrf_gpio_pin_port_decode
                0x000000000002ba64       0x1c modules/hal_nordic/nrfx/libmodules__hal_nordic__nrfx.a(nrfx_gpiote.c.obj)
 .text.pin_in_use_by_te
                0x000000000002ba80       0x14 modules/hal_nordic/nrfx/libmodules__hal_nordic__nrfx.a(nrfx_gpiote.c.obj)
 .text.call_handler
                0x000000000002ba94       0x3c modules/hal_nordic/nrfx/libmodules__hal_nordic__nrfx.a(nrfx_gpiote.c.obj)
 .text.release_handler
                0x000000000002bad0       0x54 modules/hal_nordic/nrfx/libmodules__hal_nordic__nrfx.a(nrfx_gpiote.c.obj)
 .text.pin_handler_trigger_uninit
                0x000000000002bb24       0x38 modules/hal_nordic/nrfx/libmodules__hal_nordic__nrfx.a(nrfx_gpiote.c.obj)
 .text.nrfx_gpiote_input_configure
                0x000000000002bb5c      0x15c modules/hal_nordic/nrfx/libmodules__hal_nordic__nrfx.a(nrfx_gpiote.c.obj)
                0x000000000002bb5c                nrfx_gpiote_input_configure
 .text.nrfx_gpiote_output_configure
                0x000000000002bcb8       0xe4 modules/hal_nordic/nrfx/libmodules__hal_nordic__nrfx.a(nrfx_gpiote.c.obj)
                0x000000000002bcb8                nrfx_gpiote_output_configure
 .text.nrfx_gpiote_global_callback_set
                0x000000000002bd9c        0xc modules/hal_nordic/nrfx/libmodules__hal_nordic__nrfx.a(nrfx_gpiote.c.obj)
                0x000000000002bd9c                nrfx_gpiote_global_callback_set
 .text.nrfx_gpiote_channel_get
                0x000000000002bda8       0x2c modules/hal_nordic/nrfx/libmodules__hal_nordic__nrfx.a(nrfx_gpiote.c.obj)
                0x000000000002bda8                nrfx_gpiote_channel_get
 .text.nrfx_gpiote_init
                0x000000000002bdd4       0x50 modules/hal_nordic/nrfx/libmodules__hal_nordic__nrfx.a(nrfx_gpiote.c.obj)
                0x000000000002bdd4                nrfx_gpiote_init
 .text.nrfx_gpiote_is_init
                0x000000000002be24       0x14 modules/hal_nordic/nrfx/libmodules__hal_nordic__nrfx.a(nrfx_gpiote.c.obj)
                0x000000000002be24                nrfx_gpiote_is_init
 .text.nrfx_gpiote_channel_free
                0x000000000002be38        0xc modules/hal_nordic/nrfx/libmodules__hal_nordic__nrfx.a(nrfx_gpiote.c.obj)
                0x000000000002be38                nrfx_gpiote_channel_free
 .text.nrfx_gpiote_channel_alloc
                0x000000000002be44        0xc modules/hal_nordic/nrfx/libmodules__hal_nordic__nrfx.a(nrfx_gpiote.c.obj)
                0x000000000002be44                nrfx_gpiote_channel_alloc
 .text.nrfx_gpiote_trigger_enable
                0x000000000002be50       0x90 modules/hal_nordic/nrfx/libmodules__hal_nordic__nrfx.a(nrfx_gpiote.c.obj)
                0x000000000002be50                nrfx_gpiote_trigger_enable
 .text.nrfx_gpiote_trigger_disable
                0x000000000002bee0       0x50 modules/hal_nordic/nrfx/libmodules__hal_nordic__nrfx.a(nrfx_gpiote.c.obj)
                0x000000000002bee0                nrfx_gpiote_trigger_disable
 .text.nrfx_gpiote_pin_uninit
                0x000000000002bf30       0x48 modules/hal_nordic/nrfx/libmodules__hal_nordic__nrfx.a(nrfx_gpiote.c.obj)
                0x000000000002bf30                nrfx_gpiote_pin_uninit
 .text.nrfx_gpiote_irq_handler
                0x000000000002bf78      0x1bc modules/hal_nordic/nrfx/libmodules__hal_nordic__nrfx.a(nrfx_gpiote.c.obj)
                0x000000000002bf78                nrfx_gpiote_irq_handler
 .text.nrfx_power_init
                0x000000000002c134       0x74 modules/hal_nordic/nrfx/libmodules__hal_nordic__nrfx.a(nrfx_power.c.obj)
                0x000000000002c134                nrfx_power_init
 .text.nrfx_power_usbevt_uninit
                0x000000000002c1a8       0x18 modules/hal_nordic/nrfx/libmodules__hal_nordic__nrfx.a(nrfx_power.c.obj)
                0x000000000002c1a8                nrfx_power_usbevt_uninit
 .text.nrfx_power_usbevt_init
                0x000000000002c1c0       0x14 modules/hal_nordic/nrfx/libmodules__hal_nordic__nrfx.a(nrfx_power.c.obj)
                0x000000000002c1c0                nrfx_power_usbevt_init
 .text.nrfx_power_irq_handler
                0x000000000002c1d4       0xa0 modules/hal_nordic/nrfx/libmodules__hal_nordic__nrfx.a(nrfx_power.c.obj)
                0x000000000002c1d4                nrfx_power_irq_handler
 .text.nrfx_ppi_channel_alloc
                0x000000000002c274        0xc modules/hal_nordic/nrfx/libmodules__hal_nordic__nrfx.a(nrfx_ppi.c.obj)
                0x000000000002c274                nrfx_ppi_channel_alloc
 .text.nrf52_errata_187
                0x000000000002c280       0x28 modules/hal_nordic/nrfx/libmodules__hal_nordic__nrfx.a(nrfx_usbd.c.obj)
 .text.ep_state_access
                0x000000000002c2a8       0x1c modules/hal_nordic/nrfx/libmodules__hal_nordic__nrfx.a(nrfx_usbd.c.obj)
 .text.ev_usbreset_handler
                0x000000000002c2c4       0x2c modules/hal_nordic/nrfx/libmodules__hal_nordic__nrfx.a(nrfx_usbd.c.obj)
 .text.ev_usbevent_handler
                0x000000000002c2f0       0x74 modules/hal_nordic/nrfx/libmodules__hal_nordic__nrfx.a(nrfx_usbd.c.obj)
 .text.usbd_errata_187_211_begin
                0x000000000002c364       0x40 modules/hal_nordic/nrfx/libmodules__hal_nordic__nrfx.a(nrfx_usbd.c.obj)
 .text.usbd_errata_187_211_end
                0x000000000002c3a4       0x40 modules/hal_nordic/nrfx/libmodules__hal_nordic__nrfx.a(nrfx_usbd.c.obj)
 .text.nrfx_usbd_feeder_flash
                0x000000000002c3e4       0x38 modules/hal_nordic/nrfx/libmodules__hal_nordic__nrfx.a(nrfx_usbd.c.obj)
                0x000000000002c3e4                nrfx_usbd_feeder_flash
 .text.nrfx_usbd_feeder_flash_zlp
                0x000000000002c41c       0x3c modules/hal_nordic/nrfx/libmodules__hal_nordic__nrfx.a(nrfx_usbd.c.obj)
                0x000000000002c41c                nrfx_usbd_feeder_flash_zlp
 .text.ev_sof_handler
                0x000000000002c458       0x44 modules/hal_nordic/nrfx/libmodules__hal_nordic__nrfx.a(nrfx_usbd.c.obj)
 .text.atomic_and.constprop.0.isra.0
                0x000000000002c49c       0x20 modules/hal_nordic/nrfx/libmodules__hal_nordic__nrfx.a(nrfx_usbd.c.obj)
 .text.usbd_dma_pending_clear
                0x000000000002c4bc       0x24 modules/hal_nordic/nrfx/libmodules__hal_nordic__nrfx.a(nrfx_usbd.c.obj)
 .text.nrf_usbd_ep0in_dma_handler
                0x000000000002c4e0       0x2c modules/hal_nordic/nrfx/libmodules__hal_nordic__nrfx.a(nrfx_usbd.c.obj)
 .text.usbd_ep_data_handler
                0x000000000002c50c       0x8c modules/hal_nordic/nrfx/libmodules__hal_nordic__nrfx.a(nrfx_usbd.c.obj)
 .text.ev_setup_data_handler
                0x000000000002c598       0x1c modules/hal_nordic/nrfx/libmodules__hal_nordic__nrfx.a(nrfx_usbd.c.obj)
 .text.ev_dma_epout8_handler
                0x000000000002c5b4       0x40 modules/hal_nordic/nrfx/libmodules__hal_nordic__nrfx.a(nrfx_usbd.c.obj)
 .text.ev_dma_epin8_handler
                0x000000000002c5f4       0x50 modules/hal_nordic/nrfx/libmodules__hal_nordic__nrfx.a(nrfx_usbd.c.obj)
 .text.nrfx_usbd_uninit
                0x000000000002c644       0x14 modules/hal_nordic/nrfx/libmodules__hal_nordic__nrfx.a(nrfx_usbd.c.obj)
                0x000000000002c644                nrfx_usbd_uninit
 .text.nrfx_usbd_enable
                0x000000000002c658      0x14c modules/hal_nordic/nrfx/libmodules__hal_nordic__nrfx.a(nrfx_usbd.c.obj)
                0x000000000002c658                nrfx_usbd_enable
 .text.nrfx_usbd_start
                0x000000000002c7a4       0x3c modules/hal_nordic/nrfx/libmodules__hal_nordic__nrfx.a(nrfx_usbd.c.obj)
                0x000000000002c7a4                nrfx_usbd_start
 .text.nrfx_usbd_is_enabled
                0x000000000002c7e0       0x14 modules/hal_nordic/nrfx/libmodules__hal_nordic__nrfx.a(nrfx_usbd.c.obj)
                0x000000000002c7e0                nrfx_usbd_is_enabled
 .text.nrfx_usbd_suspend
                0x000000000002c7f4       0x58 modules/hal_nordic/nrfx/libmodules__hal_nordic__nrfx.a(nrfx_usbd.c.obj)
                0x000000000002c7f4                nrfx_usbd_suspend
 .text.nrfx_usbd_init
                0x000000000002c84c       0x84 modules/hal_nordic/nrfx/libmodules__hal_nordic__nrfx.a(nrfx_usbd.c.obj)
                0x000000000002c84c                nrfx_usbd_init
 .text.nrfx_usbd_ep_transfer
                0x000000000002c8d0       0xf4 modules/hal_nordic/nrfx/libmodules__hal_nordic__nrfx.a(nrfx_usbd.c.obj)
                0x000000000002c8d0                nrfx_usbd_ep_transfer
 .text.nrfx_usbd_epout_size_get
                0x000000000002c9c4       0x28 modules/hal_nordic/nrfx/libmodules__hal_nordic__nrfx.a(nrfx_usbd.c.obj)
                0x000000000002c9c4                nrfx_usbd_epout_size_get
 .text.usbd_dmareq_process
                0x000000000002c9ec      0x188 modules/hal_nordic/nrfx/libmodules__hal_nordic__nrfx.a(nrfx_usbd.c.obj)
 .text.ev_epdata_handler
                0x000000000002cb74       0x44 modules/hal_nordic/nrfx/libmodules__hal_nordic__nrfx.a(nrfx_usbd.c.obj)
 .text.nrf_usbd_epout_dma_handler
                0x000000000002cbb8       0x64 modules/hal_nordic/nrfx/libmodules__hal_nordic__nrfx.a(nrfx_usbd.c.obj)
 .text.nrfx_usbd_ep_stall
                0x000000000002cc1c       0x10 modules/hal_nordic/nrfx/libmodules__hal_nordic__nrfx.a(nrfx_usbd.c.obj)
                0x000000000002cc1c                nrfx_usbd_ep_stall
 .text.nrfx_usbd_ep_stall_check
                0x000000000002cc2c       0x34 modules/hal_nordic/nrfx/libmodules__hal_nordic__nrfx.a(nrfx_usbd.c.obj)
                0x000000000002cc2c                nrfx_usbd_ep_stall_check
 .text.nrfx_usbd_ep_dtoggle_clear
                0x000000000002cc60       0x18 modules/hal_nordic/nrfx/libmodules__hal_nordic__nrfx.a(nrfx_usbd.c.obj)
                0x000000000002cc60                nrfx_usbd_ep_dtoggle_clear
 .text.nrfx_usbd_setup_get
                0x000000000002cc78       0x4c modules/hal_nordic/nrfx/libmodules__hal_nordic__nrfx.a(nrfx_usbd.c.obj)
                0x000000000002cc78                nrfx_usbd_setup_get
 .text.nrfx_usbd_setup_data_clear
                0x000000000002ccc4       0x10 modules/hal_nordic/nrfx/libmodules__hal_nordic__nrfx.a(nrfx_usbd.c.obj)
                0x000000000002ccc4                nrfx_usbd_setup_data_clear
 .text.ev_dma_epout0_handler
                0x000000000002ccd4       0x50 modules/hal_nordic/nrfx/libmodules__hal_nordic__nrfx.a(nrfx_usbd.c.obj)
 .text.nrfx_usbd_setup_clear
                0x000000000002cd24       0x10 modules/hal_nordic/nrfx/libmodules__hal_nordic__nrfx.a(nrfx_usbd.c.obj)
                0x000000000002cd24                nrfx_usbd_setup_clear
 .text.nrfx_usbd_setup_stall
                0x000000000002cd34       0x10 modules/hal_nordic/nrfx/libmodules__hal_nordic__nrfx.a(nrfx_usbd.c.obj)
                0x000000000002cd34                nrfx_usbd_setup_stall
 .text.nrfx_usbd_last_setup_dir_get
                0x000000000002cd44        0xc modules/hal_nordic/nrfx/libmodules__hal_nordic__nrfx.a(nrfx_usbd.c.obj)
                0x000000000002cd44                nrfx_usbd_last_setup_dir_get
 .text.nrfx_usbd_transfer_out_drop
                0x000000000002cd50       0x54 modules/hal_nordic/nrfx/libmodules__hal_nordic__nrfx.a(nrfx_usbd.c.obj)
                0x000000000002cd50                nrfx_usbd_transfer_out_drop
 .text.usbd_ep_abort
                0x000000000002cda4       0xf4 modules/hal_nordic/nrfx/libmodules__hal_nordic__nrfx.a(nrfx_usbd.c.obj)
 .text.ev_setup_handler
                0x000000000002ce98       0x68 modules/hal_nordic/nrfx/libmodules__hal_nordic__nrfx.a(nrfx_usbd.c.obj)
 .text.nrfx_usbd_irq_handler
                0x000000000002cf00       0x7c modules/hal_nordic/nrfx/libmodules__hal_nordic__nrfx.a(nrfx_usbd.c.obj)
                0x000000000002cf00                nrfx_usbd_irq_handler
 .text.nrfx_usbd_stop
                0x000000000002cf7c       0x80 modules/hal_nordic/nrfx/libmodules__hal_nordic__nrfx.a(nrfx_usbd.c.obj)
                0x000000000002cf7c                nrfx_usbd_stop
 .text.nrfx_usbd_disable
                0x000000000002cffc       0x30 modules/hal_nordic/nrfx/libmodules__hal_nordic__nrfx.a(nrfx_usbd.c.obj)
                0x000000000002cffc                nrfx_usbd_disable
 .text.nrfx_usbd_ep_disable
                0x000000000002d02c       0x58 modules/hal_nordic/nrfx/libmodules__hal_nordic__nrfx.a(nrfx_usbd.c.obj)
                0x000000000002d02c                nrfx_usbd_ep_disable
 .text.nrfx_usbd_ep_enable
                0x000000000002d084       0xa8 modules/hal_nordic/nrfx/libmodules__hal_nordic__nrfx.a(nrfx_usbd.c.obj)
                0x000000000002d084                nrfx_usbd_ep_enable
 .text.nrfx_usbd_ep_stall_clear
                0x000000000002d12c       0x20 modules/hal_nordic/nrfx/libmodules__hal_nordic__nrfx.a(nrfx_usbd.c.obj)
                0x000000000002d12c                nrfx_usbd_ep_stall_clear
 .text.z_sys_init_run_level
                0x000000000002d14c       0x48 zephyr/kernel/libkernel.a(init.c.obj)
 .text.bg_thread_main
                0x000000000002d194       0x34 zephyr/kernel/libkernel.a(init.c.obj)
 .text.z_bss_zero
                0x000000000002d1c8       0x18 zephyr/kernel/libkernel.a(init.c.obj)
                0x000000000002d1c8                z_bss_zero
 .text.z_init_cpu
                0x000000000002d1e0       0x70 zephyr/kernel/libkernel.a(init.c.obj)
                0x000000000002d1e0                z_init_cpu
 .text.z_cstart
                0x000000000002d250       0xdc zephyr/kernel/libkernel.a(init.c.obj)
                0x000000000002d250                z_cstart
 .text.init_mem_slab_module
                0x000000000002d32c       0x24 zephyr/kernel/libkernel.a(mem_slab.c.obj)
 .text.k_mem_slab_alloc
                0x000000000002d350       0x5c zephyr/kernel/libkernel.a(mem_slab.c.obj)
                0x000000000002d350                k_mem_slab_alloc
 .text.z_setup_new_thread
                0x000000000002d3ac       0x64 zephyr/kernel/libkernel.a(thread.c.obj)
                0x000000000002d3ac                z_setup_new_thread
 .text.z_impl_k_thread_create
                0x000000000002d410       0x58 zephyr/kernel/libkernel.a(thread.c.obj)
                0x000000000002d410                z_impl_k_thread_create
 .text.z_init_static_threads
                0x000000000002d468       0xb8 zephyr/kernel/libkernel.a(thread.c.obj)
                0x000000000002d468                z_init_static_threads
 .text.idle     0x000000000002d520       0x38 zephyr/kernel/libkernel.a(idle.c.obj)
                0x000000000002d520                idle
 .text.z_impl_k_mutex_lock
                0x000000000002d558       0xf4 zephyr/kernel/libkernel.a(mutex.c.obj)
                0x000000000002d558                z_impl_k_mutex_lock
 .text.z_impl_k_mutex_unlock
                0x000000000002d64c       0x78 zephyr/kernel/libkernel.a(mutex.c.obj)
                0x000000000002d64c                z_impl_k_mutex_unlock
 .text.z_impl_k_queue_get
                0x000000000002d6c4       0x68 zephyr/kernel/libkernel.a(queue.c.obj)
                0x000000000002d6c4                z_impl_k_queue_get
 .text.z_impl_k_sem_give
                0x000000000002d72c       0x40 zephyr/kernel/libkernel.a(sem.c.obj)
                0x000000000002d72c                z_impl_k_sem_give
 .text.z_impl_k_sem_take
                0x000000000002d76c       0x50 zephyr/kernel/libkernel.a(sem.c.obj)
                0x000000000002d76c                z_impl_k_sem_take
 .text.work_queue_main
                0x000000000002d7bc      0x138 zephyr/kernel/libkernel.a(work.c.obj)
 .text.submit_to_queue_locked
                0x000000000002d8f4       0xb4 zephyr/kernel/libkernel.a(work.c.obj)
 .text.k_work_queue_start
                0x000000000002d9a8       0x70 zephyr/kernel/libkernel.a(work.c.obj)
                0x000000000002d9a8                k_work_queue_start
 .text.k_work_schedule_for_queue
                0x000000000002da18       0x54 zephyr/kernel/libkernel.a(work.c.obj)
                0x000000000002da18                k_work_schedule_for_queue
 .text.sliceable
                0x000000000002da6c       0x3c zephyr/kernel/libkernel.a(sched.c.obj)
 .text.slice_timeout
                0x000000000002daa8       0x20 zephyr/kernel/libkernel.a(sched.c.obj)
 .text.z_reset_time_slice
                0x000000000002dac8       0x50 zephyr/kernel/libkernel.a(sched.c.obj)
                0x000000000002dac8                z_reset_time_slice
 .text.update_cache
                0x000000000002db18       0x3c zephyr/kernel/libkernel.a(sched.c.obj)
 .text.move_thread_to_end_of_prio_q
                0x000000000002db54       0x74 zephyr/kernel/libkernel.a(sched.c.obj)
 .text.ready_thread
                0x000000000002dbc8       0x68 zephyr/kernel/libkernel.a(sched.c.obj)
 .text.unready_thread
                0x000000000002dc30       0x30 zephyr/kernel/libkernel.a(sched.c.obj)
 .text.pend_locked
                0x000000000002dc60       0x30 zephyr/kernel/libkernel.a(sched.c.obj)
 .text.z_time_slice
                0x000000000002dc90       0x60 zephyr/kernel/libkernel.a(sched.c.obj)
                0x000000000002dc90                z_time_slice
 .text.z_pend_curr
                0x000000000002dcf0       0x3c zephyr/kernel/libkernel.a(sched.c.obj)
                0x000000000002dcf0                z_pend_curr
 .text.z_set_prio
                0x000000000002dd2c       0x8c zephyr/kernel/libkernel.a(sched.c.obj)
                0x000000000002dd2c                z_set_prio
 .text.z_reschedule
                0x000000000002ddb8       0x24 zephyr/kernel/libkernel.a(sched.c.obj)
                0x000000000002ddb8                z_reschedule
 .text.z_sched_start
                0x000000000002dddc       0x3c zephyr/kernel/libkernel.a(sched.c.obj)
                0x000000000002dddc                z_sched_start
 .text.z_impl_k_thread_suspend
                0x000000000002de18       0x64 zephyr/kernel/libkernel.a(sched.c.obj)
                0x000000000002de18                z_impl_k_thread_suspend
 .text.k_sched_lock
                0x000000000002de7c       0x28 zephyr/kernel/libkernel.a(sched.c.obj)
                0x000000000002de7c                k_sched_lock
 .text.k_sched_unlock
                0x000000000002dea4       0x38 zephyr/kernel/libkernel.a(sched.c.obj)
                0x000000000002dea4                k_sched_unlock
 .text.z_sched_init
                0x000000000002dedc       0x10 zephyr/kernel/libkernel.a(sched.c.obj)
                0x000000000002dedc                z_sched_init
 .text.z_impl_k_yield
                0x000000000002deec       0x7c zephyr/kernel/libkernel.a(sched.c.obj)
                0x000000000002deec                z_impl_k_yield
 .text.z_tick_sleep
                0x000000000002df68       0x88 zephyr/kernel/libkernel.a(sched.c.obj)
 .text.z_impl_k_sleep
                0x000000000002dff0       0x34 zephyr/kernel/libkernel.a(sched.c.obj)
                0x000000000002dff0                z_impl_k_sleep
 .text.z_impl_k_usleep
                0x000000000002e024       0x34 zephyr/kernel/libkernel.a(sched.c.obj)
                0x000000000002e024                z_impl_k_usleep
 .text.z_impl_z_current_get
                0x000000000002e058        0xc zephyr/kernel/libkernel.a(sched.c.obj)
                0x000000000002e058                z_impl_z_current_get
 .text.z_thread_abort
                0x000000000002e064       0xc0 zephyr/kernel/libkernel.a(sched.c.obj)
                0x000000000002e064                z_thread_abort
 .text.z_sched_wait
                0x000000000002e124       0x24 zephyr/kernel/libkernel.a(sched.c.obj)
                0x000000000002e124                z_sched_wait
 .text.z_data_copy
                0x000000000002e148       0x34 zephyr/kernel/libkernel.a(xip.c.obj)
                0x000000000002e148                z_data_copy
 .text.elapsed  0x000000000002e17c       0x14 zephyr/kernel/libkernel.a(timeout.c.obj)
 .text.next_timeout
                0x000000000002e190       0x40 zephyr/kernel/libkernel.a(timeout.c.obj)
 .text.remove_timeout
                0x000000000002e1d0       0x38 zephyr/kernel/libkernel.a(timeout.c.obj)
 .text.z_add_timeout
                0x000000000002e208       0xec zephyr/kernel/libkernel.a(timeout.c.obj)
                0x000000000002e208                z_add_timeout
 .text.sys_clock_announce
                0x000000000002e2f4       0xd4 zephyr/kernel/libkernel.a(timeout.c.obj)
                0x000000000002e2f4                sys_clock_announce
 .text.sys_clock_tick_get
                0x000000000002e3c8       0x34 zephyr/kernel/libkernel.a(timeout.c.obj)
                0x000000000002e3c8                sys_clock_tick_get
 .text.z_thread_aligned_alloc
                0x000000000002e3fc       0x40 zephyr/kernel/libkernel.a(mempool.c.obj)
                0x000000000002e3fc                z_thread_aligned_alloc
 .text.boot_banner
                0x000000000002e43c        0xc zephyr/kernel/libkernel.a(banner.c.obj)
                0x000000000002e43c                boot_banner
 .text.statics_init
                0x000000000002e448       0x24 zephyr/kernel/libkernel.a(kheap.c.obj)
 .text.k_sys_work_q_init
                0x000000000002e46c       0x34 zephyr/kernel/libkernel.a(system_work_q.c.obj)
 .text.nrf_cc3xx_platform_init_no_rng
                0x000000000002e4a0       0x38 C:/ncs/v2.4.0/nrfxlib/crypto/nrf_cc310_platform/lib/cortex-m4/soft-float/no-interrupts/libnrf_cc310_platform_0.9.17.a(nrf_cc3xx_platform.c.obj)
                0x000000000002e4a0                nrf_cc3xx_platform_init_no_rng
 .text.nrf_cc3xx_platform_abort
                0x000000000002e4d8       0x24 C:/ncs/v2.4.0/nrfxlib/crypto/nrf_cc310_platform/lib/cortex-m4/soft-float/no-interrupts/libnrf_cc310_platform_0.9.17.a(nrf_cc3xx_platform_abort.c.obj)
 .text.CC_PalAbort
                0x000000000002e4fc       0x34 C:/ncs/v2.4.0/nrfxlib/crypto/nrf_cc310_platform/lib/cortex-m4/soft-float/no-interrupts/libnrf_cc310_platform_0.9.17.a(nrf_cc3xx_platform_abort.c.obj)
                0x000000000002e4fc                CC_PalAbort
 .text.nrf_cc3xx_platform_set_abort
                0x000000000002e530       0x10 C:/ncs/v2.4.0/nrfxlib/crypto/nrf_cc310_platform/lib/cortex-m4/soft-float/no-interrupts/libnrf_cc310_platform_0.9.17.a(nrf_cc3xx_platform_abort.c.obj)
                0x000000000002e530                nrf_cc3xx_platform_set_abort
 .text.mutex_free
                0x000000000002e540       0x34 C:/ncs/v2.4.0/nrfxlib/crypto/nrf_cc310_platform/lib/cortex-m4/soft-float/no-interrupts/libnrf_cc310_platform_0.9.17.a(nrf_cc3xx_platform_mutex.c.obj)
 .text.mutex_lock
                0x000000000002e574       0x48 C:/ncs/v2.4.0/nrfxlib/crypto/nrf_cc310_platform/lib/cortex-m4/soft-float/no-interrupts/libnrf_cc310_platform_0.9.17.a(nrf_cc3xx_platform_mutex.c.obj)
 .text.mutex_unlock
                0x000000000002e5bc       0x38 C:/ncs/v2.4.0/nrfxlib/crypto/nrf_cc310_platform/lib/cortex-m4/soft-float/no-interrupts/libnrf_cc310_platform_0.9.17.a(nrf_cc3xx_platform_mutex.c.obj)
 .text.mutex_init
                0x000000000002e5f4       0x20 C:/ncs/v2.4.0/nrfxlib/crypto/nrf_cc310_platform/lib/cortex-m4/soft-float/no-interrupts/libnrf_cc310_platform_0.9.17.a(nrf_cc3xx_platform_mutex.c.obj)
 .text.nrf_cc3xx_platform_set_mutexes
                0x000000000002e614       0x74 C:/ncs/v2.4.0/nrfxlib/crypto/nrf_cc310_platform/lib/cortex-m4/soft-float/no-interrupts/libnrf_cc310_platform_0.9.17.a(nrf_cc3xx_platform_mutex.c.obj)
                0x000000000002e614                nrf_cc3xx_platform_set_mutexes
 .text.CC_LibInitNoRng
                0x000000000002e688       0x64 C:/ncs/v2.4.0/nrfxlib/crypto/nrf_cc310_platform/lib/cortex-m4/soft-float/no-interrupts/libnrf_cc310_platform_0.9.17.a(cc_lib.c.obj)
                0x000000000002e688                CC_LibInitNoRng
 .text.CC_HalInit
                0x000000000002e6ec        0x4 C:/ncs/v2.4.0/nrfxlib/crypto/nrf_cc310_platform/lib/cortex-m4/soft-float/no-interrupts/libnrf_cc310_platform_0.9.17.a(cc_hal.c.obj)
                0x000000000002e6ec                CC_HalInit
 .text.CC_HalTerminate
                0x000000000002e6f0        0x4 C:/ncs/v2.4.0/nrfxlib/crypto/nrf_cc310_platform/lib/cortex-m4/soft-float/no-interrupts/libnrf_cc310_platform_0.9.17.a(cc_hal.c.obj)
                0x000000000002e6f0                CC_HalTerminate
 .text.CC_HalMaskInterrupt
                0x000000000002e6f4        0xc C:/ncs/v2.4.0/nrfxlib/crypto/nrf_cc310_platform/lib/cortex-m4/soft-float/no-interrupts/libnrf_cc310_platform_0.9.17.a(cc_hal.c.obj)
                0x000000000002e6f4                CC_HalMaskInterrupt
 .text.CC_PalInit
                0x000000000002e700       0x5c C:/ncs/v2.4.0/nrfxlib/crypto/nrf_cc310_platform/lib/cortex-m4/soft-float/no-interrupts/libnrf_cc310_platform_0.9.17.a(cc_pal.c.obj)
                0x000000000002e700                CC_PalInit
 .text.CC_PalTerminate
                0x000000000002e75c       0x34 C:/ncs/v2.4.0/nrfxlib/crypto/nrf_cc310_platform/lib/cortex-m4/soft-float/no-interrupts/libnrf_cc310_platform_0.9.17.a(cc_pal.c.obj)
                0x000000000002e75c                CC_PalTerminate
 .text.CC_PalDmaInit
                0x000000000002e790        0x4 C:/ncs/v2.4.0/nrfxlib/crypto/nrf_cc310_platform/lib/cortex-m4/soft-float/no-interrupts/libnrf_cc310_platform_0.9.17.a(cc_pal_dma.c.obj)
                0x000000000002e790                CC_PalDmaInit
 .text.CC_PalDmaTerminate
                0x000000000002e794        0x4 C:/ncs/v2.4.0/nrfxlib/crypto/nrf_cc310_platform/lib/cortex-m4/soft-float/no-interrupts/libnrf_cc310_platform_0.9.17.a(cc_pal_dma.c.obj)
                0x000000000002e794                CC_PalDmaTerminate
 .text.CC_PalMutexCreate
                0x000000000002e798       0x14 C:/ncs/v2.4.0/nrfxlib/crypto/nrf_cc310_platform/lib/cortex-m4/soft-float/no-interrupts/libnrf_cc310_platform_0.9.17.a(cc_pal_mutex.c.obj)
                0x000000000002e798                CC_PalMutexCreate
 .text.CC_PalMutexDestroy
                0x000000000002e7ac       0x14 C:/ncs/v2.4.0/nrfxlib/crypto/nrf_cc310_platform/lib/cortex-m4/soft-float/no-interrupts/libnrf_cc310_platform_0.9.17.a(cc_pal_mutex.c.obj)
                0x000000000002e7ac                CC_PalMutexDestroy
 .text.CC_PalPowerSaveModeInit
                0x000000000002e7c0       0x3c C:/ncs/v2.4.0/nrfxlib/crypto/nrf_cc310_platform/lib/cortex-m4/soft-float/no-interrupts/libnrf_cc310_platform_0.9.17.a(cc_pal_pm.c.obj)
                0x000000000002e7c0                CC_PalPowerSaveModeInit
 .text.CC_PalPowerSaveModeSelect
                0x000000000002e7fc       0x84 C:/ncs/v2.4.0/nrfxlib/crypto/nrf_cc310_platform/lib/cortex-m4/soft-float/no-interrupts/libnrf_cc310_platform_0.9.17.a(cc_pal_pm.c.obj)
                0x000000000002e7fc                CC_PalPowerSaveModeSelect
 .text.k_msleep.constprop.0.isra.0
                0x000000000002e880        0xa app/libapp.a(main.c.obj)
 .text.main     0x000000000002e88a       0x20 app/libapp.a(main.c.obj)
                0x000000000002e88a                main
 .text.gpio_pin_toggle_dt.isra.0
                0x000000000002e8aa       0x10 app/libapp.a(leds.c.obj)
 .text.gpio_pin_configure_dt.constprop.0.isra.0
                0x000000000002e8ba       0x34 app/libapp.a(leds.c.obj)
 .text.arch_printk_char_out
                0x000000000002e8ee        0x4 zephyr/libzephyr.a(printk.c.obj)
                0x000000000002e8ee                arch_printk_char_out
 .text.printk   0x000000000002e8f2       0x1a zephyr/libzephyr.a(printk.c.obj)
                0x000000000002e8f2                printk
 .text.z_thread_entry
                0x000000000002e90c       0x14 zephyr/libzephyr.a(thread_entry.c.obj)
                0x000000000002e90c                z_thread_entry
 .text.chunk_size
                0x000000000002e920        0xa zephyr/libzephyr.a(heap.c.obj)
 .text.free_list_add
                0x000000000002e92a       0x4e zephyr/libzephyr.a(heap.c.obj)
 .text.free_list_remove_bidx
                0x000000000002e978       0x3a zephyr/libzephyr.a(heap.c.obj)
 .text.free_list_remove
                0x000000000002e9b2       0x1a zephyr/libzephyr.a(heap.c.obj)
 .text.alloc_chunk
                0x000000000002e9cc       0x6e zephyr/libzephyr.a(heap.c.obj)
 .text.merge_chunks
                0x000000000002ea3a       0x2c zephyr/libzephyr.a(heap.c.obj)
 .text.split_chunks
                0x000000000002ea66       0x34 zephyr/libzephyr.a(heap.c.obj)
 .text.free_chunk
                0x000000000002ea9a       0x62 zephyr/libzephyr.a(heap.c.obj)
 .text.sys_heap_free
                0x000000000002eafc       0x1e zephyr/libzephyr.a(heap.c.obj)
                0x000000000002eafc                sys_heap_free
 .text.sys_heap_alloc
                0x000000000002eb1a       0x52 zephyr/libzephyr.a(heap.c.obj)
                0x000000000002eb1a                sys_heap_alloc
 .text.sys_heap_aligned_alloc
                0x000000000002eb6c       0xce zephyr/libzephyr.a(heap.c.obj)
                0x000000000002eb6c                sys_heap_aligned_alloc
 .text.sys_heap_init
                0x000000000002ec3a       0x70 zephyr/libzephyr.a(heap.c.obj)
                0x000000000002ec3a                sys_heap_init
 .text.sys_slist_find_and_remove
                0x000000000002ecaa       0x36 zephyr/libzephyr.a(onoff.c.obj)
 .text.process_recheck
                0x000000000002ece0       0x38 zephyr/libzephyr.a(onoff.c.obj)
 .text.validate_args
                0x000000000002ed18       0x20 zephyr/libzephyr.a(onoff.c.obj)
 .text.notify_one
                0x000000000002ed38       0x2c zephyr/libzephyr.a(onoff.c.obj)
 .text.transition_complete
                0x000000000002ed64       0x1c zephyr/libzephyr.a(onoff.c.obj)
 .text.onoff_manager_init
                0x000000000002ed80       0x26 zephyr/libzephyr.a(onoff.c.obj)
                0x000000000002ed80                onoff_manager_init
 .text.onoff_request
                0x000000000002eda6       0xb0 zephyr/libzephyr.a(onoff.c.obj)
                0x000000000002eda6                onoff_request
 .text.onoff_release
                0x000000000002ee56       0x4a zephyr/libzephyr.a(onoff.c.obj)
                0x000000000002ee56                onoff_release
 .text.onoff_cancel
                0x000000000002eea0       0x38 zephyr/libzephyr.a(onoff.c.obj)
                0x000000000002eea0                onoff_cancel
 .text.sys_notify_validate
                0x000000000002eed8       0x22 zephyr/libzephyr.a(notify.c.obj)
                0x000000000002eed8                sys_notify_validate
 .text.sys_notify_finalize
                0x000000000002eefa       0x1a zephyr/libzephyr.a(notify.c.obj)
                0x000000000002eefa                sys_notify_finalize
 .text.encode_uint
                0x000000000002ef14       0x8c zephyr/libzephyr.a(cbprintf_complete.c.obj)
 .text.outs     0x000000000002efa0       0x2e zephyr/libzephyr.a(cbprintf_complete.c.obj)
 .text.ring_buf_put_claim
                0x000000000002efce       0x3e zephyr/libzephyr.a(ring_buffer.c.obj)
                0x000000000002efce                ring_buf_put_claim
 .text.ring_buf_put_finish
                0x000000000002f00c       0x2a zephyr/libzephyr.a(ring_buffer.c.obj)
                0x000000000002f00c                ring_buf_put_finish
 .text.ring_buf_put
                0x000000000002f036       0x3e zephyr/libzephyr.a(ring_buffer.c.obj)
                0x000000000002f036                ring_buf_put
 .text.ring_buf_get_claim
                0x000000000002f074       0x40 zephyr/libzephyr.a(ring_buffer.c.obj)
                0x000000000002f074                ring_buf_get_claim
 .text.ring_buf_get_finish
                0x000000000002f0b4       0x2a zephyr/libzephyr.a(ring_buffer.c.obj)
                0x000000000002f0b4                ring_buf_get_finish
 .text.ring_buf_get
                0x000000000002f0de       0x40 zephyr/libzephyr.a(ring_buffer.c.obj)
                0x000000000002f0de                ring_buf_get
 .text._ConfigAbsSyms
                0x000000000002f11e        0x2 zephyr/libzephyr.a(configs.c.obj)
                0x000000000002f11e                _ConfigAbsSyms
 .text.get_ep_bm_from_addr
                0x000000000002f120       0x1c zephyr/libzephyr.a(usb_device.c.obj)
 .text.usb_write
                0x000000000002f13c       0x30 zephyr/libzephyr.a(usb_device.c.obj)
                0x000000000002f13c                usb_write
 .text.usb_get_dev_data_by_cfg
                0x000000000002f16c       0x18 zephyr/libzephyr.a(usb_descriptor.c.obj)
                0x000000000002f16c                usb_get_dev_data_by_cfg
 .text.usb_get_dev_data_by_iface
                0x000000000002f184       0x1c zephyr/libzephyr.a(usb_descriptor.c.obj)
                0x000000000002f184                usb_get_dev_data_by_iface
 .text.usb_get_dev_data_by_ep
                0x000000000002f1a0       0x2c zephyr/libzephyr.a(usb_descriptor.c.obj)
                0x000000000002f1a0                usb_get_dev_data_by_ep
 .text.usb_transfer_is_busy
                0x000000000002f1cc       0x16 zephyr/libzephyr.a(usb_transfer.c.obj)
                0x000000000002f1cc                usb_transfer_is_busy
 .text.cdc_interface_config
                0x000000000002f1e2       0x14 zephyr/libzephyr.a(cdc_acm.c.obj)
 .text.cdc_acm_irq_callback_work_handler
                0x000000000002f1f6        0xa zephyr/libzephyr.a(cdc_acm.c.obj)
 .text.cdc_acm_irq_tx_disable
                0x000000000002f200        0xa zephyr/libzephyr.a(cdc_acm.c.obj)
 .text.cdc_acm_irq_tx_ready
                0x000000000002f20a        0xe zephyr/libzephyr.a(cdc_acm.c.obj)
 .text.cdc_acm_irq_rx_disable
                0x000000000002f218        0xa zephyr/libzephyr.a(cdc_acm.c.obj)
 .text.cdc_acm_irq_rx_ready
                0x000000000002f222        0x8 zephyr/libzephyr.a(cdc_acm.c.obj)
 .text.cdc_acm_irq_is_pending
                0x000000000002f22a       0x1e zephyr/libzephyr.a(cdc_acm.c.obj)
 .text.cdc_acm_irq_update
                0x000000000002f248        0x4 zephyr/libzephyr.a(cdc_acm.c.obj)
 .text.cdc_acm_irq_callback_set
                0x000000000002f24c        0x8 zephyr/libzephyr.a(cdc_acm.c.obj)
 .text.cdc_acm_configure
                0x000000000002f254        0x4 zephyr/libzephyr.a(cdc_acm.c.obj)
 .text.cdc_acm_config_get
                0x000000000002f258       0x58 zephyr/libzephyr.a(cdc_acm.c.obj)
 .text.cdc_acm_fifo_read
                0x000000000002f2b0       0x54 zephyr/libzephyr.a(cdc_acm.c.obj)
 .text.cdc_acm_poll_in
                0x000000000002f304       0x12 zephyr/libzephyr.a(cdc_acm.c.obj)
 .text.abort_function
                0x000000000002f316        0x8 zephyr/libzephyr.a(nrf_cc3xx_platform_abort_zephyr.c.obj)
 .text.z_arm_fatal_error
                0x000000000002f31e        0x4 zephyr/arch/arch/arm/core/aarch32/libarch__arm__core__aarch32.a(fatal.c.obj)
                0x000000000002f31e                z_arm_fatal_error
 .text.z_do_kernel_oops
                0x000000000002f322        0x8 zephyr/arch/arch/arm/core/aarch32/libarch__arm__core__aarch32.a(fatal.c.obj)
                0x000000000002f322                z_do_kernel_oops
 .text.z_irq_spurious
                0x000000000002f32a        0x8 zephyr/arch/arch/arm/core/aarch32/libarch__arm__core__aarch32.a(irq_manage.c.obj)
                0x000000000002f32a                z_irq_spurious
 .text.z_arm_nmi
                0x000000000002f332        0xe zephyr/arch/arch/arm/core/aarch32/libarch__arm__core__aarch32.a(nmi.c.obj)
                0x000000000002f332                z_arm_nmi
 .text.strlen   0x000000000002f340        0xe zephyr/lib/libc/minimal/liblib__libc__minimal.a(string.c.obj)
                0x000000000002f340                strlen
 .text.strnlen  0x000000000002f34e       0x12 zephyr/lib/libc/minimal/liblib__libc__minimal.a(string.c.obj)
                0x000000000002f34e                strnlen
 .text.memcpy   0x000000000002f360       0x16 zephyr/lib/libc/minimal/liblib__libc__minimal.a(string.c.obj)
                0x000000000002f360                memcpy
 .text.memset   0x000000000002f376       0x12 zephyr/lib/libc/minimal/liblib__libc__minimal.a(string.c.obj)
                0x000000000002f376                memset
 .text._stdout_hook_default
                0x000000000002f388        0x6 zephyr/lib/libc/minimal/liblib__libc__minimal.a(stdout_console.c.obj)
 .text.pm_state_set
                0x000000000002f38e       0x18 zephyr/soc/arm/nordic_nrf/nrf52/libsoc__arm__nordic_nrf__nrf52.a(power.c.obj)
                0x000000000002f38e                pm_state_set
 .text.pm_state_exit_post_ops
                0x000000000002f3a6        0xc zephyr/soc/arm/nordic_nrf/nrf52/libsoc__arm__nordic_nrf__nrf52.a(power.c.obj)
                0x000000000002f3a6                pm_state_exit_post_ops
 .text.ep_ctx_reset
                0x000000000002f3b2       0x26 zephyr/drivers/usb/device/libdrivers__usb__device.a(usb_dc_nrfx.c.obj)
 .text.k_mutex_lock.constprop.0.isra.0
                0x000000000002f3d8        0x4 zephyr/drivers/usb/device/libdrivers__usb__device.a(usb_dc_nrfx.c.obj)
 .text.k_mutex_unlock.isra.0
                0x000000000002f3dc        0x4 zephyr/drivers/usb/device/libdrivers__usb__device.a(usb_dc_nrfx.c.obj)
 .text.usb_dc_ep_check_cap
                0x000000000002f3e0       0x30 zephyr/drivers/usb/device/libdrivers__usb__device.a(usb_dc_nrfx.c.obj)
                0x000000000002f3e0                usb_dc_ep_check_cap
 .text.usb_dc_ep_disable
                0x000000000002f410       0x32 zephyr/drivers/usb/device/libdrivers__usb__device.a(usb_dc_nrfx.c.obj)
                0x000000000002f410                usb_dc_ep_disable
 .text.usb_dc_ep_read
                0x000000000002f442       0x1e zephyr/drivers/usb/device/libdrivers__usb__device.a(usb_dc_nrfx.c.obj)
                0x000000000002f442                usb_dc_ep_read
 .text.get_status
                0x000000000002f460       0x12 zephyr/drivers/clock_control/libdrivers__clock_control.a(clock_control_nrf.c.obj)
 .text.set_on_state
                0x000000000002f472       0x26 zephyr/drivers/clock_control/libdrivers__clock_control.a(clock_control_nrf.c.obj)
 .text.stop     0x000000000002f498       0x54 zephyr/drivers/clock_control/libdrivers__clock_control.a(clock_control_nrf.c.obj)
 .text.api_stop
                0x000000000002f4ec        0x6 zephyr/drivers/clock_control/libdrivers__clock_control.a(clock_control_nrf.c.obj)
 .text.async_start
                0x000000000002f4f2       0x5e zephyr/drivers/clock_control/libdrivers__clock_control.a(clock_control_nrf.c.obj)
 .text.api_start
                0x000000000002f550        0xe zephyr/drivers/clock_control/libdrivers__clock_control.a(clock_control_nrf.c.obj)
 .text.onoff_started_callback
                0x000000000002f55e       0x12 zephyr/drivers/clock_control/libdrivers__clock_control.a(clock_control_nrf.c.obj)
 .text.lfclk_start
                0x000000000002f570        0x6 zephyr/drivers/clock_control/libdrivers__clock_control.a(clock_control_nrf.c.obj)
 .text.lfclk_stop
                0x000000000002f576        0x6 zephyr/drivers/clock_control/libdrivers__clock_control.a(clock_control_nrf.c.obj)
 .text.blocking_start_callback
                0x000000000002f57c        0x6 zephyr/drivers/clock_control/libdrivers__clock_control.a(clock_control_nrf.c.obj)
 .text.gpio_nrfx_port_get_raw
                0x000000000002f582        0xe zephyr/drivers/gpio/libdrivers__gpio.a(gpio_nrfx.c.obj)
 .text.gpio_nrfx_port_set_masked_raw
                0x000000000002f590       0x18 zephyr/drivers/gpio/libdrivers__gpio.a(gpio_nrfx.c.obj)
 .text.gpio_nrfx_port_set_bits_raw
                0x000000000002f5a8        0xc zephyr/drivers/gpio/libdrivers__gpio.a(gpio_nrfx.c.obj)
 .text.gpio_nrfx_port_clear_bits_raw
                0x000000000002f5b4        0xc zephyr/drivers/gpio/libdrivers__gpio.a(gpio_nrfx.c.obj)
 .text.gpio_nrfx_port_toggle_bits
                0x000000000002f5c0       0x1a zephyr/drivers/gpio/libdrivers__gpio.a(gpio_nrfx.c.obj)
 .text.gpio_nrfx_manage_callback
                0x000000000002f5da       0x52 zephyr/drivers/gpio/libdrivers__gpio.a(gpio_nrfx.c.obj)
 .text.z_impl_hwinfo_get_device_id
                0x000000000002f62c       0x28 zephyr/drivers/hwinfo/libdrivers__hwinfo.a(hwinfo_nrf.c.obj)
                0x000000000002f62c                z_impl_hwinfo_get_device_id
 .text.pinctrl_lookup_state
                0x000000000002f654       0x26 zephyr/drivers/pinctrl/libdrivers__pinctrl.a(common.c.obj)
                0x000000000002f654                pinctrl_lookup_state
 .text.regulator_common_data_init
                0x000000000002f67a       0x10 zephyr/drivers/regulator/libdrivers__regulator.a(regulator_common.c.obj)
                0x000000000002f67a                regulator_common_data_init
 .text.regulator_is_enabled
                0x000000000002f68a       0x30 zephyr/drivers/regulator/libdrivers__regulator.a(regulator_common.c.obj)
                0x000000000002f68a                regulator_is_enabled
 .text.regulator_set_voltage
                0x000000000002f6ba       0x28 zephyr/drivers/regulator/libdrivers__regulator.a(regulator_common.c.obj)
                0x000000000002f6ba                regulator_set_voltage
 .text.regulator_set_mode
                0x000000000002f6e2       0x3c zephyr/drivers/regulator/libdrivers__regulator.a(regulator_common.c.obj)
                0x000000000002f6e2                regulator_set_mode
 .text.regulator_common_init
                0x000000000002f71e       0xa6 zephyr/drivers/regulator/libdrivers__regulator.a(regulator_common.c.obj)
                0x000000000002f71e                regulator_common_init
 .text.gpio_pin_set
                0x000000000002f7c4       0x20 zephyr/drivers/regulator/libdrivers__regulator.a(regulator_fixed.c.obj)
 .text.regulator_fixed_init
                0x000000000002f7e4       0x76 zephyr/drivers/regulator/libdrivers__regulator.a(regulator_fixed.c.obj)
 .text.regulator_fixed_disable
                0x000000000002f85a        0xe zephyr/drivers/regulator/libdrivers__regulator.a(regulator_fixed.c.obj)
 .text.uarte_nrfx_config_get
                0x000000000002f868       0x10 zephyr/drivers/serial/libdrivers__serial.a(uart_nrfx_uarte.c.obj)
 .text.uarte_nrfx_err_check
                0x000000000002f878        0xe zephyr/drivers/serial/libdrivers__serial.a(uart_nrfx_uarte.c.obj)
 .text.tx_start
                0x000000000002f886       0x3e zephyr/drivers/serial/libdrivers__serial.a(uart_nrfx_uarte.c.obj)
 .text.uarte_nrfx_poll_in
                0x000000000002f8c4       0x28 zephyr/drivers/serial/libdrivers__serial.a(uart_nrfx_uarte.c.obj)
 .text.uarte_nrfx_fifo_read
                0x000000000002f8ec       0x2e zephyr/drivers/serial/libdrivers__serial.a(uart_nrfx_uarte.c.obj)
 .text.uarte_nrfx_irq_tx_enable
                0x000000000002f91a       0x2e zephyr/drivers/serial/libdrivers__serial.a(uart_nrfx_uarte.c.obj)
 .text.uarte_nrfx_irq_tx_disable
                0x000000000002f948        0xa zephyr/drivers/serial/libdrivers__serial.a(uart_nrfx_uarte.c.obj)
 .text.uarte_nrfx_irq_tx_ready_complete
                0x000000000002f952       0x2a zephyr/drivers/serial/libdrivers__serial.a(uart_nrfx_uarte.c.obj)
 .text.uarte_nrfx_irq_rx_ready
                0x000000000002f97c       0x10 zephyr/drivers/serial/libdrivers__serial.a(uart_nrfx_uarte.c.obj)
 .text.uarte_nrfx_irq_rx_enable
                0x000000000002f98c        0xc zephyr/drivers/serial/libdrivers__serial.a(uart_nrfx_uarte.c.obj)
 .text.uarte_nrfx_irq_rx_disable
                0x000000000002f998        0xc zephyr/drivers/serial/libdrivers__serial.a(uart_nrfx_uarte.c.obj)
 .text.uarte_nrfx_irq_err_enable
                0x000000000002f9a4        0xe zephyr/drivers/serial/libdrivers__serial.a(uart_nrfx_uarte.c.obj)
 .text.uarte_nrfx_irq_err_disable
                0x000000000002f9b2        0xe zephyr/drivers/serial/libdrivers__serial.a(uart_nrfx_uarte.c.obj)
 .text.uarte_nrfx_irq_is_pending
                0x000000000002f9c0       0x36 zephyr/drivers/serial/libdrivers__serial.a(uart_nrfx_uarte.c.obj)
 .text.uarte_nrfx_irq_update
                0x000000000002f9f6        0x4 zephyr/drivers/serial/libdrivers__serial.a(uart_nrfx_uarte.c.obj)
 .text.uarte_nrfx_irq_callback_set
                0x000000000002f9fa        0xc zephyr/drivers/serial/libdrivers__serial.a(uart_nrfx_uarte.c.obj)
 .text.is_tx_ready.isra.0
                0x000000000002fa06       0x20 zephyr/drivers/serial/libdrivers__serial.a(uart_nrfx_uarte.c.obj)
 .text.uarte_nrfx_fifo_fill
                0x000000000002fa26       0x78 zephyr/drivers/serial/libdrivers__serial.a(uart_nrfx_uarte.c.obj)
 .text.uarte_nrfx_isr_int
                0x000000000002fa9e       0xc0 zephyr/drivers/serial/libdrivers__serial.a(uart_nrfx_uarte.c.obj)
 .text.sys_clock_idle_exit
                0x000000000002fb5e        0x2 zephyr/drivers/timer/libdrivers__timer.a(sys_clock_init.c.obj)
                0x000000000002fb5e                sys_clock_idle_exit
 .text.event_clear
                0x000000000002fb60       0x18 zephyr/drivers/timer/libdrivers__timer.a(nrf_rtc_timer.c.obj)
 .text.k_sys_fatal_error_handler
                0x000000000002fb78        0x8 modules/nrf/lib/fatal_error/lib..__nrf__lib__fatal_error.a(fatal_error.c.obj)
                0x000000000002fb78                k_sys_fatal_error_handler
 .text.hw_cc3xx_init_internal
                0x000000000002fb80        0x4 modules/nrf/drivers/hw_cc310/lib..__nrf__drivers__hw_cc310.a(hw_cc310.c.obj)
 .text.hw_cc3xx_init
                0x000000000002fb84       0x12 modules/nrf/drivers/hw_cc310/lib..__nrf__drivers__hw_cc310.a(hw_cc310.c.obj)
 .text.nrfx_isr
                0x000000000002fb96        0x2 modules/hal_nordic/nrfx/libmodules__hal_nordic__nrfx.a(nrfx_glue.c.obj)
                0x000000000002fb96                nrfx_isr
 .text.nrfx_busy_wait
                0x000000000002fb98        0x4 modules/hal_nordic/nrfx/libmodules__hal_nordic__nrfx.a(nrfx_glue.c.obj)
                0x000000000002fb98                nrfx_busy_wait
 .text.nrfx_clock_start
                0x000000000002fb9c       0x78 modules/hal_nordic/nrfx/libmodules__hal_nordic__nrfx.a(nrfx_clock.c.obj)
                0x000000000002fb9c                nrfx_clock_start
 .text.nrfx_clock_stop
                0x000000000002fc14        0x4 modules/hal_nordic/nrfx/libmodules__hal_nordic__nrfx.a(nrfx_clock.c.obj)
                0x000000000002fc14                nrfx_clock_stop
 .text.nrf_gpio_reconfigure
                0x000000000002fc18       0x92 modules/hal_nordic/nrfx/libmodules__hal_nordic__nrfx.a(nrfx_gpiote.c.obj)
 .text.nrf_gpio_cfg_sense_set
                0x000000000002fcaa       0x1e modules/hal_nordic/nrfx/libmodules__hal_nordic__nrfx.a(nrfx_gpiote.c.obj)
 .text.nrf_power_event_get_and_clear.constprop.0
                0x000000000002fcc8       0x18 modules/hal_nordic/nrfx/libmodules__hal_nordic__nrfx.a(nrfx_power.c.obj)
 .text.nrfx_power_usbevt_enable
                0x000000000002fce0        0xe modules/hal_nordic/nrfx/libmodules__hal_nordic__nrfx.a(nrfx_power.c.obj)
                0x000000000002fce0                nrfx_power_usbevt_enable
 .text.nrfx_power_usbevt_disable
                0x000000000002fcee        0xe modules/hal_nordic/nrfx/libmodules__hal_nordic__nrfx.a(nrfx_power.c.obj)
                0x000000000002fcee                nrfx_power_usbevt_disable
 .text.nrfx_power_clock_irq_handler
                0x000000000002fcfc        0xe modules/hal_nordic/nrfx/libmodules__hal_nordic__nrfx.a(nrfx_power.c.obj)
                0x000000000002fcfc                nrfx_power_clock_irq_handler
 .text.nrfx_usbd_consumer
                0x000000000002fd0a       0x32 modules/hal_nordic/nrfx/libmodules__hal_nordic__nrfx.a(nrfx_usbd.c.obj)
                0x000000000002fd0a                nrfx_usbd_consumer
 .text.nrfx_usbd_feeder_ram
                0x000000000002fd3c       0x22 modules/hal_nordic/nrfx/libmodules__hal_nordic__nrfx.a(nrfx_usbd.c.obj)
                0x000000000002fd3c                nrfx_usbd_feeder_ram
 .text.nrfx_usbd_feeder_ram_zlp
                0x000000000002fd5e       0x28 modules/hal_nordic/nrfx/libmodules__hal_nordic__nrfx.a(nrfx_usbd.c.obj)
                0x000000000002fd5e                nrfx_usbd_feeder_ram_zlp
 .text.ep2bit   0x000000000002fd86       0x10 modules/hal_nordic/nrfx/libmodules__hal_nordic__nrfx.a(nrfx_usbd.c.obj)
 .text.ev_started_handler
                0x000000000002fd96        0x2 modules/hal_nordic/nrfx/libmodules__hal_nordic__nrfx.a(nrfx_usbd.c.obj)
 .text.nrf_usbd_epin_dma_handler
                0x000000000002fd98       0x30 modules/hal_nordic/nrfx/libmodules__hal_nordic__nrfx.a(nrfx_usbd.c.obj)
 .text.ev_dma_epin7_handler
                0x000000000002fdc8        0x6 modules/hal_nordic/nrfx/libmodules__hal_nordic__nrfx.a(nrfx_usbd.c.obj)
 .text.ev_dma_epin6_handler
                0x000000000002fdce        0x6 modules/hal_nordic/nrfx/libmodules__hal_nordic__nrfx.a(nrfx_usbd.c.obj)
 .text.ev_dma_epin5_handler
                0x000000000002fdd4        0x6 modules/hal_nordic/nrfx/libmodules__hal_nordic__nrfx.a(nrfx_usbd.c.obj)
 .text.ev_dma_epin4_handler
                0x000000000002fdda        0x6 modules/hal_nordic/nrfx/libmodules__hal_nordic__nrfx.a(nrfx_usbd.c.obj)
 .text.ev_dma_epin3_handler
                0x000000000002fde0        0x6 modules/hal_nordic/nrfx/libmodules__hal_nordic__nrfx.a(nrfx_usbd.c.obj)
 .text.ev_dma_epin2_handler
                0x000000000002fde6        0x6 modules/hal_nordic/nrfx/libmodules__hal_nordic__nrfx.a(nrfx_usbd.c.obj)
 .text.ev_dma_epin1_handler
                0x000000000002fdec        0x6 modules/hal_nordic/nrfx/libmodules__hal_nordic__nrfx.a(nrfx_usbd.c.obj)
 .text.ev_dma_epin0_handler
                0x000000000002fdf2        0x4 modules/hal_nordic/nrfx/libmodules__hal_nordic__nrfx.a(nrfx_usbd.c.obj)
 .text.nrfx_usbd_ep_max_packet_size_set
                0x000000000002fdf6        0xa modules/hal_nordic/nrfx/libmodules__hal_nordic__nrfx.a(nrfx_usbd.c.obj)
                0x000000000002fdf6                nrfx_usbd_ep_max_packet_size_set
 .text.nrfx_usbd_ep_status_get
                0x000000000002fe00       0x2e modules/hal_nordic/nrfx/libmodules__hal_nordic__nrfx.a(nrfx_usbd.c.obj)
                0x000000000002fe00                nrfx_usbd_ep_status_get
 .text.ev_dma_epout7_handler
                0x000000000002fe2e        0x6 modules/hal_nordic/nrfx/libmodules__hal_nordic__nrfx.a(nrfx_usbd.c.obj)
 .text.ev_dma_epout6_handler
                0x000000000002fe34        0x6 modules/hal_nordic/nrfx/libmodules__hal_nordic__nrfx.a(nrfx_usbd.c.obj)
 .text.ev_dma_epout5_handler
                0x000000000002fe3a        0x6 modules/hal_nordic/nrfx/libmodules__hal_nordic__nrfx.a(nrfx_usbd.c.obj)
 .text.ev_dma_epout4_handler
                0x000000000002fe40        0x6 modules/hal_nordic/nrfx/libmodules__hal_nordic__nrfx.a(nrfx_usbd.c.obj)
 .text.ev_dma_epout3_handler
                0x000000000002fe46        0x6 modules/hal_nordic/nrfx/libmodules__hal_nordic__nrfx.a(nrfx_usbd.c.obj)
 .text.ev_dma_epout2_handler
                0x000000000002fe4c        0x6 modules/hal_nordic/nrfx/libmodules__hal_nordic__nrfx.a(nrfx_usbd.c.obj)
 .text.ev_dma_epout1_handler
                0x000000000002fe52        0x6 modules/hal_nordic/nrfx/libmodules__hal_nordic__nrfx.a(nrfx_usbd.c.obj)
 .text.nrfx_usbd_ep_abort
                0x000000000002fe58        0x4 modules/hal_nordic/nrfx/libmodules__hal_nordic__nrfx.a(nrfx_usbd.c.obj)
                0x000000000002fe58                nrfx_usbd_ep_abort
 .text.z_device_state_init
                0x000000000002fe5c        0x2 zephyr/kernel/libkernel.a(device.c.obj)
                0x000000000002fe5c                z_device_state_init
 .text.z_device_is_ready
                0x000000000002fe5e       0x16 zephyr/kernel/libkernel.a(device.c.obj)
                0x000000000002fe5e                z_device_is_ready
 .text.z_fatal_error
                0x000000000002fe74       0x36 zephyr/kernel/libkernel.a(fatal.c.obj)
                0x000000000002fe74                z_fatal_error
 .text.z_early_memset
                0x000000000002feaa        0x4 zephyr/kernel/libkernel.a(init.c.obj)
                0x000000000002feaa                z_early_memset
 .text.z_early_memcpy
                0x000000000002feae        0x4 zephyr/kernel/libkernel.a(init.c.obj)
                0x000000000002feae                z_early_memcpy
 .text.create_free_list
                0x000000000002feb2       0x2c zephyr/kernel/libkernel.a(mem_slab.c.obj)
 .text.k_mem_slab_init
                0x000000000002fede       0x1c zephyr/kernel/libkernel.a(mem_slab.c.obj)
                0x000000000002fede                k_mem_slab_init
 .text.k_mem_slab_free
                0x000000000002fefa       0x52 zephyr/kernel/libkernel.a(mem_slab.c.obj)
                0x000000000002fefa                k_mem_slab_free
 .text.k_is_in_isr
                0x000000000002ff4c        0xc zephyr/kernel/libkernel.a(thread.c.obj)
                0x000000000002ff4c                k_is_in_isr
 .text.z_impl_k_thread_name_set
                0x000000000002ff58        0x6 zephyr/kernel/libkernel.a(thread.c.obj)
                0x000000000002ff58                z_impl_k_thread_name_set
 .text.z_impl_k_thread_start
                0x000000000002ff5e        0x4 zephyr/kernel/libkernel.a(thread.c.obj)
                0x000000000002ff5e                z_impl_k_thread_start
 .text.z_pm_save_idle_exit
                0x000000000002ff62        0xe zephyr/kernel/libkernel.a(idle.c.obj)
                0x000000000002ff62                z_pm_save_idle_exit
 .text.adjust_owner_prio.isra.0
                0x000000000002ff70       0x10 zephyr/kernel/libkernel.a(mutex.c.obj)
 .text.z_impl_k_mutex_init
                0x000000000002ff80        0xe zephyr/kernel/libkernel.a(mutex.c.obj)
                0x000000000002ff80                z_impl_k_mutex_init
 .text.queue_insert
                0x000000000002ff8e       0xc4 zephyr/kernel/libkernel.a(queue.c.obj)
 .text.z_queue_node_peek
                0x0000000000030052       0x18 zephyr/kernel/libkernel.a(queue.c.obj)
                0x0000000000030052                z_queue_node_peek
 .text.k_queue_append
                0x000000000003006a       0x16 zephyr/kernel/libkernel.a(queue.c.obj)
                0x000000000003006a                k_queue_append
 .text.z_impl_k_sem_init
                0x0000000000030080       0x18 zephyr/kernel/libkernel.a(sem.c.obj)
                0x0000000000030080                z_impl_k_sem_init
 .text.flag_test_and_clear
                0x0000000000030098       0x16 zephyr/kernel/libkernel.a(work.c.obj)
 .text.notify_queue_locked.isra.0
                0x00000000000300ae        0xe zephyr/kernel/libkernel.a(work.c.obj)
 .text.work_timeout
                0x00000000000300bc       0x3e zephyr/kernel/libkernel.a(work.c.obj)
 .text.k_work_init
                0x00000000000300fa       0x12 zephyr/kernel/libkernel.a(work.c.obj)
                0x00000000000300fa                k_work_init
 .text.z_work_submit_to_queue
                0x000000000003010c       0x28 zephyr/kernel/libkernel.a(work.c.obj)
                0x000000000003010c                z_work_submit_to_queue
 .text.k_work_submit_to_queue
                0x0000000000030134       0x22 zephyr/kernel/libkernel.a(work.c.obj)
                0x0000000000030134                k_work_submit_to_queue
 .text.k_work_init_delayable
                0x0000000000030156       0x18 zephyr/kernel/libkernel.a(work.c.obj)
                0x0000000000030156                k_work_init_delayable
 .text.sys_dlist_remove
                0x000000000003016e       0x10 zephyr/kernel/libkernel.a(sched.c.obj)
 .text.unpend_thread_no_timeout
                0x000000000003017e       0x14 zephyr/kernel/libkernel.a(sched.c.obj)
 .text.add_to_waitq_locked
                0x0000000000030192       0x50 zephyr/kernel/libkernel.a(sched.c.obj)
 .text.z_ready_thread
                0x00000000000301e2       0x20 zephyr/kernel/libkernel.a(sched.c.obj)
                0x00000000000301e2                z_ready_thread
 .text.z_sched_wake_thread
                0x0000000000030202       0x44 zephyr/kernel/libkernel.a(sched.c.obj)
                0x0000000000030202                z_sched_wake_thread
 .text.z_thread_timeout
                0x0000000000030246        0x8 zephyr/kernel/libkernel.a(sched.c.obj)
                0x0000000000030246                z_thread_timeout
 .text.z_unpend_first_thread
                0x000000000003024e       0x38 zephyr/kernel/libkernel.a(sched.c.obj)
                0x000000000003024e                z_unpend_first_thread
 .text.z_unpend_thread
                0x0000000000030286       0x30 zephyr/kernel/libkernel.a(sched.c.obj)
                0x0000000000030286                z_unpend_thread
 .text.z_reschedule_irqlock
                0x00000000000302b6       0x18 zephyr/kernel/libkernel.a(sched.c.obj)
                0x00000000000302b6                z_reschedule_irqlock
 .text.z_reschedule_unlocked
                0x00000000000302ce       0x14 zephyr/kernel/libkernel.a(sched.c.obj)
 .text.z_unpend_all
                0x00000000000302e2       0x20 zephyr/kernel/libkernel.a(sched.c.obj)
                0x00000000000302e2                z_unpend_all
 .text.z_sched_wake
                0x0000000000030302       0x46 zephyr/kernel/libkernel.a(sched.c.obj)
                0x0000000000030302                z_sched_wake
 .text.z_abort_timeout
                0x0000000000030348       0x2c zephyr/kernel/libkernel.a(timeout.c.obj)
                0x0000000000030348                z_abort_timeout
 .text.z_get_next_timeout_expiry
                0x0000000000030374       0x20 zephyr/kernel/libkernel.a(timeout.c.obj)
                0x0000000000030374                z_get_next_timeout_expiry
 .text.sys_clock_tick_get_32
                0x0000000000030394        0x8 zephyr/kernel/libkernel.a(timeout.c.obj)
                0x0000000000030394                sys_clock_tick_get_32
 .text.z_impl_k_busy_wait
                0x000000000003039c        0x8 zephyr/kernel/libkernel.a(timeout.c.obj)
                0x000000000003039c                z_impl_k_busy_wait
 .text.sys_clock_timeout_end_calc
                0x00000000000303a4       0x44 zephyr/kernel/libkernel.a(timeout.c.obj)
                0x00000000000303a4                sys_clock_timeout_end_calc
 .text.k_free   0x00000000000303e8        0xe zephyr/kernel/libkernel.a(mempool.c.obj)
                0x00000000000303e8                k_free
 .text.k_heap_init
                0x00000000000303f6       0x10 zephyr/kernel/libkernel.a(kheap.c.obj)
                0x00000000000303f6                k_heap_init
 .text.k_heap_aligned_alloc
                0x0000000000030406       0x9a zephyr/kernel/libkernel.a(kheap.c.obj)
                0x0000000000030406                k_heap_aligned_alloc
 .text.k_heap_free
                0x00000000000304a0       0x3a zephyr/kernel/libkernel.a(kheap.c.obj)
                0x00000000000304a0                k_heap_free
 .text._OffsetAbsSyms
                0x00000000000304da        0x2 zephyr/CMakeFiles/offsets.dir/./arch/arm/core/offsets/offsets.c.obj
                0x00000000000304da                _OffsetAbsSyms
 *(SORT_BY_ALIGNMENT(.TEXT.*))
 *(SORT_BY_ALIGNMENT(.gnu.linkonce.t.*))
 *(SORT_BY_ALIGNMENT(.glue_7t))
 .glue_7t       0x00000000000304dc        0x0 linker stubs
 *(SORT_BY_ALIGNMENT(.glue_7))
 .glue_7        0x00000000000304dc        0x0 linker stubs
 *(SORT_BY_ALIGNMENT(.vfp11_veneer))
 .vfp11_veneer  0x00000000000304dc        0x0 linker stubs
 *(SORT_BY_ALIGNMENT(.v4_bx))
 .v4_bx         0x00000000000304dc        0x0 linker stubs
                0x00000000000304dc                . = ALIGN (0x4)
                0x00000000000304dc                __text_region_end = .

.ARM.exidx      0x00000000000304dc        0x8
                0x00000000000304dc                __exidx_start = .
 *(SORT_BY_ALIGNMENT(.ARM.exidx*) SORT_BY_ALIGNMENT(gnu.linkonce.armexidx.*))
 .ARM.exidx     0x00000000000304dc        0x8 c:/ncs/toolchains/31f4403e35/opt/zephyr-sdk/arm-zephyr-eabi/bin/../lib/gcc/arm-zephyr-eabi/12.2.0/thumb/v7e-m/nofp\libgcc.a(_udivmoddi4.o)
                0x00000000000304e4                __exidx_end = .
                0x00000000000304e4                __rodata_region_start = .

initlevel       0x00000000000304e4       0x88
                0x00000000000304e4                __init_start = .
                0x00000000000304e4                __init_EARLY_start = .
 *(SORT_BY_NAME(SORT_BY_ALIGNMENT(.z_init_EARLY[0-9]_*)))
 *(SORT_BY_NAME(SORT_BY_ALIGNMENT(.z_init_EARLY[1-9][0-9]_*)))
                0x00000000000304e4                __init_PRE_KERNEL_1_start = .
 *(SORT_BY_NAME(SORT_BY_ALIGNMENT(.z_init_PRE_KERNEL_1[0-9]_*)))
 .z_init_PRE_KERNEL_10_
                0x00000000000304e4        0x8 zephyr/soc/arm/nordic_nrf/nrf52/libsoc__arm__nordic_nrf__nrf52.a(soc.c.obj)
 *(SORT_BY_NAME(SORT_BY_ALIGNMENT(.z_init_PRE_KERNEL_1[1-9][0-9]_*)))
 .z_init_PRE_KERNEL_130_
                0x00000000000304ec        0x8 zephyr/drivers/clock_control/libdrivers__clock_control.a(clock_control_nrf.c.obj)
 .z_init_PRE_KERNEL_130_
                0x00000000000304f4        0x8 zephyr/kernel/libkernel.a(mem_slab.c.obj)
 .z_init_PRE_KERNEL_130_
                0x00000000000304fc        0x8 zephyr/kernel/libkernel.a(kheap.c.obj)
 .z_init_PRE_KERNEL_140_
                0x0000000000030504       0x10 zephyr/drivers/gpio/libdrivers__gpio.a(gpio_nrfx.c.obj)
 .z_init_PRE_KERNEL_140_
                0x0000000000030514        0x8 modules/nrf/drivers/hw_cc310/lib..__nrf__drivers__hw_cc310.a(hw_cc310.c.obj)
 .z_init_PRE_KERNEL_155_
                0x000000000003051c        0x8 zephyr/libzephyr.a(cdc_acm.c.obj)
 .z_init_PRE_KERNEL_155_
                0x0000000000030524        0x8 zephyr/drivers/serial/libdrivers__serial.a(uart_nrfx_uarte.c.obj)
 .z_init_PRE_KERNEL_160_
                0x000000000003052c        0x8 zephyr/drivers/console/libdrivers__console.a(uart_console.c.obj)
                0x0000000000030534                __init_PRE_KERNEL_2_start = .
 *(SORT_BY_NAME(SORT_BY_ALIGNMENT(.z_init_PRE_KERNEL_2[0-9]_*)))
 .z_init_PRE_KERNEL_20_
                0x0000000000030534        0x8 zephyr/drivers/timer/libdrivers__timer.a(nrf_rtc_timer.c.obj)
 *(SORT_BY_NAME(SORT_BY_ALIGNMENT(.z_init_PRE_KERNEL_2[1-9][0-9]_*)))